Archive member included to satisfy reference by file (symbol)

E:/master_WHU/voltage_control/02volt_ctrl_software/software/volt_ctrl_bsp/\libhal_bsp.a(alt_iic.o)
                              obj/default/src/spi.o (alt_ic_isr_register)
E:/master_WHU/voltage_control/02volt_ctrl_software/software/volt_ctrl_bsp/\libhal_bsp.a(alt_iic_isr_register.o)
                              E:/master_WHU/voltage_control/02volt_ctrl_software/software/volt_ctrl_bsp/\libhal_bsp.a(alt_iic.o) (alt_iic_isr_register)
E:/master_WHU/voltage_control/02volt_ctrl_software/software/volt_ctrl_bsp/\libhal_bsp.a(alt_irq_entry.o)
                              E:/master_WHU/voltage_control/02volt_ctrl_software/software/volt_ctrl_bsp/\libhal_bsp.a(alt_iic_isr_register.o) (alt_irq_entry)
E:/master_WHU/voltage_control/02volt_ctrl_software/software/volt_ctrl_bsp/\libhal_bsp.a(alt_irq_handler.o)
                              E:/master_WHU/voltage_control/02volt_ctrl_software/software/volt_ctrl_bsp/\libhal_bsp.a(alt_iic_isr_register.o) (alt_irq)
E:/master_WHU/voltage_control/02volt_ctrl_software/software/volt_ctrl_bsp/\libhal_bsp.a(alt_irq_vars.o)
                              E:/master_WHU/voltage_control/02volt_ctrl_software/software/volt_ctrl_bsp/\libhal_bsp.a(alt_iic.o) (alt_irq_active)
E:/master_WHU/voltage_control/02volt_ctrl_software/software/volt_ctrl_bsp/\libhal_bsp.a(alt_load.o)
                              E:/master_WHU/voltage_control/02volt_ctrl_software/software/volt_ctrl_bsp//obj/HAL/src/crt0.o (alt_load)
E:/master_WHU/voltage_control/02volt_ctrl_software/software/volt_ctrl_bsp/\libhal_bsp.a(alt_main.o)
                              E:/master_WHU/voltage_control/02volt_ctrl_software/software/volt_ctrl_bsp//obj/HAL/src/crt0.o (alt_main)
E:/master_WHU/voltage_control/02volt_ctrl_software/software/volt_ctrl_bsp/\libhal_bsp.a(alt_usleep.o)
                              obj/default/src/spi.o (usleep)
E:/master_WHU/voltage_control/02volt_ctrl_software/software/volt_ctrl_bsp/\libhal_bsp.a(alt_sys_init.o)
                              E:/master_WHU/voltage_control/02volt_ctrl_software/software/volt_ctrl_bsp/\libhal_bsp.a(alt_main.o) (alt_irq_init)
E:/master_WHU/voltage_control/02volt_ctrl_software/software/volt_ctrl_bsp/\libhal_bsp.a(altera_avalon_jtag_uart_fd.o)
                              E:/master_WHU/voltage_control/02volt_ctrl_software/software/volt_ctrl_bsp/\libhal_bsp.a(alt_sys_init.o) (altera_avalon_jtag_uart_read_fd)
E:/master_WHU/voltage_control/02volt_ctrl_software/software/volt_ctrl_bsp/\libhal_bsp.a(altera_avalon_jtag_uart_read.o)
                              E:/master_WHU/voltage_control/02volt_ctrl_software/software/volt_ctrl_bsp/\libhal_bsp.a(altera_avalon_jtag_uart_fd.o) (altera_avalon_jtag_uart_read)
E:/master_WHU/voltage_control/02volt_ctrl_software/software/volt_ctrl_bsp/\libhal_bsp.a(altera_avalon_jtag_uart_write.o)
                              E:/master_WHU/voltage_control/02volt_ctrl_software/software/volt_ctrl_bsp/\libhal_bsp.a(altera_avalon_jtag_uart_fd.o) (altera_avalon_jtag_uart_write)
E:/master_WHU/voltage_control/02volt_ctrl_software/software/volt_ctrl_bsp/\libhal_bsp.a(altera_avalon_spi.o)
                              obj/default/src/spi.o (alt_avalon_spi_command)
E:/master_WHU/voltage_control/02volt_ctrl_software/software/volt_ctrl_bsp/\libhal_bsp.a(altera_avalon_uart_fd.o)
                              E:/master_WHU/voltage_control/02volt_ctrl_software/software/volt_ctrl_bsp/\libhal_bsp.a(alt_sys_init.o) (altera_avalon_uart_read_fd)
E:/master_WHU/voltage_control/02volt_ctrl_software/software/volt_ctrl_bsp/\libhal_bsp.a(altera_avalon_uart_read.o)
                              E:/master_WHU/voltage_control/02volt_ctrl_software/software/volt_ctrl_bsp/\libhal_bsp.a(altera_avalon_uart_fd.o) (altera_avalon_uart_read)
E:/master_WHU/voltage_control/02volt_ctrl_software/software/volt_ctrl_bsp/\libhal_bsp.a(altera_avalon_uart_write.o)
                              E:/master_WHU/voltage_control/02volt_ctrl_software/software/volt_ctrl_bsp/\libhal_bsp.a(altera_avalon_uart_fd.o) (altera_avalon_uart_write)
E:/master_WHU/voltage_control/02volt_ctrl_software/software/volt_ctrl_bsp/\libhal_bsp.a(alt_busy_sleep.o)
                              E:/master_WHU/voltage_control/02volt_ctrl_software/software/volt_ctrl_bsp/\libhal_bsp.a(alt_usleep.o) (alt_busy_sleep)
E:/master_WHU/voltage_control/02volt_ctrl_software/software/volt_ctrl_bsp/\libhal_bsp.a(alt_close.o)
                              E:/master_WHU/voltage_control/02volt_ctrl_software/software/volt_ctrl_bsp/\libhal_bsp.a(alt_main.o) (close)
E:/master_WHU/voltage_control/02volt_ctrl_software/software/volt_ctrl_bsp/\libhal_bsp.a(alt_dcache_flush_all.o)
                              E:/master_WHU/voltage_control/02volt_ctrl_software/software/volt_ctrl_bsp/\libhal_bsp.a(alt_load.o) (alt_dcache_flush_all)
E:/master_WHU/voltage_control/02volt_ctrl_software/software/volt_ctrl_bsp/\libhal_bsp.a(alt_dev.o)
                              E:/master_WHU/voltage_control/02volt_ctrl_software/software/volt_ctrl_bsp/\libhal_bsp.a(alt_sys_init.o) (alt_dev_list)
E:/master_WHU/voltage_control/02volt_ctrl_software/software/volt_ctrl_bsp/\libhal_bsp.a(alt_dev_llist_insert.o)
                              E:/master_WHU/voltage_control/02volt_ctrl_software/software/volt_ctrl_bsp/\libhal_bsp.a(alt_sys_init.o) (alt_dev_llist_insert)
E:/master_WHU/voltage_control/02volt_ctrl_software/software/volt_ctrl_bsp/\libhal_bsp.a(alt_errno.o)
                              E:/master_WHU/voltage_control/02volt_ctrl_software/software/volt_ctrl_bsp/\libhal_bsp.a(altera_avalon_uart_read.o) (alt_errno)
E:/master_WHU/voltage_control/02volt_ctrl_software/software/volt_ctrl_bsp/\libhal_bsp.a(alt_exception_entry.o)
                              E:/master_WHU/voltage_control/02volt_ctrl_software/software/volt_ctrl_bsp/\libhal_bsp.a(alt_irq_entry.o) (alt_exception)
E:/master_WHU/voltage_control/02volt_ctrl_software/software/volt_ctrl_bsp/\libhal_bsp.a(alt_exit.o)
                              E:/master_WHU/voltage_control/02volt_ctrl_software/software/volt_ctrl_bsp/\libhal_bsp.a(alt_main.o) (_exit)
E:/master_WHU/voltage_control/02volt_ctrl_software/software/volt_ctrl_bsp/\libhal_bsp.a(alt_icache_flush_all.o)
                              E:/master_WHU/voltage_control/02volt_ctrl_software/software/volt_ctrl_bsp/\libhal_bsp.a(alt_load.o) (alt_icache_flush_all)
E:/master_WHU/voltage_control/02volt_ctrl_software/software/volt_ctrl_bsp/\libhal_bsp.a(alt_instruction_exception_entry.o)
                              E:/master_WHU/voltage_control/02volt_ctrl_software/software/volt_ctrl_bsp/\libhal_bsp.a(alt_exception_entry.o) (alt_instruction_exception_entry)
E:/master_WHU/voltage_control/02volt_ctrl_software/software/volt_ctrl_bsp/\libhal_bsp.a(alt_io_redirect.o)
                              E:/master_WHU/voltage_control/02volt_ctrl_software/software/volt_ctrl_bsp/\libhal_bsp.a(alt_main.o) (alt_io_redirect)
E:/master_WHU/voltage_control/02volt_ctrl_software/software/volt_ctrl_bsp/\libhal_bsp.a(alt_open.o)
                              E:/master_WHU/voltage_control/02volt_ctrl_software/software/volt_ctrl_bsp/\libhal_bsp.a(alt_io_redirect.o) (open)
E:/master_WHU/voltage_control/02volt_ctrl_software/software/volt_ctrl_bsp/\libhal_bsp.a(alt_release_fd.o)
                              E:/master_WHU/voltage_control/02volt_ctrl_software/software/volt_ctrl_bsp/\libhal_bsp.a(alt_close.o) (alt_release_fd)
E:/master_WHU/voltage_control/02volt_ctrl_software/software/volt_ctrl_bsp/\libhal_bsp.a(altera_nios2_gen2_irq.o)
                              E:/master_WHU/voltage_control/02volt_ctrl_software/software/volt_ctrl_bsp/\libhal_bsp.a(alt_sys_init.o) (altera_nios2_gen2_irq_init)
E:/master_WHU/voltage_control/02volt_ctrl_software/software/volt_ctrl_bsp/\libhal_bsp.a(alt_find_dev.o)
                              E:/master_WHU/voltage_control/02volt_ctrl_software/software/volt_ctrl_bsp/\libhal_bsp.a(alt_open.o) (alt_find_dev)
E:/master_WHU/voltage_control/02volt_ctrl_software/software/volt_ctrl_bsp/\libhal_bsp.a(alt_find_file.o)
                              E:/master_WHU/voltage_control/02volt_ctrl_software/software/volt_ctrl_bsp/\libhal_bsp.a(alt_open.o) (alt_find_file)
E:/master_WHU/voltage_control/02volt_ctrl_software/software/volt_ctrl_bsp/\libhal_bsp.a(alt_get_fd.o)
                              E:/master_WHU/voltage_control/02volt_ctrl_software/software/volt_ctrl_bsp/\libhal_bsp.a(alt_open.o) (alt_get_fd)
E:/master_WHU/voltage_control/02volt_ctrl_software/software/volt_ctrl_bsp/\libhal_bsp.a(alt_icache_flush.o)
                              E:/master_WHU/voltage_control/02volt_ctrl_software/software/volt_ctrl_bsp/\libhal_bsp.a(alt_icache_flush_all.o) (alt_icache_flush)
d:/intelfpga/18.1/nios2eds/bin/gnu/h-x86_64-mingw32/bin/../lib/gcc/nios2-elf/5.3.0/../../../../../H-x86_64-mingw32/nios2-elf/lib\libsmallc.a(lib_a-int_errno.o)
                              E:/master_WHU/voltage_control/02volt_ctrl_software/software/volt_ctrl_bsp/\libhal_bsp.a(altera_avalon_uart_read.o) (errno)
d:/intelfpga/18.1/nios2eds/bin/gnu/h-x86_64-mingw32/bin/../lib/gcc/nios2-elf/5.3.0/../../../../../H-x86_64-mingw32/nios2-elf/lib\libsmallc.a(lib_a-memcmp.o)
                              E:/master_WHU/voltage_control/02volt_ctrl_software/software/volt_ctrl_bsp/\libhal_bsp.a(alt_find_dev.o) (memcmp)
d:/intelfpga/18.1/nios2eds/bin/gnu/h-x86_64-mingw32/bin/../lib/gcc/nios2-elf/5.3.0/../../../../../H-x86_64-mingw32/nios2-elf/lib\libsmallc.a(lib_a-strlen.o)
                              E:/master_WHU/voltage_control/02volt_ctrl_software/software/volt_ctrl_bsp/\libhal_bsp.a(alt_find_dev.o) (strlen)
d:/intelfpga/18.1/nios2eds/bin/gnu/h-x86_64-mingw32/bin/../lib/gcc/nios2-elf/5.3.0\libgcc.a(lib2-divmod.o)
                              E:/master_WHU/voltage_control/02volt_ctrl_software/software/volt_ctrl_bsp/\libhal_bsp.a(alt_busy_sleep.o) (__udivsi3)

Allocating common symbols
Common symbol       size              file

alt_irq             0x100             E:/master_WHU/voltage_control/02volt_ctrl_software/software/volt_ctrl_bsp/\libhal_bsp.a(alt_irq_handler.o)
errno               0x4               d:/intelfpga/18.1/nios2eds/bin/gnu/h-x86_64-mingw32/bin/../lib/gcc/nios2-elf/5.3.0/../../../../../H-x86_64-mingw32/nios2-elf/lib\libsmallc.a(lib_a-int_errno.o)
rxdata              0xc8              obj/default/src/spi.o
return_code         0x4               obj/default/src/spi.o
ret                 0x4               obj/default/src/spi.o
spi_command_string_tx
                    0xc8              obj/default/src/spi.o

Memory Configuration

Name             Origin             Length             Attributes
ram_BEFORE_EXCEPTION 0x0000000000004000 0x0000000000000020
ram              0x0000000000004020 0x0000000000003fe0
rom              0x000000000000c000 0x0000000000002800
reset            0x0000000000011000 0x0000000000000020
epcs_flash       0x0000000000011020 0x00000000000007e0
*default*        0x0000000000000000 0xffffffffffffffff

Linker script and memory map

LOAD E:/master_WHU/voltage_control/02volt_ctrl_software/software/volt_ctrl_bsp//obj/HAL/src/crt0.o
LOAD obj/default/src/spi.o
LOAD d:/intelfpga/18.1/nios2eds/bin/gnu/h-x86_64-mingw32/bin/../lib/gcc/nios2-elf/5.3.0/../../../../../H-x86_64-mingw32/nios2-elf/lib\libstdc++.a
LOAD d:/intelfpga/18.1/nios2eds/bin/gnu/h-x86_64-mingw32/bin/../lib/gcc/nios2-elf/5.3.0/../../../../../H-x86_64-mingw32/nios2-elf/lib\libm.a
LOAD d:/intelfpga/18.1/nios2eds/bin/gnu/h-x86_64-mingw32/bin/../lib/gcc/nios2-elf/5.3.0\libgcc.a
START GROUP
LOAD d:/intelfpga/18.1/nios2eds/bin/gnu/h-x86_64-mingw32/bin/../lib/gcc/nios2-elf/5.3.0/../../../../../H-x86_64-mingw32/nios2-elf/lib\libsmallc.a
LOAD d:/intelfpga/18.1/nios2eds/bin/gnu/h-x86_64-mingw32/bin/../lib/gcc/nios2-elf/5.3.0\libgcc.a
LOAD E:/master_WHU/voltage_control/02volt_ctrl_software/software/volt_ctrl_bsp/\libhal_bsp.a
LOAD d:/intelfpga/18.1/nios2eds/bin/gnu/h-x86_64-mingw32/bin/../lib/gcc/nios2-elf/5.3.0/../../../../../H-x86_64-mingw32/nios2-elf/lib\libm.a
END GROUP
LOAD d:/intelfpga/18.1/nios2eds/bin/gnu/h-x86_64-mingw32/bin/../lib/gcc/nios2-elf/5.3.0\libgcc.a
                0x0000000000004000                __alt_mem_ram = 0x4000
                0x000000000000c000                __alt_mem_rom = 0xc000
                0x0000000000011000                __alt_mem_epcs_flash = 0x11000

.entry          0x0000000000011000        0x0
 *(.entry)
 .entry         0x0000000000011000        0x0 E:/master_WHU/voltage_control/02volt_ctrl_software/software/volt_ctrl_bsp//obj/HAL/src/crt0.o
                0x0000000000011000                __reset

.exceptions     0x0000000000004020      0x224
                0x0000000000004020                PROVIDE (__ram_exceptions_start, ABSOLUTE (.))
                0x0000000000004020                . = ALIGN (0x20)
 *(.irq)
 *(.exceptions.entry.label)
 .exceptions.entry.label
                0x0000000000004020        0x0 E:/master_WHU/voltage_control/02volt_ctrl_software/software/volt_ctrl_bsp/\libhal_bsp.a(alt_irq_entry.o)
                0x0000000000004020                alt_irq_entry
 .exceptions.entry.label
                0x0000000000004020        0x0 E:/master_WHU/voltage_control/02volt_ctrl_software/software/volt_ctrl_bsp/\libhal_bsp.a(alt_exception_entry.o)
                0x0000000000004020                alt_exception
 *(.exceptions.entry.user)
 *(.exceptions.entry.ecc_fatal)
 *(.exceptions.entry)
 .exceptions.entry
                0x0000000000004020       0x54 E:/master_WHU/voltage_control/02volt_ctrl_software/software/volt_ctrl_bsp/\libhal_bsp.a(alt_exception_entry.o)
 *(.exceptions.irqtest.user)
 *(.exceptions.irqtest)
 .exceptions.irqtest
                0x0000000000004074       0x10 E:/master_WHU/voltage_control/02volt_ctrl_software/software/volt_ctrl_bsp/\libhal_bsp.a(alt_irq_entry.o)
 *(.exceptions.irqhandler.user)
 *(.exceptions.irqhandler)
 .exceptions.irqhandler
                0x0000000000004084        0x4 E:/master_WHU/voltage_control/02volt_ctrl_software/software/volt_ctrl_bsp/\libhal_bsp.a(alt_irq_entry.o)
 *(.exceptions.irqreturn.user)
 *(.exceptions.irqreturn)
 .exceptions.irqreturn
                0x0000000000004088        0x4 E:/master_WHU/voltage_control/02volt_ctrl_software/software/volt_ctrl_bsp/\libhal_bsp.a(alt_irq_entry.o)
 *(.exceptions.notirq.label)
 .exceptions.notirq.label
                0x000000000000408c        0x0 E:/master_WHU/voltage_control/02volt_ctrl_software/software/volt_ctrl_bsp/\libhal_bsp.a(alt_irq_entry.o)
 *(.exceptions.notirq.user)
 *(.exceptions.notirq)
 .exceptions.notirq
                0x000000000000408c        0x8 E:/master_WHU/voltage_control/02volt_ctrl_software/software/volt_ctrl_bsp/\libhal_bsp.a(alt_exception_entry.o)
 *(.exceptions.soft.user)
 *(.exceptions.soft)
 *(.exceptions.unknown.user)
 *(.exceptions.unknown)
 .exceptions.unknown
                0x0000000000004094       0x14 E:/master_WHU/voltage_control/02volt_ctrl_software/software/volt_ctrl_bsp/\libhal_bsp.a(alt_exception_entry.o)
 *(.exceptions.exit.label)
 .exceptions.exit.label
                0x00000000000040a8        0x0 E:/master_WHU/voltage_control/02volt_ctrl_software/software/volt_ctrl_bsp/\libhal_bsp.a(alt_irq_entry.o)
 .exceptions.exit.label
                0x00000000000040a8        0x0 E:/master_WHU/voltage_control/02volt_ctrl_software/software/volt_ctrl_bsp/\libhal_bsp.a(alt_exception_entry.o)
 *(.exceptions.exit.user)
 *(.exceptions.exit)
 .exceptions.exit
                0x00000000000040a8       0x54 E:/master_WHU/voltage_control/02volt_ctrl_software/software/volt_ctrl_bsp/\libhal_bsp.a(alt_exception_entry.o)
 *(.exceptions)
 .exceptions    0x00000000000040fc       0xd4 E:/master_WHU/voltage_control/02volt_ctrl_software/software/volt_ctrl_bsp/\libhal_bsp.a(alt_irq_handler.o)
                0x00000000000040fc                alt_irq_handler
 .exceptions    0x00000000000041d0       0x74 E:/master_WHU/voltage_control/02volt_ctrl_software/software/volt_ctrl_bsp/\libhal_bsp.a(alt_instruction_exception_entry.o)
                0x00000000000041d0                alt_instruction_exception_entry
                0x0000000000004244                PROVIDE (__ram_exceptions_end, ABSOLUTE (.))
                0x0000000000004020                PROVIDE (__flash_exceptions_start, LOADADDR (.exceptions))

.text           0x0000000000004244     0x2bac
                [!provide]                        PROVIDE (stext, ABSOLUTE (.))
 *(.interp)
 *(.hash)
 *(.dynsym)
 *(.dynstr)
 *(.gnu.version)
 *(.gnu.version_d)
 *(.gnu.version_r)
 *(.rel.init)
 *(.rela.init)
 *(.rel.text .rel.text.* .rel.gnu.linkonce.t.*)
 *(.rela.text .rela.text.* .rela.gnu.linkonce.t.*)
 *(.rel.fini)
 *(.rela.fini)
 *(.rel.rodata .rel.rodata.* .rel.gnu.linkonce.r.*)
 *(.rela.rodata .rela.rodata.* .rela.gnu.linkonce.r.*)
 *(.rel.data .rel.data.* .rel.gnu.linkonce.d.*)
 *(.rela.data .rela.data.* .rela.gnu.linkonce.d.*)
 *(.rel.tdata .rel.tdata.* .rel.gnu.linkonce.td.*)
 *(.rela.tdata .rela.tdata.* .rela.gnu.linkonce.td.*)
 *(.rel.tbss .rel.tbss.* .rel.gnu.linkonce.tb.*)
 *(.rela.tbss .rela.tbss.* .rela.gnu.linkonce.tb.*)
 *(.rel.ctors)
 *(.rela.ctors)
 *(.rel.dtors)
 *(.rela.dtors)
 *(.rel.got)
 *(.rela.got)
 *(.rel.sdata .rel.sdata.* .rel.gnu.linkonce.s.*)
 *(.rela.sdata .rela.sdata.* .rela.gnu.linkonce.s.*)
 *(.rel.sbss .rel.sbss.* .rel.gnu.linkonce.sb.*)
 *(.rela.sbss .rela.sbss.* .rela.gnu.linkonce.sb.*)
 *(.rel.sdata2 .rel.sdata2.* .rel.gnu.linkonce.s2.*)
 *(.rela.sdata2 .rela.sdata2.* .rela.gnu.linkonce.s2.*)
 *(.rel.sbss2 .rel.sbss2.* .rel.gnu.linkonce.sb2.*)
 *(.rela.sbss2 .rela.sbss2.* .rela.gnu.linkonce.sb2.*)
 *(.rel.bss .rel.bss.* .rel.gnu.linkonce.b.*)
 *(.rela.bss .rela.bss.* .rela.gnu.linkonce.b.*)
 *(.rel.plt)
 *(.rela.plt)
 *(.rel.dyn)
 *(.init)
 *(.plt)
 *(.text .stub .text.* .gnu.linkonce.t.*)
 .text          0x0000000000004244       0x4c E:/master_WHU/voltage_control/02volt_ctrl_software/software/volt_ctrl_bsp//obj/HAL/src/crt0.o
                0x0000000000004244                _start
 .text          0x0000000000004290     0x11c4 obj/default/src/spi.o
                0x00000000000042c4                main
                0x0000000000004748                IRQ_init
                0x00000000000047bc                IRQ_UART_Interrupts
                0x0000000000004834                WriteFileData
 .text          0x0000000000005454      0x1b0 E:/master_WHU/voltage_control/02volt_ctrl_software/software/volt_ctrl_bsp/\libhal_bsp.a(alt_iic.o)
                0x0000000000005454                alt_ic_isr_register
                0x00000000000054a4                alt_ic_irq_enable
                0x000000000000552c                alt_ic_irq_disable
                0x00000000000055b8                alt_ic_irq_enabled
 .text          0x0000000000005604       0xf0 E:/master_WHU/voltage_control/02volt_ctrl_software/software/volt_ctrl_bsp/\libhal_bsp.a(alt_iic_isr_register.o)
                0x0000000000005604                alt_iic_isr_register
 .text          0x00000000000056f4        0x0 E:/master_WHU/voltage_control/02volt_ctrl_software/software/volt_ctrl_bsp/\libhal_bsp.a(alt_irq_entry.o)
 .text          0x00000000000056f4        0x0 E:/master_WHU/voltage_control/02volt_ctrl_software/software/volt_ctrl_bsp/\libhal_bsp.a(alt_irq_handler.o)
 .text          0x00000000000056f4        0x0 E:/master_WHU/voltage_control/02volt_ctrl_software/software/volt_ctrl_bsp/\libhal_bsp.a(alt_irq_vars.o)
 .text          0x00000000000056f4       0xec E:/master_WHU/voltage_control/02volt_ctrl_software/software/volt_ctrl_bsp/\libhal_bsp.a(alt_load.o)
                0x000000000000575c                alt_load
 .text          0x00000000000057e0       0x6c E:/master_WHU/voltage_control/02volt_ctrl_software/software/volt_ctrl_bsp/\libhal_bsp.a(alt_main.o)
                0x00000000000057e0                alt_main
 .text          0x000000000000584c       0x30 E:/master_WHU/voltage_control/02volt_ctrl_software/software/volt_ctrl_bsp/\libhal_bsp.a(alt_usleep.o)
                0x000000000000584c                usleep
 .text          0x000000000000587c       0xb8 E:/master_WHU/voltage_control/02volt_ctrl_software/software/volt_ctrl_bsp/\libhal_bsp.a(alt_sys_init.o)
                0x00000000000058b0                alt_irq_init
                0x00000000000058e8                alt_sys_init
 .text          0x0000000000005934       0xc0 E:/master_WHU/voltage_control/02volt_ctrl_software/software/volt_ctrl_bsp/\libhal_bsp.a(altera_avalon_jtag_uart_fd.o)
                0x0000000000005934                altera_avalon_jtag_uart_read_fd
                0x0000000000005994                altera_avalon_jtag_uart_write_fd
 .text          0x00000000000059f4       0xec E:/master_WHU/voltage_control/02volt_ctrl_software/software/volt_ctrl_bsp/\libhal_bsp.a(altera_avalon_jtag_uart_read.o)
                0x00000000000059f4                altera_avalon_jtag_uart_read
 .text          0x0000000000005ae0       0x94 E:/master_WHU/voltage_control/02volt_ctrl_software/software/volt_ctrl_bsp/\libhal_bsp.a(altera_avalon_jtag_uart_write.o)
                0x0000000000005ae0                altera_avalon_jtag_uart_write
 .text          0x0000000000005b74      0x1fc E:/master_WHU/voltage_control/02volt_ctrl_software/software/volt_ctrl_bsp/\libhal_bsp.a(altera_avalon_spi.o)
                0x0000000000005b74                alt_avalon_spi_command
 .text          0x0000000000005d70       0xc0 E:/master_WHU/voltage_control/02volt_ctrl_software/software/volt_ctrl_bsp/\libhal_bsp.a(altera_avalon_uart_fd.o)
                0x0000000000005d70                altera_avalon_uart_read_fd
                0x0000000000005dd0                altera_avalon_uart_write_fd
 .text          0x0000000000005e30      0x100 E:/master_WHU/voltage_control/02volt_ctrl_software/software/volt_ctrl_bsp/\libhal_bsp.a(altera_avalon_uart_read.o)
                0x0000000000005e6c                altera_avalon_uart_read
 .text          0x0000000000005f30      0x11c E:/master_WHU/voltage_control/02volt_ctrl_software/software/volt_ctrl_bsp/\libhal_bsp.a(altera_avalon_uart_write.o)
                0x0000000000005f6c                altera_avalon_uart_write
 .text          0x000000000000604c      0x158 E:/master_WHU/voltage_control/02volt_ctrl_software/software/volt_ctrl_bsp/\libhal_bsp.a(alt_busy_sleep.o)
                0x000000000000604c                alt_busy_sleep
 .text          0x00000000000061a4      0x10c E:/master_WHU/voltage_control/02volt_ctrl_software/software/volt_ctrl_bsp/\libhal_bsp.a(alt_close.o)
                0x00000000000061e0                close
 .text          0x00000000000062b0       0x48 E:/master_WHU/voltage_control/02volt_ctrl_software/software/volt_ctrl_bsp/\libhal_bsp.a(alt_dcache_flush_all.o)
                0x00000000000062b0                alt_dcache_flush_all
 .text          0x00000000000062f8       0x2c E:/master_WHU/voltage_control/02volt_ctrl_software/software/volt_ctrl_bsp/\libhal_bsp.a(alt_dev.o)
 .text          0x0000000000006324       0xe0 E:/master_WHU/voltage_control/02volt_ctrl_software/software/volt_ctrl_bsp/\libhal_bsp.a(alt_dev_llist_insert.o)
                0x0000000000006360                alt_dev_llist_insert
 .text          0x0000000000006404        0x0 E:/master_WHU/voltage_control/02volt_ctrl_software/software/volt_ctrl_bsp/\libhal_bsp.a(alt_errno.o)
 .text          0x0000000000006404        0x0 E:/master_WHU/voltage_control/02volt_ctrl_software/software/volt_ctrl_bsp/\libhal_bsp.a(alt_exception_entry.o)
 .text          0x0000000000006404       0x34 E:/master_WHU/voltage_control/02volt_ctrl_software/software/volt_ctrl_bsp/\libhal_bsp.a(alt_exit.o)
                0x0000000000006404                _exit
 .text          0x0000000000006438       0x34 E:/master_WHU/voltage_control/02volt_ctrl_software/software/volt_ctrl_bsp/\libhal_bsp.a(alt_icache_flush_all.o)
                0x0000000000006438                alt_icache_flush_all
 .text          0x000000000000646c       0x9c E:/master_WHU/voltage_control/02volt_ctrl_software/software/volt_ctrl_bsp/\libhal_bsp.a(alt_instruction_exception_entry.o)
                0x000000000000646c                alt_exception_cause_generated_bad_addr
 .text          0x0000000000006508      0x140 E:/master_WHU/voltage_control/02volt_ctrl_software/software/volt_ctrl_bsp/\libhal_bsp.a(alt_io_redirect.o)
                0x00000000000065cc                alt_io_redirect
 .text          0x0000000000006648      0x254 E:/master_WHU/voltage_control/02volt_ctrl_software/software/volt_ctrl_bsp/\libhal_bsp.a(alt_open.o)
                0x0000000000006748                open
 .text          0x000000000000689c       0x64 E:/master_WHU/voltage_control/02volt_ctrl_software/software/volt_ctrl_bsp/\libhal_bsp.a(alt_release_fd.o)
                0x000000000000689c                alt_release_fd
 .text          0x0000000000006900       0x24 E:/master_WHU/voltage_control/02volt_ctrl_software/software/volt_ctrl_bsp/\libhal_bsp.a(altera_nios2_gen2_irq.o)
                0x0000000000006900                altera_nios2_gen2_irq_init
 .text          0x0000000000006924       0x90 E:/master_WHU/voltage_control/02volt_ctrl_software/software/volt_ctrl_bsp/\libhal_bsp.a(alt_find_dev.o)
                0x0000000000006924                alt_find_dev
 .text          0x00000000000069b4      0x108 E:/master_WHU/voltage_control/02volt_ctrl_software/software/volt_ctrl_bsp/\libhal_bsp.a(alt_find_file.o)
                0x00000000000069b4                alt_find_file
 .text          0x0000000000006abc       0xa4 E:/master_WHU/voltage_control/02volt_ctrl_software/software/volt_ctrl_bsp/\libhal_bsp.a(alt_get_fd.o)
                0x0000000000006abc                alt_get_fd
 .text          0x0000000000006b60       0x90 E:/master_WHU/voltage_control/02volt_ctrl_software/software/volt_ctrl_bsp/\libhal_bsp.a(alt_icache_flush.o)
                0x0000000000006b60                alt_icache_flush
 .text          0x0000000000006bf0        0x0 d:/intelfpga/18.1/nios2eds/bin/gnu/h-x86_64-mingw32/bin/../lib/gcc/nios2-elf/5.3.0/../../../../../H-x86_64-mingw32/nios2-elf/lib\libsmallc.a(lib_a-int_errno.o)
 .text          0x0000000000006bf0        0x0 d:/intelfpga/18.1/nios2eds/bin/gnu/h-x86_64-mingw32/bin/../lib/gcc/nios2-elf/5.3.0/../../../../../H-x86_64-mingw32/nios2-elf/lib\libsmallc.a(lib_a-memcmp.o)
 .text.memcmp   0x0000000000006bf0       0x30 d:/intelfpga/18.1/nios2eds/bin/gnu/h-x86_64-mingw32/bin/../lib/gcc/nios2-elf/5.3.0/../../../../../H-x86_64-mingw32/nios2-elf/lib\libsmallc.a(lib_a-memcmp.o)
                0x0000000000006bf0                memcmp
 .text          0x0000000000006c20        0x0 d:/intelfpga/18.1/nios2eds/bin/gnu/h-x86_64-mingw32/bin/../lib/gcc/nios2-elf/5.3.0/../../../../../H-x86_64-mingw32/nios2-elf/lib\libsmallc.a(lib_a-strlen.o)
 .text.strlen   0x0000000000006c20       0x1c d:/intelfpga/18.1/nios2eds/bin/gnu/h-x86_64-mingw32/bin/../lib/gcc/nios2-elf/5.3.0/../../../../../H-x86_64-mingw32/nios2-elf/lib\libsmallc.a(lib_a-strlen.o)
                0x0000000000006c20                strlen
 .text          0x0000000000006c3c      0x1b4 d:/intelfpga/18.1/nios2eds/bin/gnu/h-x86_64-mingw32/bin/../lib/gcc/nios2-elf/5.3.0\libgcc.a(lib2-divmod.o)
                0x0000000000006c3c                __divsi3
                0x0000000000006cc0                __modsi3
                0x0000000000006d34                __udivsi3
                0x0000000000006d98                __umodsi3
 *(.gnu.warning.*)
 *(.fini)
                [!provide]                        PROVIDE (__etext, ABSOLUTE (.))
                [!provide]                        PROVIDE (_etext, ABSOLUTE (.))
                [!provide]                        PROVIDE (etext, ABSOLUTE (.))
 *(.eh_frame_hdr)
                0x0000000000006df0                . = ALIGN (0x4)
                [!provide]                        PROVIDE (__preinit_array_start, ABSOLUTE (.))
 *(.preinit_array)
                [!provide]                        PROVIDE (__preinit_array_end, ABSOLUTE (.))
                [!provide]                        PROVIDE (__init_array_start, ABSOLUTE (.))
 *(.init_array)
                [!provide]                        PROVIDE (__init_array_end, ABSOLUTE (.))
                [!provide]                        PROVIDE (__fini_array_start, ABSOLUTE (.))
 *(.fini_array)
                [!provide]                        PROVIDE (__fini_array_end, ABSOLUTE (.))
 *(.eh_frame)
 *(.gcc_except_table .gcc_except_table.*)
 *(.dynamic)
                [!provide]                        PROVIDE (__CTOR_LIST__, ABSOLUTE (.))
 *(.ctors)
 *(SORT(.ctors.*))
                [!provide]                        PROVIDE (__CTOR_END__, ABSOLUTE (.))
                [!provide]                        PROVIDE (__DTOR_LIST__, ABSOLUTE (.))
 *(.dtors)
 *(SORT(.dtors.*))
                [!provide]                        PROVIDE (__DTOR_END__, ABSOLUTE (.))
 *(.jcr)
                0x0000000000006df0                . = ALIGN (0x4)

.rodata         0x0000000000006df0       0x30
                0x0000000000006df0                PROVIDE (__ram_rodata_start, ABSOLUTE (.))
                0x0000000000006df0                . = ALIGN (0x4)
 *(.rodata .rodata.* .gnu.linkonce.r.*)
 .rodata        0x0000000000006df0        0xa E:/master_WHU/voltage_control/02volt_ctrl_software/software/volt_ctrl_bsp/\libhal_bsp.a(alt_main.o)
 *fill*         0x0000000000006dfa        0x2 
 .rodata        0x0000000000006dfc       0x16 E:/master_WHU/voltage_control/02volt_ctrl_software/software/volt_ctrl_bsp/\libhal_bsp.a(alt_sys_init.o)
 *fill*         0x0000000000006e12        0x2 
 .rodata        0x0000000000006e14        0xa E:/master_WHU/voltage_control/02volt_ctrl_software/software/volt_ctrl_bsp/\libhal_bsp.a(alt_dev.o)
 *(.rodata1)
                0x0000000000006e20                . = ALIGN (0x4)
 *fill*         0x0000000000006e1e        0x2 
                0x0000000000006e20                PROVIDE (__ram_rodata_end, ABSOLUTE (.))
                0x0000000000006df0                PROVIDE (__flash_rodata_start, LOADADDR (.rodata))

.rwdata         0x0000000000006e20      0x290
                0x0000000000006e20                PROVIDE (__ram_rwdata_start, ABSOLUTE (.))
                0x0000000000006e20                . = ALIGN (0x4)
 *(.got.plt)
 *(.got)
 *(.data1)
 *(.data .data.* .gnu.linkonce.d.*)
 .data          0x0000000000006e20        0x0 E:/master_WHU/voltage_control/02volt_ctrl_software/software/volt_ctrl_bsp//obj/HAL/src/crt0.o
 .data          0x0000000000006e20       0x6e obj/default/src/spi.o
                0x0000000000006e20                oe_msk
                0x0000000000006e84                spi_command_string_rx
 .data          0x0000000000006e8e        0x0 E:/master_WHU/voltage_control/02volt_ctrl_software/software/volt_ctrl_bsp/\libhal_bsp.a(alt_iic.o)
 .data          0x0000000000006e8e        0x0 E:/master_WHU/voltage_control/02volt_ctrl_software/software/volt_ctrl_bsp/\libhal_bsp.a(alt_iic_isr_register.o)
 .data          0x0000000000006e8e        0x0 E:/master_WHU/voltage_control/02volt_ctrl_software/software/volt_ctrl_bsp/\libhal_bsp.a(alt_irq_entry.o)
 .data          0x0000000000006e8e        0x0 E:/master_WHU/voltage_control/02volt_ctrl_software/software/volt_ctrl_bsp/\libhal_bsp.a(alt_irq_handler.o)
 .data          0x0000000000006e8e        0x0 E:/master_WHU/voltage_control/02volt_ctrl_software/software/volt_ctrl_bsp/\libhal_bsp.a(alt_irq_vars.o)
 .data          0x0000000000006e8e        0x0 E:/master_WHU/voltage_control/02volt_ctrl_software/software/volt_ctrl_bsp/\libhal_bsp.a(alt_load.o)
 .data          0x0000000000006e8e        0x0 E:/master_WHU/voltage_control/02volt_ctrl_software/software/volt_ctrl_bsp/\libhal_bsp.a(alt_main.o)
 .data          0x0000000000006e8e        0x0 E:/master_WHU/voltage_control/02volt_ctrl_software/software/volt_ctrl_bsp/\libhal_bsp.a(alt_usleep.o)
 *fill*         0x0000000000006e8e        0x2 
 .data          0x0000000000006e90       0x58 E:/master_WHU/voltage_control/02volt_ctrl_software/software/volt_ctrl_bsp/\libhal_bsp.a(alt_sys_init.o)
 .data          0x0000000000006ee8        0x0 E:/master_WHU/voltage_control/02volt_ctrl_software/software/volt_ctrl_bsp/\libhal_bsp.a(altera_avalon_jtag_uart_fd.o)
 .data          0x0000000000006ee8        0x0 E:/master_WHU/voltage_control/02volt_ctrl_software/software/volt_ctrl_bsp/\libhal_bsp.a(altera_avalon_jtag_uart_read.o)
 .data          0x0000000000006ee8        0x0 E:/master_WHU/voltage_control/02volt_ctrl_software/software/volt_ctrl_bsp/\libhal_bsp.a(altera_avalon_jtag_uart_write.o)
 .data          0x0000000000006ee8        0x0 E:/master_WHU/voltage_control/02volt_ctrl_software/software/volt_ctrl_bsp/\libhal_bsp.a(altera_avalon_spi.o)
 .data          0x0000000000006ee8        0x0 E:/master_WHU/voltage_control/02volt_ctrl_software/software/volt_ctrl_bsp/\libhal_bsp.a(altera_avalon_uart_fd.o)
 .data          0x0000000000006ee8        0x0 E:/master_WHU/voltage_control/02volt_ctrl_software/software/volt_ctrl_bsp/\libhal_bsp.a(altera_avalon_uart_read.o)
 .data          0x0000000000006ee8        0x0 E:/master_WHU/voltage_control/02volt_ctrl_software/software/volt_ctrl_bsp/\libhal_bsp.a(altera_avalon_uart_write.o)
 .data          0x0000000000006ee8        0x0 E:/master_WHU/voltage_control/02volt_ctrl_software/software/volt_ctrl_bsp/\libhal_bsp.a(alt_busy_sleep.o)
 .data          0x0000000000006ee8        0x0 E:/master_WHU/voltage_control/02volt_ctrl_software/software/volt_ctrl_bsp/\libhal_bsp.a(alt_close.o)
 .data          0x0000000000006ee8        0x0 E:/master_WHU/voltage_control/02volt_ctrl_software/software/volt_ctrl_bsp/\libhal_bsp.a(alt_dcache_flush_all.o)
 .data          0x0000000000006ee8      0x1a8 E:/master_WHU/voltage_control/02volt_ctrl_software/software/volt_ctrl_bsp/\libhal_bsp.a(alt_dev.o)
                0x0000000000006ee8                alt_dev_null
                0x0000000000006f10                alt_fd_list
 .data          0x0000000000007090        0x0 E:/master_WHU/voltage_control/02volt_ctrl_software/software/volt_ctrl_bsp/\libhal_bsp.a(alt_dev_llist_insert.o)
 .data          0x0000000000007090        0x0 E:/master_WHU/voltage_control/02volt_ctrl_software/software/volt_ctrl_bsp/\libhal_bsp.a(alt_errno.o)
 .data          0x0000000000007090        0x0 E:/master_WHU/voltage_control/02volt_ctrl_software/software/volt_ctrl_bsp/\libhal_bsp.a(alt_exception_entry.o)
 .data          0x0000000000007090        0x0 E:/master_WHU/voltage_control/02volt_ctrl_software/software/volt_ctrl_bsp/\libhal_bsp.a(alt_exit.o)
 .data          0x0000000000007090        0x0 E:/master_WHU/voltage_control/02volt_ctrl_software/software/volt_ctrl_bsp/\libhal_bsp.a(alt_icache_flush_all.o)
 .data          0x0000000000007090        0x0 E:/master_WHU/voltage_control/02volt_ctrl_software/software/volt_ctrl_bsp/\libhal_bsp.a(alt_instruction_exception_entry.o)
 .data          0x0000000000007090        0x0 E:/master_WHU/voltage_control/02volt_ctrl_software/software/volt_ctrl_bsp/\libhal_bsp.a(alt_io_redirect.o)
 .data          0x0000000000007090        0x0 E:/master_WHU/voltage_control/02volt_ctrl_software/software/volt_ctrl_bsp/\libhal_bsp.a(alt_open.o)
 .data          0x0000000000007090        0x0 E:/master_WHU/voltage_control/02volt_ctrl_software/software/volt_ctrl_bsp/\libhal_bsp.a(alt_release_fd.o)
 .data          0x0000000000007090        0x0 E:/master_WHU/voltage_control/02volt_ctrl_software/software/volt_ctrl_bsp/\libhal_bsp.a(altera_nios2_gen2_irq.o)
 .data          0x0000000000007090        0x0 E:/master_WHU/voltage_control/02volt_ctrl_software/software/volt_ctrl_bsp/\libhal_bsp.a(alt_find_dev.o)
 .data          0x0000000000007090        0x0 E:/master_WHU/voltage_control/02volt_ctrl_software/software/volt_ctrl_bsp/\libhal_bsp.a(alt_find_file.o)
 .data          0x0000000000007090        0x0 E:/master_WHU/voltage_control/02volt_ctrl_software/software/volt_ctrl_bsp/\libhal_bsp.a(alt_get_fd.o)
 .data          0x0000000000007090        0x0 E:/master_WHU/voltage_control/02volt_ctrl_software/software/volt_ctrl_bsp/\libhal_bsp.a(alt_icache_flush.o)
 .data          0x0000000000007090        0x0 d:/intelfpga/18.1/nios2eds/bin/gnu/h-x86_64-mingw32/bin/../lib/gcc/nios2-elf/5.3.0/../../../../../H-x86_64-mingw32/nios2-elf/lib\libsmallc.a(lib_a-int_errno.o)
 .data          0x0000000000007090        0x0 d:/intelfpga/18.1/nios2eds/bin/gnu/h-x86_64-mingw32/bin/../lib/gcc/nios2-elf/5.3.0/../../../../../H-x86_64-mingw32/nios2-elf/lib\libsmallc.a(lib_a-memcmp.o)
 .data          0x0000000000007090        0x0 d:/intelfpga/18.1/nios2eds/bin/gnu/h-x86_64-mingw32/bin/../lib/gcc/nios2-elf/5.3.0/../../../../../H-x86_64-mingw32/nios2-elf/lib\libsmallc.a(lib_a-strlen.o)
 .data          0x0000000000007090        0x0 d:/intelfpga/18.1/nios2eds/bin/gnu/h-x86_64-mingw32/bin/../lib/gcc/nios2-elf/5.3.0\libgcc.a(lib2-divmod.o)
                0x000000000000f090                _gp = ABSOLUTE ((. + 0x8000))
                [!provide]                        PROVIDE (gp, _gp)
 *(.rwdata .rwdata.*)
 *(.sdata .sdata.* .gnu.linkonce.s.*)
 .sdata         0x0000000000007090        0x4 obj/default/src/spi.o
                0x0000000000007090                IsSettingInfo
 .sdata         0x0000000000007094        0x4 E:/master_WHU/voltage_control/02volt_ctrl_software/software/volt_ctrl_bsp/\libhal_bsp.a(alt_irq_vars.o)
                0x0000000000007094                alt_priority_mask
 .sdata         0x0000000000007098       0x14 E:/master_WHU/voltage_control/02volt_ctrl_software/software/volt_ctrl_bsp/\libhal_bsp.a(alt_dev.o)
                0x0000000000007098                alt_fs_list
                0x00000000000070a0                alt_dev_list
                0x00000000000070a8                alt_max_fd
 .sdata         0x00000000000070ac        0x4 E:/master_WHU/voltage_control/02volt_ctrl_software/software/volt_ctrl_bsp/\libhal_bsp.a(alt_errno.o)
                0x00000000000070ac                alt_errno
 *(.sdata2 .sdata2.* .gnu.linkonce.s2.*)
                0x00000000000070b0                . = ALIGN (0x4)
                0x00000000000070b0                _edata = ABSOLUTE (.)
                [!provide]                        PROVIDE (edata, ABSOLUTE (.))
                0x00000000000070b0                PROVIDE (__ram_rwdata_end, ABSOLUTE (.))
                0x0000000000006e20                PROVIDE (__flash_rwdata_start, LOADADDR (.rwdata))

.bss            0x00000000000070b0      0x2c4
                0x00000000000070b0                __bss_start = ABSOLUTE (.)
                [!provide]                        PROVIDE (__sbss_start, ABSOLUTE (.))
                [!provide]                        PROVIDE (___sbss_start, ABSOLUTE (.))
 *(.dynsbss)
 *(.sbss .sbss.* .gnu.linkonce.sb.*)
 .sbss          0x00000000000070b0       0x14 obj/default/src/spi.o
                0x00000000000070b0                UartReceiveCnt
                0x00000000000070b1                txdata
                0x00000000000070b2                Datalength
                0x00000000000070b4                oe_cnt
                0x00000000000070b8                oe_cnt1
                0x00000000000070bc                oe_cnt2
                0x00000000000070c0                out_delay
 .sbss          0x00000000000070c4        0x8 obj/default/src/spi.o
                0x00000000000070c4                return_code
                0x00000000000070c8                ret
 .sbss          0x00000000000070cc        0x4 E:/master_WHU/voltage_control/02volt_ctrl_software/software/volt_ctrl_bsp/\libhal_bsp.a(alt_irq_vars.o)
                0x00000000000070cc                alt_irq_active
 .sbss          0x00000000000070d0        0xc E:/master_WHU/voltage_control/02volt_ctrl_software/software/volt_ctrl_bsp/\libhal_bsp.a(alt_main.o)
                0x00000000000070d0                alt_argc
                0x00000000000070d4                alt_argv
                0x00000000000070d8                alt_envp
 .sbss          0x00000000000070dc        0x4 E:/master_WHU/voltage_control/02volt_ctrl_software/software/volt_ctrl_bsp/\libhal_bsp.a(alt_instruction_exception_entry.o)
                0x00000000000070dc                alt_instruction_exception_handler
 .sbss          0x00000000000070e0        0x4 d:/intelfpga/18.1/nios2eds/bin/gnu/h-x86_64-mingw32/bin/../lib/gcc/nios2-elf/5.3.0/../../../../../H-x86_64-mingw32/nios2-elf/lib\libsmallc.a(lib_a-int_errno.o)
                0x00000000000070e0                errno
 *(.sbss2 .sbss2.* .gnu.linkonce.sb2.*)
 *(.scommon)
                [!provide]                        PROVIDE (__sbss_end, ABSOLUTE (.))
                [!provide]                        PROVIDE (___sbss_end, ABSOLUTE (.))
 *(.dynbss)
 *(.bss .bss.* .gnu.linkonce.b.*)
 .bss           0x00000000000070e4        0x0 E:/master_WHU/voltage_control/02volt_ctrl_software/software/volt_ctrl_bsp//obj/HAL/src/crt0.o
 .bss           0x00000000000070e4        0x0 obj/default/src/spi.o
 .bss           0x00000000000070e4        0x0 E:/master_WHU/voltage_control/02volt_ctrl_software/software/volt_ctrl_bsp/\libhal_bsp.a(alt_iic.o)
 .bss           0x00000000000070e4        0x0 E:/master_WHU/voltage_control/02volt_ctrl_software/software/volt_ctrl_bsp/\libhal_bsp.a(alt_iic_isr_register.o)
 .bss           0x00000000000070e4        0x0 E:/master_WHU/voltage_control/02volt_ctrl_software/software/volt_ctrl_bsp/\libhal_bsp.a(alt_irq_entry.o)
 .bss           0x00000000000070e4        0x0 E:/master_WHU/voltage_control/02volt_ctrl_software/software/volt_ctrl_bsp/\libhal_bsp.a(alt_irq_handler.o)
 .bss           0x00000000000070e4        0x0 E:/master_WHU/voltage_control/02volt_ctrl_software/software/volt_ctrl_bsp/\libhal_bsp.a(alt_irq_vars.o)
 .bss           0x00000000000070e4        0x0 E:/master_WHU/voltage_control/02volt_ctrl_software/software/volt_ctrl_bsp/\libhal_bsp.a(alt_load.o)
 .bss           0x00000000000070e4        0x0 E:/master_WHU/voltage_control/02volt_ctrl_software/software/volt_ctrl_bsp/\libhal_bsp.a(alt_main.o)
 .bss           0x00000000000070e4        0x0 E:/master_WHU/voltage_control/02volt_ctrl_software/software/volt_ctrl_bsp/\libhal_bsp.a(alt_usleep.o)
 .bss           0x00000000000070e4        0x0 E:/master_WHU/voltage_control/02volt_ctrl_software/software/volt_ctrl_bsp/\libhal_bsp.a(alt_sys_init.o)
 .bss           0x00000000000070e4        0x0 E:/master_WHU/voltage_control/02volt_ctrl_software/software/volt_ctrl_bsp/\libhal_bsp.a(altera_avalon_jtag_uart_fd.o)
 .bss           0x00000000000070e4        0x0 E:/master_WHU/voltage_control/02volt_ctrl_software/software/volt_ctrl_bsp/\libhal_bsp.a(altera_avalon_jtag_uart_read.o)
 .bss           0x00000000000070e4        0x0 E:/master_WHU/voltage_control/02volt_ctrl_software/software/volt_ctrl_bsp/\libhal_bsp.a(altera_avalon_jtag_uart_write.o)
 .bss           0x00000000000070e4        0x0 E:/master_WHU/voltage_control/02volt_ctrl_software/software/volt_ctrl_bsp/\libhal_bsp.a(altera_avalon_spi.o)
 .bss           0x00000000000070e4        0x0 E:/master_WHU/voltage_control/02volt_ctrl_software/software/volt_ctrl_bsp/\libhal_bsp.a(altera_avalon_uart_fd.o)
 .bss           0x00000000000070e4        0x0 E:/master_WHU/voltage_control/02volt_ctrl_software/software/volt_ctrl_bsp/\libhal_bsp.a(altera_avalon_uart_read.o)
 .bss           0x00000000000070e4        0x0 E:/master_WHU/voltage_control/02volt_ctrl_software/software/volt_ctrl_bsp/\libhal_bsp.a(altera_avalon_uart_write.o)
 .bss           0x00000000000070e4        0x0 E:/master_WHU/voltage_control/02volt_ctrl_software/software/volt_ctrl_bsp/\libhal_bsp.a(alt_busy_sleep.o)
 .bss           0x00000000000070e4        0x0 E:/master_WHU/voltage_control/02volt_ctrl_software/software/volt_ctrl_bsp/\libhal_bsp.a(alt_close.o)
 .bss           0x00000000000070e4        0x0 E:/master_WHU/voltage_control/02volt_ctrl_software/software/volt_ctrl_bsp/\libhal_bsp.a(alt_dcache_flush_all.o)
 .bss           0x00000000000070e4        0x0 E:/master_WHU/voltage_control/02volt_ctrl_software/software/volt_ctrl_bsp/\libhal_bsp.a(alt_dev.o)
 .bss           0x00000000000070e4        0x0 E:/master_WHU/voltage_control/02volt_ctrl_software/software/volt_ctrl_bsp/\libhal_bsp.a(alt_dev_llist_insert.o)
 .bss           0x00000000000070e4        0x0 E:/master_WHU/voltage_control/02volt_ctrl_software/software/volt_ctrl_bsp/\libhal_bsp.a(alt_errno.o)
 .bss           0x00000000000070e4        0x0 E:/master_WHU/voltage_control/02volt_ctrl_software/software/volt_ctrl_bsp/\libhal_bsp.a(alt_exception_entry.o)
 .bss           0x00000000000070e4        0x0 E:/master_WHU/voltage_control/02volt_ctrl_software/software/volt_ctrl_bsp/\libhal_bsp.a(alt_exit.o)
 .bss           0x00000000000070e4        0x0 E:/master_WHU/voltage_control/02volt_ctrl_software/software/volt_ctrl_bsp/\libhal_bsp.a(alt_icache_flush_all.o)
 .bss           0x00000000000070e4        0x0 E:/master_WHU/voltage_control/02volt_ctrl_software/software/volt_ctrl_bsp/\libhal_bsp.a(alt_instruction_exception_entry.o)
 .bss           0x00000000000070e4        0x0 E:/master_WHU/voltage_control/02volt_ctrl_software/software/volt_ctrl_bsp/\libhal_bsp.a(alt_io_redirect.o)
 .bss           0x00000000000070e4        0x0 E:/master_WHU/voltage_control/02volt_ctrl_software/software/volt_ctrl_bsp/\libhal_bsp.a(alt_open.o)
 .bss           0x00000000000070e4        0x0 E:/master_WHU/voltage_control/02volt_ctrl_software/software/volt_ctrl_bsp/\libhal_bsp.a(alt_release_fd.o)
 .bss           0x00000000000070e4        0x0 E:/master_WHU/voltage_control/02volt_ctrl_software/software/volt_ctrl_bsp/\libhal_bsp.a(altera_nios2_gen2_irq.o)
 .bss           0x00000000000070e4        0x0 E:/master_WHU/voltage_control/02volt_ctrl_software/software/volt_ctrl_bsp/\libhal_bsp.a(alt_find_dev.o)
 .bss           0x00000000000070e4        0x0 E:/master_WHU/voltage_control/02volt_ctrl_software/software/volt_ctrl_bsp/\libhal_bsp.a(alt_find_file.o)
 .bss           0x00000000000070e4        0x0 E:/master_WHU/voltage_control/02volt_ctrl_software/software/volt_ctrl_bsp/\libhal_bsp.a(alt_get_fd.o)
 .bss           0x00000000000070e4        0x0 E:/master_WHU/voltage_control/02volt_ctrl_software/software/volt_ctrl_bsp/\libhal_bsp.a(alt_icache_flush.o)
 .bss           0x00000000000070e4        0x0 d:/intelfpga/18.1/nios2eds/bin/gnu/h-x86_64-mingw32/bin/../lib/gcc/nios2-elf/5.3.0/../../../../../H-x86_64-mingw32/nios2-elf/lib\libsmallc.a(lib_a-int_errno.o)
 .bss           0x00000000000070e4        0x0 d:/intelfpga/18.1/nios2eds/bin/gnu/h-x86_64-mingw32/bin/../lib/gcc/nios2-elf/5.3.0/../../../../../H-x86_64-mingw32/nios2-elf/lib\libsmallc.a(lib_a-memcmp.o)
 .bss           0x00000000000070e4        0x0 d:/intelfpga/18.1/nios2eds/bin/gnu/h-x86_64-mingw32/bin/../lib/gcc/nios2-elf/5.3.0/../../../../../H-x86_64-mingw32/nios2-elf/lib\libsmallc.a(lib_a-strlen.o)
 .bss           0x00000000000070e4        0x0 d:/intelfpga/18.1/nios2eds/bin/gnu/h-x86_64-mingw32/bin/../lib/gcc/nios2-elf/5.3.0\libgcc.a(lib2-divmod.o)
 *(COMMON)
 COMMON         0x00000000000070e4      0x190 obj/default/src/spi.o
                0x00000000000070e4                rxdata
                0x00000000000071ac                spi_command_string_tx
 COMMON         0x0000000000007274      0x100 E:/master_WHU/voltage_control/02volt_ctrl_software/software/volt_ctrl_bsp/\libhal_bsp.a(alt_irq_handler.o)
                0x0000000000007274                alt_irq
                0x0000000000007374                . = ALIGN (0x4)
                0x0000000000007374                __bss_end = ABSOLUTE (.)

.ram            0x0000000000007374        0x0
                [!provide]                        PROVIDE (_alt_partition_ram_start, ABSOLUTE (.))
 *(.ram .ram. ram.*)
                0x0000000000007374                . = ALIGN (0x4)
                [!provide]                        PROVIDE (_alt_partition_ram_end, ABSOLUTE (.))
                0x0000000000007374                _end = ABSOLUTE (.)
                0x0000000000007374                end = ABSOLUTE (.)
                0x0000000000007374                __alt_stack_base = ABSOLUTE (.)
                [!provide]                        PROVIDE (_alt_partition_ram_load_addr, LOADADDR (.ram))

.rom            0x000000000000c000        0x0
                [!provide]                        PROVIDE (_alt_partition_rom_start, ABSOLUTE (.))
 *(.rom .rom. rom.*)
                0x000000000000c000                . = ALIGN (0x4)
                [!provide]                        PROVIDE (_alt_partition_rom_end, ABSOLUTE (.))
                [!provide]                        PROVIDE (_alt_partition_rom_load_addr, LOADADDR (.rom))

.epcs_flash     0x0000000000011020        0x0
                [!provide]                        PROVIDE (_alt_partition_epcs_flash_start, ABSOLUTE (.))
 *(.epcs_flash .epcs_flash. epcs_flash.*)
                0x0000000000011020                . = ALIGN (0x4)
                [!provide]                        PROVIDE (_alt_partition_epcs_flash_end, ABSOLUTE (.))
                [!provide]                        PROVIDE (_alt_partition_epcs_flash_load_addr, LOADADDR (.epcs_flash))

.stab
 *(.stab)

.stabstr
 *(.stabstr)

.stab.excl
 *(.stab.excl)

.stab.exclstr
 *(.stab.exclstr)

.stab.index
 *(.stab.index)

.stab.indexstr
 *(.stab.indexstr)

.comment        0x0000000000000000       0x23
 *(.comment)
 .comment       0x0000000000000000       0x23 obj/default/src/spi.o
                                         0x24 (size before relaxing)
 .comment       0x0000000000000023       0x24 E:/master_WHU/voltage_control/02volt_ctrl_software/software/volt_ctrl_bsp/\libhal_bsp.a(alt_iic.o)
 .comment       0x0000000000000023       0x24 E:/master_WHU/voltage_control/02volt_ctrl_software/software/volt_ctrl_bsp/\libhal_bsp.a(alt_iic_isr_register.o)
 .comment       0x0000000000000023       0x24 E:/master_WHU/voltage_control/02volt_ctrl_software/software/volt_ctrl_bsp/\libhal_bsp.a(alt_irq_handler.o)
 .comment       0x0000000000000023       0x24 E:/master_WHU/voltage_control/02volt_ctrl_software/software/volt_ctrl_bsp/\libhal_bsp.a(alt_irq_vars.o)
 .comment       0x0000000000000023       0x24 E:/master_WHU/voltage_control/02volt_ctrl_software/software/volt_ctrl_bsp/\libhal_bsp.a(alt_load.o)
 .comment       0x0000000000000023       0x24 E:/master_WHU/voltage_control/02volt_ctrl_software/software/volt_ctrl_bsp/\libhal_bsp.a(alt_main.o)
 .comment       0x0000000000000023       0x24 E:/master_WHU/voltage_control/02volt_ctrl_software/software/volt_ctrl_bsp/\libhal_bsp.a(alt_usleep.o)
 .comment       0x0000000000000023       0x24 E:/master_WHU/voltage_control/02volt_ctrl_software/software/volt_ctrl_bsp/\libhal_bsp.a(alt_sys_init.o)
 .comment       0x0000000000000023       0x24 E:/master_WHU/voltage_control/02volt_ctrl_software/software/volt_ctrl_bsp/\libhal_bsp.a(altera_avalon_jtag_uart_fd.o)
 .comment       0x0000000000000023       0x24 E:/master_WHU/voltage_control/02volt_ctrl_software/software/volt_ctrl_bsp/\libhal_bsp.a(altera_avalon_jtag_uart_read.o)
 .comment       0x0000000000000023       0x24 E:/master_WHU/voltage_control/02volt_ctrl_software/software/volt_ctrl_bsp/\libhal_bsp.a(altera_avalon_jtag_uart_write.o)
 .comment       0x0000000000000023       0x24 E:/master_WHU/voltage_control/02volt_ctrl_software/software/volt_ctrl_bsp/\libhal_bsp.a(altera_avalon_spi.o)
 .comment       0x0000000000000023       0x24 E:/master_WHU/voltage_control/02volt_ctrl_software/software/volt_ctrl_bsp/\libhal_bsp.a(altera_avalon_uart_fd.o)
 .comment       0x0000000000000023       0x24 E:/master_WHU/voltage_control/02volt_ctrl_software/software/volt_ctrl_bsp/\libhal_bsp.a(altera_avalon_uart_read.o)
 .comment       0x0000000000000023       0x24 E:/master_WHU/voltage_control/02volt_ctrl_software/software/volt_ctrl_bsp/\libhal_bsp.a(altera_avalon_uart_write.o)
 .comment       0x0000000000000023       0x24 E:/master_WHU/voltage_control/02volt_ctrl_software/software/volt_ctrl_bsp/\libhal_bsp.a(alt_busy_sleep.o)
 .comment       0x0000000000000023       0x24 E:/master_WHU/voltage_control/02volt_ctrl_software/software/volt_ctrl_bsp/\libhal_bsp.a(alt_close.o)
 .comment       0x0000000000000023       0x24 E:/master_WHU/voltage_control/02volt_ctrl_software/software/volt_ctrl_bsp/\libhal_bsp.a(alt_dcache_flush_all.o)
 .comment       0x0000000000000023       0x24 E:/master_WHU/voltage_control/02volt_ctrl_software/software/volt_ctrl_bsp/\libhal_bsp.a(alt_dev.o)
 .comment       0x0000000000000023       0x24 E:/master_WHU/voltage_control/02volt_ctrl_software/software/volt_ctrl_bsp/\libhal_bsp.a(alt_dev_llist_insert.o)
 .comment       0x0000000000000023       0x24 E:/master_WHU/voltage_control/02volt_ctrl_software/software/volt_ctrl_bsp/\libhal_bsp.a(alt_errno.o)
 .comment       0x0000000000000023       0x24 E:/master_WHU/voltage_control/02volt_ctrl_software/software/volt_ctrl_bsp/\libhal_bsp.a(alt_exit.o)
 .comment       0x0000000000000023       0x24 E:/master_WHU/voltage_control/02volt_ctrl_software/software/volt_ctrl_bsp/\libhal_bsp.a(alt_icache_flush_all.o)
 .comment       0x0000000000000023       0x24 E:/master_WHU/voltage_control/02volt_ctrl_software/software/volt_ctrl_bsp/\libhal_bsp.a(alt_instruction_exception_entry.o)
 .comment       0x0000000000000023       0x24 E:/master_WHU/voltage_control/02volt_ctrl_software/software/volt_ctrl_bsp/\libhal_bsp.a(alt_io_redirect.o)
 .comment       0x0000000000000023       0x24 E:/master_WHU/voltage_control/02volt_ctrl_software/software/volt_ctrl_bsp/\libhal_bsp.a(alt_open.o)
 .comment       0x0000000000000023       0x24 E:/master_WHU/voltage_control/02volt_ctrl_software/software/volt_ctrl_bsp/\libhal_bsp.a(alt_release_fd.o)
 .comment       0x0000000000000023       0x24 E:/master_WHU/voltage_control/02volt_ctrl_software/software/volt_ctrl_bsp/\libhal_bsp.a(altera_nios2_gen2_irq.o)
 .comment       0x0000000000000023       0x24 E:/master_WHU/voltage_control/02volt_ctrl_software/software/volt_ctrl_bsp/\libhal_bsp.a(alt_find_dev.o)
 .comment       0x0000000000000023       0x24 E:/master_WHU/voltage_control/02volt_ctrl_software/software/volt_ctrl_bsp/\libhal_bsp.a(alt_find_file.o)
 .comment       0x0000000000000023       0x24 E:/master_WHU/voltage_control/02volt_ctrl_software/software/volt_ctrl_bsp/\libhal_bsp.a(alt_get_fd.o)
 .comment       0x0000000000000023       0x24 E:/master_WHU/voltage_control/02volt_ctrl_software/software/volt_ctrl_bsp/\libhal_bsp.a(alt_icache_flush.o)
 .comment       0x0000000000000023       0x24 d:/intelfpga/18.1/nios2eds/bin/gnu/h-x86_64-mingw32/bin/../lib/gcc/nios2-elf/5.3.0/../../../../../H-x86_64-mingw32/nios2-elf/lib\libsmallc.a(lib_a-int_errno.o)
 .comment       0x0000000000000023       0x24 d:/intelfpga/18.1/nios2eds/bin/gnu/h-x86_64-mingw32/bin/../lib/gcc/nios2-elf/5.3.0/../../../../../H-x86_64-mingw32/nios2-elf/lib\libsmallc.a(lib_a-memcmp.o)
 .comment       0x0000000000000023       0x24 d:/intelfpga/18.1/nios2eds/bin/gnu/h-x86_64-mingw32/bin/../lib/gcc/nios2-elf/5.3.0/../../../../../H-x86_64-mingw32/nios2-elf/lib\libsmallc.a(lib_a-strlen.o)
 .comment       0x0000000000000023       0x24 d:/intelfpga/18.1/nios2eds/bin/gnu/h-x86_64-mingw32/bin/../lib/gcc/nios2-elf/5.3.0\libgcc.a(lib2-divmod.o)

.debug
 *(.debug)

.line
 *(.line)

.debug_srcinfo
 *(.debug_srcinfo)

.debug_sfnames
 *(.debug_sfnames)

.debug_aranges  0x0000000000000000      0x518
 *(.debug_aranges)
 .debug_aranges
                0x0000000000000000       0x20 E:/master_WHU/voltage_control/02volt_ctrl_software/software/volt_ctrl_bsp//obj/HAL/src/crt0.o
 .debug_aranges
                0x0000000000000020       0x20 obj/default/src/spi.o
 .debug_aranges
                0x0000000000000040       0x20 E:/master_WHU/voltage_control/02volt_ctrl_software/software/volt_ctrl_bsp/\libhal_bsp.a(alt_iic.o)
 .debug_aranges
                0x0000000000000060       0x20 E:/master_WHU/voltage_control/02volt_ctrl_software/software/volt_ctrl_bsp/\libhal_bsp.a(alt_iic_isr_register.o)
 .debug_aranges
                0x0000000000000080       0x30 E:/master_WHU/voltage_control/02volt_ctrl_software/software/volt_ctrl_bsp/\libhal_bsp.a(alt_irq_entry.o)
 .debug_aranges
                0x00000000000000b0       0x20 E:/master_WHU/voltage_control/02volt_ctrl_software/software/volt_ctrl_bsp/\libhal_bsp.a(alt_irq_handler.o)
 .debug_aranges
                0x00000000000000d0       0x18 E:/master_WHU/voltage_control/02volt_ctrl_software/software/volt_ctrl_bsp/\libhal_bsp.a(alt_irq_vars.o)
 .debug_aranges
                0x00000000000000e8       0x20 E:/master_WHU/voltage_control/02volt_ctrl_software/software/volt_ctrl_bsp/\libhal_bsp.a(alt_load.o)
 .debug_aranges
                0x0000000000000108       0x20 E:/master_WHU/voltage_control/02volt_ctrl_software/software/volt_ctrl_bsp/\libhal_bsp.a(alt_main.o)
 .debug_aranges
                0x0000000000000128       0x20 E:/master_WHU/voltage_control/02volt_ctrl_software/software/volt_ctrl_bsp/\libhal_bsp.a(alt_usleep.o)
 .debug_aranges
                0x0000000000000148       0x20 E:/master_WHU/voltage_control/02volt_ctrl_software/software/volt_ctrl_bsp/\libhal_bsp.a(alt_sys_init.o)
 .debug_aranges
                0x0000000000000168       0x20 E:/master_WHU/voltage_control/02volt_ctrl_software/software/volt_ctrl_bsp/\libhal_bsp.a(altera_avalon_jtag_uart_fd.o)
 .debug_aranges
                0x0000000000000188       0x20 E:/master_WHU/voltage_control/02volt_ctrl_software/software/volt_ctrl_bsp/\libhal_bsp.a(altera_avalon_jtag_uart_read.o)
 .debug_aranges
                0x00000000000001a8       0x20 E:/master_WHU/voltage_control/02volt_ctrl_software/software/volt_ctrl_bsp/\libhal_bsp.a(altera_avalon_jtag_uart_write.o)
 .debug_aranges
                0x00000000000001c8       0x20 E:/master_WHU/voltage_control/02volt_ctrl_software/software/volt_ctrl_bsp/\libhal_bsp.a(altera_avalon_spi.o)
 .debug_aranges
                0x00000000000001e8       0x20 E:/master_WHU/voltage_control/02volt_ctrl_software/software/volt_ctrl_bsp/\libhal_bsp.a(altera_avalon_uart_fd.o)
 .debug_aranges
                0x0000000000000208       0x20 E:/master_WHU/voltage_control/02volt_ctrl_software/software/volt_ctrl_bsp/\libhal_bsp.a(altera_avalon_uart_read.o)
 .debug_aranges
                0x0000000000000228       0x20 E:/master_WHU/voltage_control/02volt_ctrl_software/software/volt_ctrl_bsp/\libhal_bsp.a(altera_avalon_uart_write.o)
 .debug_aranges
                0x0000000000000248       0x20 E:/master_WHU/voltage_control/02volt_ctrl_software/software/volt_ctrl_bsp/\libhal_bsp.a(alt_busy_sleep.o)
 .debug_aranges
                0x0000000000000268       0x20 E:/master_WHU/voltage_control/02volt_ctrl_software/software/volt_ctrl_bsp/\libhal_bsp.a(alt_close.o)
 .debug_aranges
                0x0000000000000288       0x20 E:/master_WHU/voltage_control/02volt_ctrl_software/software/volt_ctrl_bsp/\libhal_bsp.a(alt_dcache_flush_all.o)
 .debug_aranges
                0x00000000000002a8       0x20 E:/master_WHU/voltage_control/02volt_ctrl_software/software/volt_ctrl_bsp/\libhal_bsp.a(alt_dev.o)
 .debug_aranges
                0x00000000000002c8       0x20 E:/master_WHU/voltage_control/02volt_ctrl_software/software/volt_ctrl_bsp/\libhal_bsp.a(alt_dev_llist_insert.o)
 .debug_aranges
                0x00000000000002e8       0x18 E:/master_WHU/voltage_control/02volt_ctrl_software/software/volt_ctrl_bsp/\libhal_bsp.a(alt_errno.o)
 .debug_aranges
                0x0000000000000300       0x38 E:/master_WHU/voltage_control/02volt_ctrl_software/software/volt_ctrl_bsp/\libhal_bsp.a(alt_exception_entry.o)
 .debug_aranges
                0x0000000000000338       0x20 E:/master_WHU/voltage_control/02volt_ctrl_software/software/volt_ctrl_bsp/\libhal_bsp.a(alt_exit.o)
 .debug_aranges
                0x0000000000000358       0x20 E:/master_WHU/voltage_control/02volt_ctrl_software/software/volt_ctrl_bsp/\libhal_bsp.a(alt_icache_flush_all.o)
 .debug_aranges
                0x0000000000000378       0x28 E:/master_WHU/voltage_control/02volt_ctrl_software/software/volt_ctrl_bsp/\libhal_bsp.a(alt_instruction_exception_entry.o)
 .debug_aranges
                0x00000000000003a0       0x20 E:/master_WHU/voltage_control/02volt_ctrl_software/software/volt_ctrl_bsp/\libhal_bsp.a(alt_io_redirect.o)
 .debug_aranges
                0x00000000000003c0       0x20 E:/master_WHU/voltage_control/02volt_ctrl_software/software/volt_ctrl_bsp/\libhal_bsp.a(alt_open.o)
 .debug_aranges
                0x00000000000003e0       0x20 E:/master_WHU/voltage_control/02volt_ctrl_software/software/volt_ctrl_bsp/\libhal_bsp.a(alt_release_fd.o)
 .debug_aranges
                0x0000000000000400       0x20 E:/master_WHU/voltage_control/02volt_ctrl_software/software/volt_ctrl_bsp/\libhal_bsp.a(altera_nios2_gen2_irq.o)
 .debug_aranges
                0x0000000000000420       0x20 E:/master_WHU/voltage_control/02volt_ctrl_software/software/volt_ctrl_bsp/\libhal_bsp.a(alt_find_dev.o)
 .debug_aranges
                0x0000000000000440       0x20 E:/master_WHU/voltage_control/02volt_ctrl_software/software/volt_ctrl_bsp/\libhal_bsp.a(alt_find_file.o)
 .debug_aranges
                0x0000000000000460       0x20 E:/master_WHU/voltage_control/02volt_ctrl_software/software/volt_ctrl_bsp/\libhal_bsp.a(alt_get_fd.o)
 .debug_aranges
                0x0000000000000480       0x20 E:/master_WHU/voltage_control/02volt_ctrl_software/software/volt_ctrl_bsp/\libhal_bsp.a(alt_icache_flush.o)
 .debug_aranges
                0x00000000000004a0       0x18 d:/intelfpga/18.1/nios2eds/bin/gnu/h-x86_64-mingw32/bin/../lib/gcc/nios2-elf/5.3.0/../../../../../H-x86_64-mingw32/nios2-elf/lib\libsmallc.a(lib_a-int_errno.o)
 .debug_aranges
                0x00000000000004b8       0x20 d:/intelfpga/18.1/nios2eds/bin/gnu/h-x86_64-mingw32/bin/../lib/gcc/nios2-elf/5.3.0/../../../../../H-x86_64-mingw32/nios2-elf/lib\libsmallc.a(lib_a-memcmp.o)
 .debug_aranges
                0x00000000000004d8       0x20 d:/intelfpga/18.1/nios2eds/bin/gnu/h-x86_64-mingw32/bin/../lib/gcc/nios2-elf/5.3.0/../../../../../H-x86_64-mingw32/nios2-elf/lib\libsmallc.a(lib_a-strlen.o)
 .debug_aranges
                0x00000000000004f8       0x20 d:/intelfpga/18.1/nios2eds/bin/gnu/h-x86_64-mingw32/bin/../lib/gcc/nios2-elf/5.3.0\libgcc.a(lib2-divmod.o)

.debug_pubnames
 *(.debug_pubnames)

.debug_info     0x0000000000000000     0x4ba6
 *(.debug_info .gnu.linkonce.wi.*)
 .debug_info    0x0000000000000000       0x82 E:/master_WHU/voltage_control/02volt_ctrl_software/software/volt_ctrl_bsp//obj/HAL/src/crt0.o
 .debug_info    0x0000000000000082      0x2aa obj/default/src/spi.o
 .debug_info    0x000000000000032c      0x350 E:/master_WHU/voltage_control/02volt_ctrl_software/software/volt_ctrl_bsp/\libhal_bsp.a(alt_iic.o)
 .debug_info    0x000000000000067c      0x1ef E:/master_WHU/voltage_control/02volt_ctrl_software/software/volt_ctrl_bsp/\libhal_bsp.a(alt_iic_isr_register.o)
 .debug_info    0x000000000000086b       0x87 E:/master_WHU/voltage_control/02volt_ctrl_software/software/volt_ctrl_bsp/\libhal_bsp.a(alt_irq_entry.o)
 .debug_info    0x00000000000008f2      0x187 E:/master_WHU/voltage_control/02volt_ctrl_software/software/volt_ctrl_bsp/\libhal_bsp.a(alt_irq_handler.o)
 .debug_info    0x0000000000000a79       0x88 E:/master_WHU/voltage_control/02volt_ctrl_software/software/volt_ctrl_bsp/\libhal_bsp.a(alt_irq_vars.o)
 .debug_info    0x0000000000000b01      0x145 E:/master_WHU/voltage_control/02volt_ctrl_software/software/volt_ctrl_bsp/\libhal_bsp.a(alt_load.o)
 .debug_info    0x0000000000000c46      0x131 E:/master_WHU/voltage_control/02volt_ctrl_software/software/volt_ctrl_bsp/\libhal_bsp.a(alt_main.o)
 .debug_info    0x0000000000000d77       0xb0 E:/master_WHU/voltage_control/02volt_ctrl_software/software/volt_ctrl_bsp/\libhal_bsp.a(alt_usleep.o)
 .debug_info    0x0000000000000e27      0x439 E:/master_WHU/voltage_control/02volt_ctrl_software/software/volt_ctrl_bsp/\libhal_bsp.a(alt_sys_init.o)
 .debug_info    0x0000000000001260      0x3a7 E:/master_WHU/voltage_control/02volt_ctrl_software/software/volt_ctrl_bsp/\libhal_bsp.a(altera_avalon_jtag_uart_fd.o)
 .debug_info    0x0000000000001607      0x1b2 E:/master_WHU/voltage_control/02volt_ctrl_software/software/volt_ctrl_bsp/\libhal_bsp.a(altera_avalon_jtag_uart_read.o)
 .debug_info    0x00000000000017b9      0x195 E:/master_WHU/voltage_control/02volt_ctrl_software/software/volt_ctrl_bsp/\libhal_bsp.a(altera_avalon_jtag_uart_write.o)
 .debug_info    0x000000000000194e      0x18d E:/master_WHU/voltage_control/02volt_ctrl_software/software/volt_ctrl_bsp/\libhal_bsp.a(altera_avalon_spi.o)
 .debug_info    0x0000000000001adb      0x388 E:/master_WHU/voltage_control/02volt_ctrl_software/software/volt_ctrl_bsp/\libhal_bsp.a(altera_avalon_uart_fd.o)
 .debug_info    0x0000000000001e63      0x1a6 E:/master_WHU/voltage_control/02volt_ctrl_software/software/volt_ctrl_bsp/\libhal_bsp.a(altera_avalon_uart_read.o)
 .debug_info    0x0000000000002009      0x1b9 E:/master_WHU/voltage_control/02volt_ctrl_software/software/volt_ctrl_bsp/\libhal_bsp.a(altera_avalon_uart_write.o)
 .debug_info    0x00000000000021c2       0xd7 E:/master_WHU/voltage_control/02volt_ctrl_software/software/volt_ctrl_bsp/\libhal_bsp.a(alt_busy_sleep.o)
 .debug_info    0x0000000000002299      0x321 E:/master_WHU/voltage_control/02volt_ctrl_software/software/volt_ctrl_bsp/\libhal_bsp.a(alt_close.o)
 .debug_info    0x00000000000025ba       0xa5 E:/master_WHU/voltage_control/02volt_ctrl_software/software/volt_ctrl_bsp/\libhal_bsp.a(alt_dcache_flush_all.o)
 .debug_info    0x000000000000265f      0x49c E:/master_WHU/voltage_control/02volt_ctrl_software/software/volt_ctrl_bsp/\libhal_bsp.a(alt_dev.o)
 .debug_info    0x0000000000002afb      0x1a9 E:/master_WHU/voltage_control/02volt_ctrl_software/software/volt_ctrl_bsp/\libhal_bsp.a(alt_dev_llist_insert.o)
 .debug_info    0x0000000000002ca4       0xa6 E:/master_WHU/voltage_control/02volt_ctrl_software/software/volt_ctrl_bsp/\libhal_bsp.a(alt_errno.o)
 .debug_info    0x0000000000002d4a       0x8d E:/master_WHU/voltage_control/02volt_ctrl_software/software/volt_ctrl_bsp/\libhal_bsp.a(alt_exception_entry.o)
 .debug_info    0x0000000000002dd7       0xec E:/master_WHU/voltage_control/02volt_ctrl_software/software/volt_ctrl_bsp/\libhal_bsp.a(alt_exit.o)
 .debug_info    0x0000000000002ec3       0x92 E:/master_WHU/voltage_control/02volt_ctrl_software/software/volt_ctrl_bsp/\libhal_bsp.a(alt_icache_flush_all.o)
 .debug_info    0x0000000000002f55      0x1e7 E:/master_WHU/voltage_control/02volt_ctrl_software/software/volt_ctrl_bsp/\libhal_bsp.a(alt_instruction_exception_entry.o)
 .debug_info    0x000000000000313c      0x4a5 E:/master_WHU/voltage_control/02volt_ctrl_software/software/volt_ctrl_bsp/\libhal_bsp.a(alt_io_redirect.o)
 .debug_info    0x00000000000035e1      0x3bb E:/master_WHU/voltage_control/02volt_ctrl_software/software/volt_ctrl_bsp/\libhal_bsp.a(alt_open.o)
 .debug_info    0x000000000000399c      0x2b0 E:/master_WHU/voltage_control/02volt_ctrl_software/software/volt_ctrl_bsp/\libhal_bsp.a(alt_release_fd.o)
 .debug_info    0x0000000000003c4c       0x92 E:/master_WHU/voltage_control/02volt_ctrl_software/software/volt_ctrl_bsp/\libhal_bsp.a(altera_nios2_gen2_irq.o)
 .debug_info    0x0000000000003cde      0x2e9 E:/master_WHU/voltage_control/02volt_ctrl_software/software/volt_ctrl_bsp/\libhal_bsp.a(alt_find_dev.o)
 .debug_info    0x0000000000003fc7      0x2e6 E:/master_WHU/voltage_control/02volt_ctrl_software/software/volt_ctrl_bsp/\libhal_bsp.a(alt_find_file.o)
 .debug_info    0x00000000000042ad      0x310 E:/master_WHU/voltage_control/02volt_ctrl_software/software/volt_ctrl_bsp/\libhal_bsp.a(alt_get_fd.o)
 .debug_info    0x00000000000045bd       0xdc E:/master_WHU/voltage_control/02volt_ctrl_software/software/volt_ctrl_bsp/\libhal_bsp.a(alt_icache_flush.o)
 .debug_info    0x0000000000004699       0x8a d:/intelfpga/18.1/nios2eds/bin/gnu/h-x86_64-mingw32/bin/../lib/gcc/nios2-elf/5.3.0/../../../../../H-x86_64-mingw32/nios2-elf/lib\libsmallc.a(lib_a-int_errno.o)
 .debug_info    0x0000000000004723       0xf4 d:/intelfpga/18.1/nios2eds/bin/gnu/h-x86_64-mingw32/bin/../lib/gcc/nios2-elf/5.3.0/../../../../../H-x86_64-mingw32/nios2-elf/lib\libsmallc.a(lib_a-memcmp.o)
 .debug_info    0x0000000000004817       0xc9 d:/intelfpga/18.1/nios2eds/bin/gnu/h-x86_64-mingw32/bin/../lib/gcc/nios2-elf/5.3.0/../../../../../H-x86_64-mingw32/nios2-elf/lib\libsmallc.a(lib_a-strlen.o)
 .debug_info    0x00000000000048e0      0x2c6 d:/intelfpga/18.1/nios2eds/bin/gnu/h-x86_64-mingw32/bin/../lib/gcc/nios2-elf/5.3.0\libgcc.a(lib2-divmod.o)

.debug_abbrev   0x0000000000000000     0x1da1
 *(.debug_abbrev)
 .debug_abbrev  0x0000000000000000       0x14 E:/master_WHU/voltage_control/02volt_ctrl_software/software/volt_ctrl_bsp//obj/HAL/src/crt0.o
 .debug_abbrev  0x0000000000000014      0x11a obj/default/src/spi.o
 .debug_abbrev  0x000000000000012e      0x163 E:/master_WHU/voltage_control/02volt_ctrl_software/software/volt_ctrl_bsp/\libhal_bsp.a(alt_iic.o)
 .debug_abbrev  0x0000000000000291      0x169 E:/master_WHU/voltage_control/02volt_ctrl_software/software/volt_ctrl_bsp/\libhal_bsp.a(alt_iic_isr_register.o)
 .debug_abbrev  0x00000000000003fa       0x12 E:/master_WHU/voltage_control/02volt_ctrl_software/software/volt_ctrl_bsp/\libhal_bsp.a(alt_irq_entry.o)
 .debug_abbrev  0x000000000000040c      0x122 E:/master_WHU/voltage_control/02volt_ctrl_software/software/volt_ctrl_bsp/\libhal_bsp.a(alt_irq_handler.o)
 .debug_abbrev  0x000000000000052e       0x40 E:/master_WHU/voltage_control/02volt_ctrl_software/software/volt_ctrl_bsp/\libhal_bsp.a(alt_irq_vars.o)
 .debug_abbrev  0x000000000000056e       0x9f E:/master_WHU/voltage_control/02volt_ctrl_software/software/volt_ctrl_bsp/\libhal_bsp.a(alt_load.o)
 .debug_abbrev  0x000000000000060d       0xba E:/master_WHU/voltage_control/02volt_ctrl_software/software/volt_ctrl_bsp/\libhal_bsp.a(alt_main.o)
 .debug_abbrev  0x00000000000006c7       0x60 E:/master_WHU/voltage_control/02volt_ctrl_software/software/volt_ctrl_bsp/\libhal_bsp.a(alt_usleep.o)
 .debug_abbrev  0x0000000000000727      0x157 E:/master_WHU/voltage_control/02volt_ctrl_software/software/volt_ctrl_bsp/\libhal_bsp.a(alt_sys_init.o)
 .debug_abbrev  0x000000000000087e       0xf7 E:/master_WHU/voltage_control/02volt_ctrl_software/software/volt_ctrl_bsp/\libhal_bsp.a(altera_avalon_jtag_uart_fd.o)
 .debug_abbrev  0x0000000000000975       0xd5 E:/master_WHU/voltage_control/02volt_ctrl_software/software/volt_ctrl_bsp/\libhal_bsp.a(altera_avalon_jtag_uart_read.o)
 .debug_abbrev  0x0000000000000a4a       0xd5 E:/master_WHU/voltage_control/02volt_ctrl_software/software/volt_ctrl_bsp/\libhal_bsp.a(altera_avalon_jtag_uart_write.o)
 .debug_abbrev  0x0000000000000b1f       0x8a E:/master_WHU/voltage_control/02volt_ctrl_software/software/volt_ctrl_bsp/\libhal_bsp.a(altera_avalon_spi.o)
 .debug_abbrev  0x0000000000000ba9       0xf0 E:/master_WHU/voltage_control/02volt_ctrl_software/software/volt_ctrl_bsp/\libhal_bsp.a(altera_avalon_uart_fd.o)
 .debug_abbrev  0x0000000000000c99       0xd9 E:/master_WHU/voltage_control/02volt_ctrl_software/software/volt_ctrl_bsp/\libhal_bsp.a(altera_avalon_uart_read.o)
 .debug_abbrev  0x0000000000000d72       0xe0 E:/master_WHU/voltage_control/02volt_ctrl_software/software/volt_ctrl_bsp/\libhal_bsp.a(altera_avalon_uart_write.o)
 .debug_abbrev  0x0000000000000e52       0x7e E:/master_WHU/voltage_control/02volt_ctrl_software/software/volt_ctrl_bsp/\libhal_bsp.a(alt_busy_sleep.o)
 .debug_abbrev  0x0000000000000ed0      0x11f E:/master_WHU/voltage_control/02volt_ctrl_software/software/volt_ctrl_bsp/\libhal_bsp.a(alt_close.o)
 .debug_abbrev  0x0000000000000fef       0x5a E:/master_WHU/voltage_control/02volt_ctrl_software/software/volt_ctrl_bsp/\libhal_bsp.a(alt_dcache_flush_all.o)
 .debug_abbrev  0x0000000000001049       0xd9 E:/master_WHU/voltage_control/02volt_ctrl_software/software/volt_ctrl_bsp/\libhal_bsp.a(alt_dev.o)
 .debug_abbrev  0x0000000000001122      0x114 E:/master_WHU/voltage_control/02volt_ctrl_software/software/volt_ctrl_bsp/\libhal_bsp.a(alt_dev_llist_insert.o)
 .debug_abbrev  0x0000000000001236       0x5a E:/master_WHU/voltage_control/02volt_ctrl_software/software/volt_ctrl_bsp/\libhal_bsp.a(alt_errno.o)
 .debug_abbrev  0x0000000000001290       0x12 E:/master_WHU/voltage_control/02volt_ctrl_software/software/volt_ctrl_bsp/\libhal_bsp.a(alt_exception_entry.o)
 .debug_abbrev  0x00000000000012a2       0xa9 E:/master_WHU/voltage_control/02volt_ctrl_software/software/volt_ctrl_bsp/\libhal_bsp.a(alt_exit.o)
 .debug_abbrev  0x000000000000134b       0x42 E:/master_WHU/voltage_control/02volt_ctrl_software/software/volt_ctrl_bsp/\libhal_bsp.a(alt_icache_flush_all.o)
 .debug_abbrev  0x000000000000138d       0xdc E:/master_WHU/voltage_control/02volt_ctrl_software/software/volt_ctrl_bsp/\libhal_bsp.a(alt_instruction_exception_entry.o)
 .debug_abbrev  0x0000000000001469      0x114 E:/master_WHU/voltage_control/02volt_ctrl_software/software/volt_ctrl_bsp/\libhal_bsp.a(alt_io_redirect.o)
 .debug_abbrev  0x000000000000157d      0x148 E:/master_WHU/voltage_control/02volt_ctrl_software/software/volt_ctrl_bsp/\libhal_bsp.a(alt_open.o)
 .debug_abbrev  0x00000000000016c5       0xde E:/master_WHU/voltage_control/02volt_ctrl_software/software/volt_ctrl_bsp/\libhal_bsp.a(alt_release_fd.o)
 .debug_abbrev  0x00000000000017a3       0x42 E:/master_WHU/voltage_control/02volt_ctrl_software/software/volt_ctrl_bsp/\libhal_bsp.a(altera_nios2_gen2_irq.o)
 .debug_abbrev  0x00000000000017e5       0xf0 E:/master_WHU/voltage_control/02volt_ctrl_software/software/volt_ctrl_bsp/\libhal_bsp.a(alt_find_dev.o)
 .debug_abbrev  0x00000000000018d5       0xf0 E:/master_WHU/voltage_control/02volt_ctrl_software/software/volt_ctrl_bsp/\libhal_bsp.a(alt_find_file.o)
 .debug_abbrev  0x00000000000019c5      0x10d E:/master_WHU/voltage_control/02volt_ctrl_software/software/volt_ctrl_bsp/\libhal_bsp.a(alt_get_fd.o)
 .debug_abbrev  0x0000000000001ad2       0x8c E:/master_WHU/voltage_control/02volt_ctrl_software/software/volt_ctrl_bsp/\libhal_bsp.a(alt_icache_flush.o)
 .debug_abbrev  0x0000000000001b5e       0x37 d:/intelfpga/18.1/nios2eds/bin/gnu/h-x86_64-mingw32/bin/../lib/gcc/nios2-elf/5.3.0/../../../../../H-x86_64-mingw32/nios2-elf/lib\libsmallc.a(lib_a-int_errno.o)
 .debug_abbrev  0x0000000000001b95       0x7f d:/intelfpga/18.1/nios2eds/bin/gnu/h-x86_64-mingw32/bin/../lib/gcc/nios2-elf/5.3.0/../../../../../H-x86_64-mingw32/nios2-elf/lib\libsmallc.a(lib_a-memcmp.o)
 .debug_abbrev  0x0000000000001c14       0x7f d:/intelfpga/18.1/nios2eds/bin/gnu/h-x86_64-mingw32/bin/../lib/gcc/nios2-elf/5.3.0/../../../../../H-x86_64-mingw32/nios2-elf/lib\libsmallc.a(lib_a-strlen.o)
 .debug_abbrev  0x0000000000001c93      0x10e d:/intelfpga/18.1/nios2eds/bin/gnu/h-x86_64-mingw32/bin/../lib/gcc/nios2-elf/5.3.0\libgcc.a(lib2-divmod.o)

.debug_line     0x0000000000000000     0x2153
 *(.debug_line)
 .debug_line    0x0000000000000000       0x5a E:/master_WHU/voltage_control/02volt_ctrl_software/software/volt_ctrl_bsp//obj/HAL/src/crt0.o
 .debug_line    0x000000000000005a      0x311 obj/default/src/spi.o
 .debug_line    0x000000000000036b       0xeb E:/master_WHU/voltage_control/02volt_ctrl_software/software/volt_ctrl_bsp/\libhal_bsp.a(alt_iic.o)
 .debug_line    0x0000000000000456       0xdb E:/master_WHU/voltage_control/02volt_ctrl_software/software/volt_ctrl_bsp/\libhal_bsp.a(alt_iic_isr_register.o)
 .debug_line    0x0000000000000531       0x6b E:/master_WHU/voltage_control/02volt_ctrl_software/software/volt_ctrl_bsp/\libhal_bsp.a(alt_irq_entry.o)
 .debug_line    0x000000000000059c       0xaa E:/master_WHU/voltage_control/02volt_ctrl_software/software/volt_ctrl_bsp/\libhal_bsp.a(alt_irq_handler.o)
 .debug_line    0x0000000000000646       0x50 E:/master_WHU/voltage_control/02volt_ctrl_software/software/volt_ctrl_bsp/\libhal_bsp.a(alt_irq_vars.o)
 .debug_line    0x0000000000000696       0x8e E:/master_WHU/voltage_control/02volt_ctrl_software/software/volt_ctrl_bsp/\libhal_bsp.a(alt_load.o)
 .debug_line    0x0000000000000724       0x9e E:/master_WHU/voltage_control/02volt_ctrl_software/software/volt_ctrl_bsp/\libhal_bsp.a(alt_main.o)
 .debug_line    0x00000000000007c2       0xa8 E:/master_WHU/voltage_control/02volt_ctrl_software/software/volt_ctrl_bsp/\libhal_bsp.a(alt_usleep.o)
 .debug_line    0x000000000000086a      0x170 E:/master_WHU/voltage_control/02volt_ctrl_software/software/volt_ctrl_bsp/\libhal_bsp.a(alt_sys_init.o)
 .debug_line    0x00000000000009da      0x112 E:/master_WHU/voltage_control/02volt_ctrl_software/software/volt_ctrl_bsp/\libhal_bsp.a(altera_avalon_jtag_uart_fd.o)
 .debug_line    0x0000000000000aec       0xfd E:/master_WHU/voltage_control/02volt_ctrl_software/software/volt_ctrl_bsp/\libhal_bsp.a(altera_avalon_jtag_uart_read.o)
 .debug_line    0x0000000000000be9       0xf4 E:/master_WHU/voltage_control/02volt_ctrl_software/software/volt_ctrl_bsp/\libhal_bsp.a(altera_avalon_jtag_uart_write.o)
 .debug_line    0x0000000000000cdd       0xb7 E:/master_WHU/voltage_control/02volt_ctrl_software/software/volt_ctrl_bsp/\libhal_bsp.a(altera_avalon_spi.o)
 .debug_line    0x0000000000000d94       0xe5 E:/master_WHU/voltage_control/02volt_ctrl_software/software/volt_ctrl_bsp/\libhal_bsp.a(altera_avalon_uart_fd.o)
 .debug_line    0x0000000000000e79       0xf6 E:/master_WHU/voltage_control/02volt_ctrl_software/software/volt_ctrl_bsp/\libhal_bsp.a(altera_avalon_uart_read.o)
 .debug_line    0x0000000000000f6f       0xfe E:/master_WHU/voltage_control/02volt_ctrl_software/software/volt_ctrl_bsp/\libhal_bsp.a(altera_avalon_uart_write.o)
 .debug_line    0x000000000000106d       0xa0 E:/master_WHU/voltage_control/02volt_ctrl_software/software/volt_ctrl_bsp/\libhal_bsp.a(alt_busy_sleep.o)
 .debug_line    0x000000000000110d      0x160 E:/master_WHU/voltage_control/02volt_ctrl_software/software/volt_ctrl_bsp/\libhal_bsp.a(alt_close.o)
 .debug_line    0x000000000000126d       0x61 E:/master_WHU/voltage_control/02volt_ctrl_software/software/volt_ctrl_bsp/\libhal_bsp.a(alt_dcache_flush_all.o)
 .debug_line    0x00000000000012ce       0xf3 E:/master_WHU/voltage_control/02volt_ctrl_software/software/volt_ctrl_bsp/\libhal_bsp.a(alt_dev.o)
 .debug_line    0x00000000000013c1       0xcf E:/master_WHU/voltage_control/02volt_ctrl_software/software/volt_ctrl_bsp/\libhal_bsp.a(alt_dev_llist_insert.o)
 .debug_line    0x0000000000001490       0x51 E:/master_WHU/voltage_control/02volt_ctrl_software/software/volt_ctrl_bsp/\libhal_bsp.a(alt_errno.o)
 .debug_line    0x00000000000014e1       0xb3 E:/master_WHU/voltage_control/02volt_ctrl_software/software/volt_ctrl_bsp/\libhal_bsp.a(alt_exception_entry.o)
 .debug_line    0x0000000000001594       0x71 E:/master_WHU/voltage_control/02volt_ctrl_software/software/volt_ctrl_bsp/\libhal_bsp.a(alt_exit.o)
 .debug_line    0x0000000000001605       0x50 E:/master_WHU/voltage_control/02volt_ctrl_software/software/volt_ctrl_bsp/\libhal_bsp.a(alt_icache_flush_all.o)
 .debug_line    0x0000000000001655       0xba E:/master_WHU/voltage_control/02volt_ctrl_software/software/volt_ctrl_bsp/\libhal_bsp.a(alt_instruction_exception_entry.o)
 .debug_line    0x000000000000170f      0x12e E:/master_WHU/voltage_control/02volt_ctrl_software/software/volt_ctrl_bsp/\libhal_bsp.a(alt_io_redirect.o)
 .debug_line    0x000000000000183d      0x128 E:/master_WHU/voltage_control/02volt_ctrl_software/software/volt_ctrl_bsp/\libhal_bsp.a(alt_open.o)
 .debug_line    0x0000000000001965       0xae E:/master_WHU/voltage_control/02volt_ctrl_software/software/volt_ctrl_bsp/\libhal_bsp.a(alt_release_fd.o)
 .debug_line    0x0000000000001a13       0x51 E:/master_WHU/voltage_control/02volt_ctrl_software/software/volt_ctrl_bsp/\libhal_bsp.a(altera_nios2_gen2_irq.o)
 .debug_line    0x0000000000001a64       0xb5 E:/master_WHU/voltage_control/02volt_ctrl_software/software/volt_ctrl_bsp/\libhal_bsp.a(alt_find_dev.o)
 .debug_line    0x0000000000001b19       0xd1 E:/master_WHU/voltage_control/02volt_ctrl_software/software/volt_ctrl_bsp/\libhal_bsp.a(alt_find_file.o)
 .debug_line    0x0000000000001bea       0xd4 E:/master_WHU/voltage_control/02volt_ctrl_software/software/volt_ctrl_bsp/\libhal_bsp.a(alt_get_fd.o)
 .debug_line    0x0000000000001cbe       0x81 E:/master_WHU/voltage_control/02volt_ctrl_software/software/volt_ctrl_bsp/\libhal_bsp.a(alt_icache_flush.o)
 .debug_line    0x0000000000001d3f       0x5c d:/intelfpga/18.1/nios2eds/bin/gnu/h-x86_64-mingw32/bin/../lib/gcc/nios2-elf/5.3.0/../../../../../H-x86_64-mingw32/nios2-elf/lib\libsmallc.a(lib_a-int_errno.o)
 .debug_line    0x0000000000001d9b      0x15d d:/intelfpga/18.1/nios2eds/bin/gnu/h-x86_64-mingw32/bin/../lib/gcc/nios2-elf/5.3.0/../../../../../H-x86_64-mingw32/nios2-elf/lib\libsmallc.a(lib_a-memcmp.o)
 .debug_line    0x0000000000001ef8      0x159 d:/intelfpga/18.1/nios2eds/bin/gnu/h-x86_64-mingw32/bin/../lib/gcc/nios2-elf/5.3.0/../../../../../H-x86_64-mingw32/nios2-elf/lib\libsmallc.a(lib_a-strlen.o)
 .debug_line    0x0000000000002051      0x102 d:/intelfpga/18.1/nios2eds/bin/gnu/h-x86_64-mingw32/bin/../lib/gcc/nios2-elf/5.3.0\libgcc.a(lib2-divmod.o)

.debug_frame    0x0000000000000000      0xa0c
 *(.debug_frame)
 .debug_frame   0x0000000000000000       0xc0 obj/default/src/spi.o
 .debug_frame   0x00000000000000c0       0xa4 E:/master_WHU/voltage_control/02volt_ctrl_software/software/volt_ctrl_bsp/\libhal_bsp.a(alt_iic.o)
 .debug_frame   0x0000000000000164       0x38 E:/master_WHU/voltage_control/02volt_ctrl_software/software/volt_ctrl_bsp/\libhal_bsp.a(alt_iic_isr_register.o)
 .debug_frame   0x000000000000019c       0x38 E:/master_WHU/voltage_control/02volt_ctrl_software/software/volt_ctrl_bsp/\libhal_bsp.a(alt_irq_handler.o)
 .debug_frame   0x00000000000001d4       0x5c E:/master_WHU/voltage_control/02volt_ctrl_software/software/volt_ctrl_bsp/\libhal_bsp.a(alt_load.o)
 .debug_frame   0x0000000000000230       0x2c E:/master_WHU/voltage_control/02volt_ctrl_software/software/volt_ctrl_bsp/\libhal_bsp.a(alt_main.o)
 .debug_frame   0x000000000000025c       0x38 E:/master_WHU/voltage_control/02volt_ctrl_software/software/volt_ctrl_bsp/\libhal_bsp.a(alt_usleep.o)
 .debug_frame   0x0000000000000294       0x88 E:/master_WHU/voltage_control/02volt_ctrl_software/software/volt_ctrl_bsp/\libhal_bsp.a(alt_sys_init.o)
 .debug_frame   0x000000000000031c       0x60 E:/master_WHU/voltage_control/02volt_ctrl_software/software/volt_ctrl_bsp/\libhal_bsp.a(altera_avalon_jtag_uart_fd.o)
 .debug_frame   0x000000000000037c       0x34 E:/master_WHU/voltage_control/02volt_ctrl_software/software/volt_ctrl_bsp/\libhal_bsp.a(altera_avalon_jtag_uart_read.o)
 .debug_frame   0x00000000000003b0       0x34 E:/master_WHU/voltage_control/02volt_ctrl_software/software/volt_ctrl_bsp/\libhal_bsp.a(altera_avalon_jtag_uart_write.o)
 .debug_frame   0x00000000000003e4       0x34 E:/master_WHU/voltage_control/02volt_ctrl_software/software/volt_ctrl_bsp/\libhal_bsp.a(altera_avalon_spi.o)
 .debug_frame   0x0000000000000418       0x60 E:/master_WHU/voltage_control/02volt_ctrl_software/software/volt_ctrl_bsp/\libhal_bsp.a(altera_avalon_uart_fd.o)
 .debug_frame   0x0000000000000478       0x60 E:/master_WHU/voltage_control/02volt_ctrl_software/software/volt_ctrl_bsp/\libhal_bsp.a(altera_avalon_uart_read.o)
 .debug_frame   0x00000000000004d8       0x60 E:/master_WHU/voltage_control/02volt_ctrl_software/software/volt_ctrl_bsp/\libhal_bsp.a(altera_avalon_uart_write.o)
 .debug_frame   0x0000000000000538       0x38 E:/master_WHU/voltage_control/02volt_ctrl_software/software/volt_ctrl_bsp/\libhal_bsp.a(alt_busy_sleep.o)
 .debug_frame   0x0000000000000570       0x60 E:/master_WHU/voltage_control/02volt_ctrl_software/software/volt_ctrl_bsp/\libhal_bsp.a(alt_close.o)
 .debug_frame   0x00000000000005d0       0x34 E:/master_WHU/voltage_control/02volt_ctrl_software/software/volt_ctrl_bsp/\libhal_bsp.a(alt_dcache_flush_all.o)
 .debug_frame   0x0000000000000604       0x34 E:/master_WHU/voltage_control/02volt_ctrl_software/software/volt_ctrl_bsp/\libhal_bsp.a(alt_dev.o)
 .debug_frame   0x0000000000000638       0x60 E:/master_WHU/voltage_control/02volt_ctrl_software/software/volt_ctrl_bsp/\libhal_bsp.a(alt_dev_llist_insert.o)
 .debug_frame   0x0000000000000698       0x2c E:/master_WHU/voltage_control/02volt_ctrl_software/software/volt_ctrl_bsp/\libhal_bsp.a(alt_exit.o)
 .debug_frame   0x00000000000006c4       0x38 E:/master_WHU/voltage_control/02volt_ctrl_software/software/volt_ctrl_bsp/\libhal_bsp.a(alt_icache_flush_all.o)
 .debug_frame   0x00000000000006fc       0x5c E:/master_WHU/voltage_control/02volt_ctrl_software/software/volt_ctrl_bsp/\libhal_bsp.a(alt_instruction_exception_entry.o)
 .debug_frame   0x0000000000000758       0x60 E:/master_WHU/voltage_control/02volt_ctrl_software/software/volt_ctrl_bsp/\libhal_bsp.a(alt_io_redirect.o)
 .debug_frame   0x00000000000007b8       0x84 E:/master_WHU/voltage_control/02volt_ctrl_software/software/volt_ctrl_bsp/\libhal_bsp.a(alt_open.o)
 .debug_frame   0x000000000000083c       0x34 E:/master_WHU/voltage_control/02volt_ctrl_software/software/volt_ctrl_bsp/\libhal_bsp.a(alt_release_fd.o)
 .debug_frame   0x0000000000000870       0x34 E:/master_WHU/voltage_control/02volt_ctrl_software/software/volt_ctrl_bsp/\libhal_bsp.a(altera_nios2_gen2_irq.o)
 .debug_frame   0x00000000000008a4       0x38 E:/master_WHU/voltage_control/02volt_ctrl_software/software/volt_ctrl_bsp/\libhal_bsp.a(alt_find_dev.o)
 .debug_frame   0x00000000000008dc       0x38 E:/master_WHU/voltage_control/02volt_ctrl_software/software/volt_ctrl_bsp/\libhal_bsp.a(alt_find_file.o)
 .debug_frame   0x0000000000000914       0x34 E:/master_WHU/voltage_control/02volt_ctrl_software/software/volt_ctrl_bsp/\libhal_bsp.a(alt_get_fd.o)
 .debug_frame   0x0000000000000948       0x34 E:/master_WHU/voltage_control/02volt_ctrl_software/software/volt_ctrl_bsp/\libhal_bsp.a(alt_icache_flush.o)
 .debug_frame   0x000000000000097c       0x20 d:/intelfpga/18.1/nios2eds/bin/gnu/h-x86_64-mingw32/bin/../lib/gcc/nios2-elf/5.3.0/../../../../../H-x86_64-mingw32/nios2-elf/lib\libsmallc.a(lib_a-memcmp.o)
 .debug_frame   0x000000000000099c       0x20 d:/intelfpga/18.1/nios2eds/bin/gnu/h-x86_64-mingw32/bin/../lib/gcc/nios2-elf/5.3.0/../../../../../H-x86_64-mingw32/nios2-elf/lib\libsmallc.a(lib_a-strlen.o)
 .debug_frame   0x00000000000009bc       0x50 d:/intelfpga/18.1/nios2eds/bin/gnu/h-x86_64-mingw32/bin/../lib/gcc/nios2-elf/5.3.0\libgcc.a(lib2-divmod.o)

.debug_str      0x0000000000000000     0x15d9
 *(.debug_str)
 .debug_str     0x0000000000000000      0x203 obj/default/src/spi.o
                                        0x241 (size before relaxing)
 .debug_str     0x0000000000000203      0x118 E:/master_WHU/voltage_control/02volt_ctrl_software/software/volt_ctrl_bsp/\libhal_bsp.a(alt_iic.o)
                                        0x24b (size before relaxing)
 .debug_str     0x000000000000031b       0x4c E:/master_WHU/voltage_control/02volt_ctrl_software/software/volt_ctrl_bsp/\libhal_bsp.a(alt_iic_isr_register.o)
                                        0x1f5 (size before relaxing)
 .debug_str     0x0000000000000367       0x3a E:/master_WHU/voltage_control/02volt_ctrl_software/software/volt_ctrl_bsp/\libhal_bsp.a(alt_irq_handler.o)
                                        0x1a4 (size before relaxing)
 .debug_str     0x00000000000003a1       0x17 E:/master_WHU/voltage_control/02volt_ctrl_software/software/volt_ctrl_bsp/\libhal_bsp.a(alt_irq_vars.o)
                                        0x147 (size before relaxing)
 .debug_str     0x00000000000003b8       0xe9 E:/master_WHU/voltage_control/02volt_ctrl_software/software/volt_ctrl_bsp/\libhal_bsp.a(alt_load.o)
                                        0x21f (size before relaxing)
 .debug_str     0x00000000000004a1       0x75 E:/master_WHU/voltage_control/02volt_ctrl_software/software/volt_ctrl_bsp/\libhal_bsp.a(alt_main.o)
                                        0x1aa (size before relaxing)
 .debug_str     0x0000000000000516       0x27 E:/master_WHU/voltage_control/02volt_ctrl_software/software/volt_ctrl_bsp/\libhal_bsp.a(alt_usleep.o)
                                        0x155 (size before relaxing)
 .debug_str     0x000000000000053d      0x1cc E:/master_WHU/voltage_control/02volt_ctrl_software/software/volt_ctrl_bsp/\libhal_bsp.a(alt_sys_init.o)
                                        0x356 (size before relaxing)
 .debug_str     0x0000000000000709       0x77 E:/master_WHU/voltage_control/02volt_ctrl_software/software/volt_ctrl_bsp/\libhal_bsp.a(altera_avalon_jtag_uart_fd.o)
                                        0x2e2 (size before relaxing)
 .debug_str     0x0000000000000780       0x48 E:/master_WHU/voltage_control/02volt_ctrl_software/software/volt_ctrl_bsp/\libhal_bsp.a(altera_avalon_jtag_uart_read.o)
                                        0x22c (size before relaxing)
 .debug_str     0x00000000000007c8       0x50 E:/master_WHU/voltage_control/02volt_ctrl_software/software/volt_ctrl_bsp/\libhal_bsp.a(altera_avalon_jtag_uart_write.o)
                                        0x222 (size before relaxing)
 .debug_str     0x0000000000000818       0xa5 E:/master_WHU/voltage_control/02volt_ctrl_software/software/volt_ctrl_bsp/\libhal_bsp.a(altera_avalon_spi.o)
                                        0x1ed (size before relaxing)
 .debug_str     0x00000000000008bd       0x5b E:/master_WHU/voltage_control/02volt_ctrl_software/software/volt_ctrl_bsp/\libhal_bsp.a(altera_avalon_uart_fd.o)
                                        0x2a5 (size before relaxing)
 .debug_str     0x0000000000000918       0x5c E:/master_WHU/voltage_control/02volt_ctrl_software/software/volt_ctrl_bsp/\libhal_bsp.a(altera_avalon_uart_read.o)
                                        0x20e (size before relaxing)
 .debug_str     0x0000000000000974       0x40 E:/master_WHU/voltage_control/02volt_ctrl_software/software/volt_ctrl_bsp/\libhal_bsp.a(altera_avalon_uart_write.o)
                                        0x216 (size before relaxing)
 .debug_str     0x00000000000009b4       0x42 E:/master_WHU/voltage_control/02volt_ctrl_software/software/volt_ctrl_bsp/\libhal_bsp.a(alt_busy_sleep.o)
                                        0x178 (size before relaxing)
 .debug_str     0x00000000000009f6       0x2c E:/master_WHU/voltage_control/02volt_ctrl_software/software/volt_ctrl_bsp/\libhal_bsp.a(alt_close.o)
                                        0x218 (size before relaxing)
 .debug_str     0x0000000000000a22       0x34 E:/master_WHU/voltage_control/02volt_ctrl_software/software/volt_ctrl_bsp/\libhal_bsp.a(alt_dcache_flush_all.o)
                                        0x162 (size before relaxing)
 .debug_str     0x0000000000000a56      0x119 E:/master_WHU/voltage_control/02volt_ctrl_software/software/volt_ctrl_bsp/\libhal_bsp.a(alt_dev.o)
                                        0x312 (size before relaxing)
 .debug_str     0x0000000000000b6f       0x45 E:/master_WHU/voltage_control/02volt_ctrl_software/software/volt_ctrl_bsp/\libhal_bsp.a(alt_dev_llist_insert.o)
                                        0x1d9 (size before relaxing)
 .debug_str     0x0000000000000bb4       0x14 E:/master_WHU/voltage_control/02volt_ctrl_software/software/volt_ctrl_bsp/\libhal_bsp.a(alt_errno.o)
                                        0x152 (size before relaxing)
 .debug_str     0x0000000000000bc8       0x2a E:/master_WHU/voltage_control/02volt_ctrl_software/software/volt_ctrl_bsp/\libhal_bsp.a(alt_exit.o)
                                        0x15e (size before relaxing)
 .debug_str     0x0000000000000bf2       0x34 E:/master_WHU/voltage_control/02volt_ctrl_software/software/volt_ctrl_bsp/\libhal_bsp.a(alt_icache_flush_all.o)
                                        0x162 (size before relaxing)
 .debug_str     0x0000000000000c26      0x48b E:/master_WHU/voltage_control/02volt_ctrl_software/software/volt_ctrl_bsp/\libhal_bsp.a(alt_instruction_exception_entry.o)
                                        0x5ad (size before relaxing)
 .debug_str     0x00000000000010b1       0x56 E:/master_WHU/voltage_control/02volt_ctrl_software/software/volt_ctrl_bsp/\libhal_bsp.a(alt_io_redirect.o)
                                        0x323 (size before relaxing)
 .debug_str     0x0000000000001107       0x2f E:/master_WHU/voltage_control/02volt_ctrl_software/software/volt_ctrl_bsp/\libhal_bsp.a(alt_open.o)
                                        0x258 (size before relaxing)
 .debug_str     0x0000000000001136       0x28 E:/master_WHU/voltage_control/02volt_ctrl_software/software/volt_ctrl_bsp/\libhal_bsp.a(alt_release_fd.o)
                                        0x1e0 (size before relaxing)
 .debug_str     0x000000000000115e       0x3b E:/master_WHU/voltage_control/02volt_ctrl_software/software/volt_ctrl_bsp/\libhal_bsp.a(altera_nios2_gen2_irq.o)
                                        0x169 (size before relaxing)
 .debug_str     0x0000000000001199       0x24 E:/master_WHU/voltage_control/02volt_ctrl_software/software/volt_ctrl_bsp/\libhal_bsp.a(alt_find_dev.o)
                                        0x1f9 (size before relaxing)
 .debug_str     0x00000000000011bd       0x26 E:/master_WHU/voltage_control/02volt_ctrl_software/software/volt_ctrl_bsp/\libhal_bsp.a(alt_find_file.o)
                                        0x207 (size before relaxing)
 .debug_str     0x00000000000011e3       0x30 E:/master_WHU/voltage_control/02volt_ctrl_software/software/volt_ctrl_bsp/\libhal_bsp.a(alt_get_fd.o)
                                        0x229 (size before relaxing)
 .debug_str     0x0000000000001213       0x2c E:/master_WHU/voltage_control/02volt_ctrl_software/software/volt_ctrl_bsp/\libhal_bsp.a(alt_icache_flush.o)
                                        0x168 (size before relaxing)
 .debug_str     0x000000000000123f      0x11a d:/intelfpga/18.1/nios2eds/bin/gnu/h-x86_64-mingw32/bin/../lib/gcc/nios2-elf/5.3.0/../../../../../H-x86_64-mingw32/nios2-elf/lib\libsmallc.a(lib_a-int_errno.o)
                                        0x1be (size before relaxing)
 .debug_str     0x0000000000001359       0xd2 d:/intelfpga/18.1/nios2eds/bin/gnu/h-x86_64-mingw32/bin/../lib/gcc/nios2-elf/5.3.0/../../../../../H-x86_64-mingw32/nios2-elf/lib\libsmallc.a(lib_a-memcmp.o)
                                        0x1c5 (size before relaxing)
 .debug_str     0x000000000000142b       0x41 d:/intelfpga/18.1/nios2eds/bin/gnu/h-x86_64-mingw32/bin/../lib/gcc/nios2-elf/5.3.0/../../../../../H-x86_64-mingw32/nios2-elf/lib\libsmallc.a(lib_a-strlen.o)
                                        0x1cb (size before relaxing)
 .debug_str     0x000000000000146c      0x16d d:/intelfpga/18.1/nios2eds/bin/gnu/h-x86_64-mingw32/bin/../lib/gcc/nios2-elf/5.3.0\libgcc.a(lib2-divmod.o)
                                        0x1b8 (size before relaxing)

.debug_loc      0x0000000000000000      0x580
 *(.debug_loc)
 .debug_loc     0x0000000000000000       0x94 d:/intelfpga/18.1/nios2eds/bin/gnu/h-x86_64-mingw32/bin/../lib/gcc/nios2-elf/5.3.0/../../../../../H-x86_64-mingw32/nios2-elf/lib\libsmallc.a(lib_a-memcmp.o)
 .debug_loc     0x0000000000000094       0x1e d:/intelfpga/18.1/nios2eds/bin/gnu/h-x86_64-mingw32/bin/../lib/gcc/nios2-elf/5.3.0/../../../../../H-x86_64-mingw32/nios2-elf/lib\libsmallc.a(lib_a-strlen.o)
 .debug_loc     0x00000000000000b2      0x4ce d:/intelfpga/18.1/nios2eds/bin/gnu/h-x86_64-mingw32/bin/../lib/gcc/nios2-elf/5.3.0\libgcc.a(lib2-divmod.o)

.debug_macinfo
 *(.debug_macinfo)

.debug_weaknames
 *(.debug_weaknames)

.debug_funcnames
 *(.debug_funcnames)

.debug_typenames
 *(.debug_typenames)

.debug_varnames
 *(.debug_varnames)

.debug_alt_sim_info
                0x0000000000000000       0x50
 *(.debug_alt_sim_info)
 .debug_alt_sim_info
                0x0000000000000000       0x20 E:/master_WHU/voltage_control/02volt_ctrl_software/software/volt_ctrl_bsp//obj/HAL/src/crt0.o
 .debug_alt_sim_info
                0x0000000000000020       0x30 E:/master_WHU/voltage_control/02volt_ctrl_software/software/volt_ctrl_bsp/\libhal_bsp.a(alt_busy_sleep.o)
                0x0000000000008000                __alt_data_end = 0x8000
                0x0000000000008000                PROVIDE (__alt_stack_pointer, __alt_data_end)
                [!provide]                        PROVIDE (__alt_stack_limit, __alt_stack_base)
                [!provide]                        PROVIDE (__alt_heap_start, end)
                [!provide]                        PROVIDE (__alt_heap_limit, 0x8000)
OUTPUT(volt_ctrl.elf elf32-littlenios2)

.debug_ranges   0x0000000000000000      0x118
 .debug_ranges  0x0000000000000000       0x28 E:/master_WHU/voltage_control/02volt_ctrl_software/software/volt_ctrl_bsp/\libhal_bsp.a(alt_irq_entry.o)
 .debug_ranges  0x0000000000000028       0x10 E:/master_WHU/voltage_control/02volt_ctrl_software/software/volt_ctrl_bsp/\libhal_bsp.a(alt_irq_handler.o)
 .debug_ranges  0x0000000000000038       0x18 E:/master_WHU/voltage_control/02volt_ctrl_software/software/volt_ctrl_bsp/\libhal_bsp.a(altera_avalon_jtag_uart_read.o)
 .debug_ranges  0x0000000000000050       0x30 E:/master_WHU/voltage_control/02volt_ctrl_software/software/volt_ctrl_bsp/\libhal_bsp.a(alt_exception_entry.o)
 .debug_ranges  0x0000000000000080       0x18 E:/master_WHU/voltage_control/02volt_ctrl_software/software/volt_ctrl_bsp/\libhal_bsp.a(alt_instruction_exception_entry.o)
 .debug_ranges  0x0000000000000098       0x10 d:/intelfpga/18.1/nios2eds/bin/gnu/h-x86_64-mingw32/bin/../lib/gcc/nios2-elf/5.3.0/../../../../../H-x86_64-mingw32/nios2-elf/lib\libsmallc.a(lib_a-memcmp.o)
 .debug_ranges  0x00000000000000a8       0x10 d:/intelfpga/18.1/nios2eds/bin/gnu/h-x86_64-mingw32/bin/../lib/gcc/nios2-elf/5.3.0/../../../../../H-x86_64-mingw32/nios2-elf/lib\libsmallc.a(lib_a-strlen.o)
 .debug_ranges  0x00000000000000b8       0x60 d:/intelfpga/18.1/nios2eds/bin/gnu/h-x86_64-mingw32/bin/../lib/gcc/nios2-elf/5.3.0\libgcc.a(lib2-divmod.o)
