Archive member included to satisfy reference by file (symbol)

../volt_ctrl_bsp/\libhal_bsp.a(alt_load.o)
                              ../volt_ctrl_bsp//obj/HAL/src/crt0.o (alt_load)
../volt_ctrl_bsp/\libhal_bsp.a(alt_main.o)
                              ../volt_ctrl_bsp//obj/HAL/src/crt0.o (alt_main)
../volt_ctrl_bsp/\libhal_bsp.a(alt_printf.o)
                              obj/default/src/spi.o (alt_printf)
../volt_ctrl_bsp/\libhal_bsp.a(alt_putchar.o)
                              ../volt_ctrl_bsp/\libhal_bsp.a(alt_printf.o) (alt_putchar)
../volt_ctrl_bsp/\libhal_bsp.a(alt_sys_init.o)
                              ../volt_ctrl_bsp/\libhal_bsp.a(alt_main.o) (alt_irq_init)
../volt_ctrl_bsp/\libhal_bsp.a(altera_avalon_jtag_uart_fd.o)
                              ../volt_ctrl_bsp/\libhal_bsp.a(alt_sys_init.o) (altera_avalon_jtag_uart_read_fd)
../volt_ctrl_bsp/\libhal_bsp.a(altera_avalon_jtag_uart_init.o)
                              ../volt_ctrl_bsp/\libhal_bsp.a(alt_sys_init.o) (altera_avalon_jtag_uart_init)
../volt_ctrl_bsp/\libhal_bsp.a(altera_avalon_jtag_uart_ioctl.o)
                              ../volt_ctrl_bsp/\libhal_bsp.a(altera_avalon_jtag_uart_fd.o) (altera_avalon_jtag_uart_ioctl)
../volt_ctrl_bsp/\libhal_bsp.a(altera_avalon_jtag_uart_read.o)
                              ../volt_ctrl_bsp/\libhal_bsp.a(altera_avalon_jtag_uart_fd.o) (altera_avalon_jtag_uart_read)
../volt_ctrl_bsp/\libhal_bsp.a(altera_avalon_jtag_uart_write.o)
                              ../volt_ctrl_bsp/\libhal_bsp.a(altera_avalon_jtag_uart_fd.o) (altera_avalon_jtag_uart_write)
../volt_ctrl_bsp/\libhal_bsp.a(altera_avalon_spi.o)
                              obj/default/src/spi.o (alt_avalon_spi_command)
../volt_ctrl_bsp/\libhal_bsp.a(alt_alarm_start.o)
                              ../volt_ctrl_bsp/\libhal_bsp.a(altera_avalon_jtag_uart_init.o) (alt_alarm_start)
../volt_ctrl_bsp/\libhal_bsp.a(alt_close.o)
                              ../volt_ctrl_bsp/\libhal_bsp.a(alt_main.o) (close)
../volt_ctrl_bsp/\libhal_bsp.a(alt_dcache_flush_all.o)
                              ../volt_ctrl_bsp/\libhal_bsp.a(alt_load.o) (alt_dcache_flush_all)
../volt_ctrl_bsp/\libhal_bsp.a(alt_dev.o)
                              ../volt_ctrl_bsp/\libhal_bsp.a(alt_sys_init.o) (alt_dev_list)
../volt_ctrl_bsp/\libhal_bsp.a(alt_dev_llist_insert.o)
                              ../volt_ctrl_bsp/\libhal_bsp.a(alt_sys_init.o) (alt_dev_llist_insert)
../volt_ctrl_bsp/\libhal_bsp.a(alt_do_ctors.o)
                              ../volt_ctrl_bsp/\libhal_bsp.a(alt_main.o) (_do_ctors)
../volt_ctrl_bsp/\libhal_bsp.a(alt_do_dtors.o)
                              ../volt_ctrl_bsp/\libhal_bsp.a(alt_main.o) (_do_dtors)
../volt_ctrl_bsp/\libhal_bsp.a(alt_errno.o)
                              ../volt_ctrl_bsp/\libhal_bsp.a(alt_close.o) (alt_errno)
../volt_ctrl_bsp/\libhal_bsp.a(alt_icache_flush_all.o)
                              ../volt_ctrl_bsp/\libhal_bsp.a(alt_load.o) (alt_icache_flush_all)
../volt_ctrl_bsp/\libhal_bsp.a(alt_iic.o)
                              ../volt_ctrl_bsp/\libhal_bsp.a(altera_avalon_jtag_uart_init.o) (alt_ic_isr_register)
../volt_ctrl_bsp/\libhal_bsp.a(alt_iic_isr_register.o)
                              ../volt_ctrl_bsp/\libhal_bsp.a(alt_iic.o) (alt_iic_isr_register)
../volt_ctrl_bsp/\libhal_bsp.a(alt_io_redirect.o)
                              ../volt_ctrl_bsp/\libhal_bsp.a(alt_main.o) (alt_io_redirect)
../volt_ctrl_bsp/\libhal_bsp.a(alt_irq_entry.o)
                              ../volt_ctrl_bsp/\libhal_bsp.a(alt_iic_isr_register.o) (alt_irq_entry)
../volt_ctrl_bsp/\libhal_bsp.a(alt_irq_handler.o)
                              ../volt_ctrl_bsp/\libhal_bsp.a(alt_iic_isr_register.o) (alt_irq)
../volt_ctrl_bsp/\libhal_bsp.a(alt_irq_vars.o)
                              ../volt_ctrl_bsp/\libhal_bsp.a(alt_iic.o) (alt_irq_active)
../volt_ctrl_bsp/\libhal_bsp.a(alt_open.o)
                              ../volt_ctrl_bsp/\libhal_bsp.a(alt_io_redirect.o) (open)
../volt_ctrl_bsp/\libhal_bsp.a(alt_release_fd.o)
                              ../volt_ctrl_bsp/\libhal_bsp.a(alt_close.o) (alt_release_fd)
../volt_ctrl_bsp/\libhal_bsp.a(alt_tick.o)
                              ../volt_ctrl_bsp/\libhal_bsp.a(altera_avalon_jtag_uart_init.o) (_alt_tick_rate)
../volt_ctrl_bsp/\libhal_bsp.a(altera_nios2_gen2_irq.o)
                              ../volt_ctrl_bsp/\libhal_bsp.a(alt_sys_init.o) (altera_nios2_gen2_irq_init)
../volt_ctrl_bsp/\libhal_bsp.a(alt_exception_entry.o)
                              ../volt_ctrl_bsp/\libhal_bsp.a(alt_irq_entry.o) (alt_exception)
../volt_ctrl_bsp/\libhal_bsp.a(alt_find_dev.o)
                              ../volt_ctrl_bsp/\libhal_bsp.a(alt_open.o) (alt_find_dev)
../volt_ctrl_bsp/\libhal_bsp.a(alt_find_file.o)
                              ../volt_ctrl_bsp/\libhal_bsp.a(alt_open.o) (alt_find_file)
../volt_ctrl_bsp/\libhal_bsp.a(alt_get_fd.o)
[...]
Memory Configuration

Name             Origin             Length             Attributes
ram              0x0000000000010000 0x000000000000a000
reset            0x0000000000028000 0x0000000000000020
rom              0x0000000000028020 0x0000000000004fe0
*default*        0x0000000000000000 0xffffffffffffffff

Linker script and memory map

LOAD ../volt_ctrl_bsp//obj/HAL/src/crt0.o
LOAD obj/default/src/spi.o
LOAD d:/intelfpga/18.1/nios2eds/bin/gnu/h-x86_64-mingw32/bin/../lib/gcc/nios2-elf/5.3.0/../../../../../H-x86_64-mingw32/nios2-elf/lib\libstdc++.a
LOAD d:/intelfpga/18.1/nios2eds/bin/gnu/h-x86_64-mingw32/bin/../lib/gcc/nios2-elf/5.3.0/../../../../../H-x86_64-mingw32/nios2-elf/lib\libm.a
LOAD d:/intelfpga/18.1/nios2eds/bin/gnu/h-x86_64-mingw32/bin/../lib/gcc/nios2-elf/5.3.0\libgcc.a
START GROUP
LOAD d:/intelfpga/18.1/nios2eds/bin/gnu/h-x86_64-mingw32/bin/../lib/gcc/nios2-elf/5.3.0/../../../../../H-x86_64-mingw32/nios2-elf/lib\libc.a
LOAD d:/intelfpga/18.1/nios2eds/bin/gnu/h-x86_64-mingw32/bin/../lib/gcc/nios2-elf/5.3.0\libgcc.a
LOAD ../volt_ctrl_bsp/\libhal_bsp.a
LOAD d:/intelfpga/18.1/nios2eds/bin/gnu/h-x86_64-mingw32/bin/../lib/gcc/nios2-elf/5.3.0/../../../../../H-x86_64-mingw32/nios2-elf/lib\libm.a
END GROUP
LOAD d:/intelfpga/18.1/nios2eds/bin/gnu/h-x86_64-mingw32/bin/../lib/gcc/nios2-elf/5.3.0\libgcc.a
                0x0000000000010000                __alt_mem_ram = 0x10000
                0x0000000000028000                __alt_mem_rom = 0x28000

.entry          0x0000000000028000       0x20
 *(.entry)
 .entry         0x0000000000028000       0x20 ../volt_ctrl_bsp//obj/HAL/src/crt0.o
                0x0000000000028000                __reset

.exceptions     0x0000000000028020      0x224
                0x0000000000028020                PROVIDE (__ram_exceptions_start, ABSOLUTE (.))
                0x0000000000028020                . = ALIGN (0x20)
 *(.irq)
 *(.exceptions.entry.label)
 .exceptions.entry.label
                0x0000000000028020        0x0 ../volt_ctrl_bsp/\libhal_bsp.a(alt_irq_entry.o)
                0x0000000000028020                alt_irq_entry
 .exceptions.entry.label
                0x0000000000028020        0x0 ../volt_ctrl_bsp/\libhal_bsp.a(alt_exception_entry.o)
                0x0000000000028020                alt_exception
 *(.exceptions.entry.user)
 *(.exceptions.entry.ecc_fatal)
 *(.exceptions.entry)
 .exceptions.entry
                0x0000000000028020       0x54 ../volt_ctrl_bsp/\libhal_bsp.a(alt_exception_entry.o)
 *(.exceptions.irqtest.user)
 *(.exceptions.irqtest)
 .exceptions.irqtest
                0x0000000000028074       0x10 ../volt_ctrl_bsp/\libhal_bsp.a(alt_irq_entry.o)
 *(.exceptions.irqhandler.user)
 *(.exceptions.irqhandler)
 .exceptions.irqhandler
                0x0000000000028084        0x4 ../volt_ctrl_bsp/\libhal_bsp.a(alt_irq_entry.o)
 *(.exceptions.irqreturn.user)
 *(.exceptions.irqreturn)
 .exceptions.irqreturn
                0x0000000000028088        0x4 ../volt_ctrl_bsp/\libhal_bsp.a(alt_irq_entry.o)
 *(.exceptions.notirq.label)
 .exceptions.notirq.label
                0x000000000002808c        0x0 ../volt_ctrl_bsp/\libhal_bsp.a(alt_irq_entry.o)
 *(.exceptions.notirq.user)
 *(.exceptions.notirq)
 .exceptions.notirq
                0x000000000002808c        0x8 ../volt_ctrl_bsp/\libhal_bsp.a(alt_exception_entry.o)
 *(.exceptions.soft.user)
 *(.exceptions.soft)
 *(.exceptions.unknown.user)
 *(.exceptions.unknown)
 .exceptions.unknown
                0x0000000000028094       0x14 ../volt_ctrl_bsp/\libhal_bsp.a(alt_exception_entry.o)
 *(.exceptions.exit.label)
 .exceptions.exit.label
                0x00000000000280a8        0x0 ../volt_ctrl_bsp/\libhal_bsp.a(alt_irq_entry.o)
 .exceptions.exit.label
                0x00000000000280a8        0x0 ../volt_ctrl_bsp/\libhal_bsp.a(alt_exception_entry.o)
 *(.exceptions.exit.user)
 *(.exceptions.exit)
 .exceptions.exit
                0x00000000000280a8       0x54 ../volt_ctrl_bsp/\libhal_bsp.a(alt_exception_entry.o)
 *(.exceptions)
 .exceptions    0x00000000000280fc       0xd4 ../volt_ctrl_bsp/\libhal_bsp.a(alt_irq_handler.o)
                0x00000000000280fc                alt_irq_handler
 .exceptions    0x00000000000281d0       0x74 ../volt_ctrl_bsp/\libhal_bsp.a(alt_instruction_exception_entry.o)
                0x00000000000281d0                alt_instruction_exception_entry
                0x0000000000028244                PROVIDE (__ram_exceptions_end, ABSOLUTE (.))
                0x0000000000028020                PROVIDE (__flash_exceptions_start, LOADADDR (.exceptions))

.text           0x0000000000010000     0x4e98
                [!provide]                        PROVIDE (stext, ABSOLUTE (.))
 *(.interp)
 *(.hash)
 *(.dynsym)
 *(.dynstr)
 *(.gnu.version)
 *(.gnu.version_d)
 *(.gnu.version_r)
 *(.rel.init)
 *(.rela.init)
 *(.rel.text .rel.text.* .rel.gnu.linkonce.t.*)
 *(.rela.text .rela.text.* .rela.gnu.linkonce.t.*)
 *(.rel.fini)
 *(.rela.fini)
 *(.rel.rodata .rel.rodata.* .rel.gnu.linkonce.r.*)
 *(.rela.rodata .rela.rodata.* .rela.gnu.linkonce.r.*)
 *(.rel.data .rel.data.* .rel.gnu.linkonce.d.*)
 *(.rela.data .rela.data.* .rela.gnu.linkonce.d.*)
 *(.rel.tdata .rel.tdata.* .rel.gnu.linkonce.td.*)
 *(.rela.tdata .rela.tdata.* .rela.gnu.linkonce.td.*)
 *(.rel.tbss .rel.tbss.* .rel.gnu.linkonce.tb.*)
 *(.rela.tbss .rela.tbss.* .rela.gnu.linkonce.tb.*)
 *(.rel.ctors)
 *(.rela.ctors)
 *(.rel.dtors)
 *(.rela.dtors)
 *(.rel.got)
 *(.rela.got)
 *(.rel.sdata .rel.sdata.* .rel.gnu.linkonce.s.*)
 *(.rela.sdata .rela.sdata.* .rela.gnu.linkonce.s.*)
 *(.rel.sbss .rel.sbss.* .rel.gnu.linkonce.sb.*)
 *(.rela.sbss .rela.sbss.* .rela.gnu.linkonce.sb.*)
 *(.rel.sdata2 .rel.sdata2.* .rel.gnu.linkonce.s2.*)
 *(.rela.sdata2 .rela.sdata2.* .rela.gnu.linkonce.s2.*)
 *(.rel.sbss2 .rel.sbss2.* .rel.gnu.linkonce.sb2.*)
 *(.rela.sbss2 .rela.sbss2.* .rela.gnu.linkonce.sb2.*)
 *(.rel.bss .rel.bss.* .rel.gnu.linkonce.b.*)
 *(.rela.bss .rela.bss.* .rela.gnu.linkonce.b.*)
 *(.rel.plt)
 *(.rela.plt)
 *(.rel.dyn)
 *(.init)
 *(.plt)
 *(.text .stub .text.* .gnu.linkonce.t.*)
 .text          0x0000000000010000       0x4c ../volt_ctrl_bsp//obj/HAL/src/crt0.o
                0x0000000000010000                _start
 .text          0x000000000001004c      0x1a0 obj/default/src/spi.o
                0x000000000001004c                main
 .text          0x00000000000101ec       0xec ../volt_ctrl_bsp/\libhal_bsp.a(alt_load.o)
                0x0000000000010254                alt_load
 .text          0x00000000000102d8       0x7c ../volt_ctrl_bsp/\libhal_bsp.a(alt_main.o)
                0x00000000000102d8                alt_main
 .text          0x0000000000010354      0x22c ../volt_ctrl_bsp/\libhal_bsp.a(alt_printf.o)
                0x0000000000010354                alt_printf
 .text          0x0000000000010580       0x3c ../volt_ctrl_bsp/\libhal_bsp.a(alt_putchar.o)
                0x0000000000010580                alt_putchar
 .text          0x00000000000105bc       0xbc ../volt_ctrl_bsp/\libhal_bsp.a(alt_sys_init.o)
                0x00000000000105f0                alt_irq_init
                0x0000000000010628                alt_sys_init
 .text          0x0000000000010678      0x164 ../volt_ctrl_bsp/\libhal_bsp.a(altera_avalon_jtag_uart_fd.o)
                0x0000000000010678                altera_avalon_jtag_uart_read_fd
                0x00000000000106d8                altera_avalon_jtag_uart_write_fd
                0x0000000000010738                altera_avalon_jtag_uart_close_fd
                0x0000000000010788                altera_avalon_jtag_uart_ioctl_fd
 .text          0x00000000000107dc      0x3d4 ../volt_ctrl_bsp/\libhal_bsp.a(altera_avalon_jtag_uart_init.o)
                0x00000000000107dc                altera_avalon_jtag_uart_init
                0x0000000000010b48                altera_avalon_jtag_uart_close
 .text          0x0000000000010bb0       0xf0 ../volt_ctrl_bsp/\libhal_bsp.a(altera_avalon_jtag_uart_ioctl.o)
                0x0000000000010bb0                altera_avalon_jtag_uart_ioctl
 .text          0x0000000000010ca0      0x21c ../volt_ctrl_bsp/\libhal_bsp.a(altera_avalon_jtag_uart_read.o)
                0x0000000000010ca0                altera_avalon_jtag_uart_read
 .text          0x0000000000010ebc      0x224 ../volt_ctrl_bsp/\libhal_bsp.a(altera_avalon_jtag_uart_write.o)
                0x0000000000010ebc                altera_avalon_jtag_uart_write
 .text          0x00000000000110e0      0x1fc ../volt_ctrl_bsp/\libhal_bsp.a(altera_avalon_spi.o)
                0x00000000000110e0                alt_avalon_spi_command
 .text          0x00000000000112dc      0x12c ../volt_ctrl_bsp/\libhal_bsp.a(alt_alarm_start.o)
                0x00000000000112dc                alt_alarm_start
 .text          0x0000000000011408      0x10c ../volt_ctrl_bsp/\libhal_bsp.a(alt_close.o)
                0x0000000000011444                close
 .text          0x0000000000011514       0x48 ../volt_ctrl_bsp/\libhal_bsp.a(alt_dcache_flush_all.o)
                0x0000000000011514                alt_dcache_flush_all
 .text          0x000000000001155c       0x2c ../volt_ctrl_bsp/\libhal_bsp.a(alt_dev.o)
 .text          0x0000000000011588       0xe0 ../volt_ctrl_bsp/\libhal_bsp.a(alt_dev_llist_insert.o)
                0x00000000000115c4                alt_dev_llist_insert
 .text          0x0000000000011668       0x60 ../volt_ctrl_bsp/\libhal_bsp.a(alt_do_ctors.o)
                0x0000000000011668                _do_ctors
 .text          0x00000000000116c8       0x60 ../volt_ctrl_bsp/\libhal_bsp.a(alt_do_dtors.o)
                0x00000000000116c8                _do_dtors
 .text          0x0000000000011728        0x0 ../volt_ctrl_bsp/\libhal_bsp.a(alt_errno.o)
 .text          0x0000000000011728       0x34 ../volt_ctrl_bsp/\libhal_bsp.a(alt_icache_flush_all.o)
                0x0000000000011728                alt_icache_flush_all
 .text          0x000000000001175c      0x1b0 ../volt_ctrl_bsp/\libhal_bsp.a(alt_iic.o)
                0x000000000001175c                alt_ic_isr_register
                0x00000000000117ac                alt_ic_irq_enable
                0x0000000000011834                alt_ic_irq_disable
                0x00000000000118c0                alt_ic_irq_enabled
 .text          0x000000000001190c       0xf0 ../volt_ctrl_bsp/\libhal_bsp.a(alt_iic_isr_register.o)
                0x000000000001190c                alt_iic_isr_register
 .text          0x00000000000119fc      0x140 ../volt_ctrl_bsp/\libhal_bsp.a(alt_io_redirect.o)
                0x0000000000011ac0                alt_io_redirect
 .text          0x0000000000011b3c        0x0 ../volt_ctrl_bsp/\libhal_bsp.a(alt_irq_entry.o)
 .text          0x0000000000011b3c        0x0 ../volt_ctrl_bsp/\libhal_bsp.a(alt_irq_handler.o)
 .text          0x0000000000011b3c        0x0 ../volt_ctrl_bsp/\libhal_bsp.a(alt_irq_vars.o)
 .text          0x0000000000011b3c      0x254 ../volt_ctrl_bsp/\libhal_bsp.a(alt_open.o)
                0x0000000000011c3c                open
 .text          0x0000000000011d90       0x64 ../volt_ctrl_bsp/\libhal_bsp.a(alt_release_fd.o)
                0x0000000000011d90                alt_release_fd
 .text          0x0000000000011df4      0x1a4 ../volt_ctrl_bsp/\libhal_bsp.a(alt_tick.o)
                0x0000000000011df4                alt_alarm_stop
                0x0000000000011e90                alt_tick
 .text          0x0000000000011f98       0x24 ../volt_ctrl_bsp/\libhal_bsp.a(altera_nios2_gen2_irq.o)
                0x0000000000011f98                altera_nios2_gen2_irq_init
 .text          0x0000000000011fbc        0x0 ../volt_ctrl_bsp/\libhal_bsp.a(alt_exception_entry.o)
 .text          0x0000000000011fbc       0x90 ../volt_ctrl_bsp/\libhal_bsp.a(alt_find_dev.o)
                0x0000000000011fbc                alt_find_dev
 .text          0x000000000001204c      0x108 ../volt_ctrl_bsp/\libhal_bsp.a(alt_find_file.o)
                0x000000000001204c                alt_find_file
 .text          0x0000000000012154       0xa4 ../volt_ctrl_bsp/\libhal_bsp.a(alt_get_fd.o)
                0x0000000000012154                alt_get_fd
 .text          0x00000000000121f8       0x90 ../volt_ctrl_bsp/\libhal_bsp.a(alt_icache_flush.o)
                0x00000000000121f8                alt_icache_flush
 .text          0x0000000000012288       0x9c ../volt_ctrl_bsp/\libhal_bsp.a(alt_instruction_exception_entry.o)
                0x0000000000012288                alt_exception_cause_generated_bad_addr
 .text          0x0000000000012324        0x0 d:/intelfpga/18.1/nios2eds/bin/gnu/h-x86_64-mingw32/bin/../lib/gcc/nios2-elf/5.3.0/../../../../../H-x86_64-mingw32/nios2-elf/lib\libc.a(lib_a-atexit.o)
 .text.atexit   0x0000000000012324       0x14 d:/intelfpga/18.1/nios2eds/bin/gnu/h-x86_64-mingw32/bin/../lib/gcc/nios2-elf/5.3.0/../../../../../H-x86_64-mingw32/nios2-elf/lib\libc.a(lib_a-atexit.o)
                0x0000000000012324                atexit
 .text          0x0000000000012338        0x0 d:/intelfpga/18.1/nios2eds/bin/gnu/h-x86_64-mingw32/bin/../lib/gcc/nios2-elf/5.3.0/../../../../../H-x86_64-mingw32/nios2-elf/lib\libc.a(lib_a-exit.o)
 .text.exit     0x0000000000012338       0x38 d:/intelfpga/18.1/nios2eds/bin/gnu/h-x86_64-mingw32/bin/../lib/gcc/nios2-elf/5.3.0/../../../../../H-x86_64-mingw32/nios2-elf/lib\libc.a(lib_a-exit.o)
                0x0000000000012338                exit
 .text          0x0000000000012370        0x0 d:/intelfpga/18.1/nios2eds/bin/gnu/h-x86_64-mingw32/bin/../lib/gcc/nios2-elf/5.3.0/../../../../../H-x86_64-mingw32/nios2-elf/lib\libc.a(lib_a-impure.o)
 .text          0x0000000000012370        0x0 d:/intelfpga/18.1/nios2eds/bin/gnu/h-x86_64-mingw32/bin/../lib/gcc/nios2-elf/5.3.0/../../../../../H-x86_64-mingw32/nios2-elf/lib\libc.a(lib_a-int_errno.o)
 .text          0x0000000000012370        0x0 d:/intelfpga/18.1/nios2eds/bin/gnu/h-x86_64-mingw32/bin/../lib/gcc/nios2-elf/5.3.0/../../../../../H-x86_64-mingw32/nios2-elf/lib\libc.a(lib_a-memcmp.o)
 .text.memcmp   0x0000000000012370       0x7c d:/intelfpga/18.1/nios2eds/bin/gnu/h-x86_64-mingw32/bin/../lib/gcc/nios2-elf/5.3.0/../../../../../H-x86_64-mingw32/nios2-elf/lib\libc.a(lib_a-memcmp.o)
                0x0000000000012370                memcmp
 .text          0x00000000000123ec        0x0 d:/intelfpga/18.1/nios2eds/bin/gnu/h-x86_64-mingw32/bin/../lib/gcc/nios2-elf/5.3.0/../../../../../H-x86_64-mingw32/nios2-elf/lib\libc.a(lib_a-memcpy.o)
 .text.memcpy   0x00000000000123ec      0x148 d:/intelfpga/18.1/nios2eds/bin/gnu/h-x86_64-mingw32/bin/../lib/gcc/nios2-elf/5.3.0/../../../../../H-x86_64-mingw32/nios2-elf/lib\libc.a(lib_a-memcpy.o)
                0x00000000000123ec                memcpy
 .text          0x0000000000012534        0x0 d:/intelfpga/18.1/nios2eds/bin/gnu/h-x86_64-mingw32/bin/../lib/gcc/nios2-elf/5.3.0/../../../../../H-x86_64-mingw32/nios2-elf/lib\libc.a(lib_a-putc.o)
 .text._putc_r  0x0000000000012534       0xa0 d:/intelfpga/18.1/nios2eds/bin/gnu/h-x86_64-mingw32/bin/../lib/gcc/nios2-elf/5.3.0/../../../../../H-x86_64-mingw32/nios2-elf/lib\libc.a(lib_a-putc.o)
                0x0000000000012534                _putc_r
 .text.putc     0x00000000000125d4       0xc8 d:/intelfpga/18.1/nios2eds/bin/gnu/h-x86_64-mingw32/bin/../lib/gcc/nios2-elf/5.3.0/../../../../../H-x86_64-mingw32/nios2-elf/lib\libc.a(lib_a-putc.o)
                0x00000000000125d4                putc
 .text          0x000000000001269c        0x0 d:/intelfpga/18.1/nios2eds/bin/gnu/h-x86_64-mingw32/bin/../lib/gcc/nios2-elf/5.3.0/../../../../../H-x86_64-mingw32/nios2-elf/lib\libc.a(lib_a-strlen.o)
 .text.strlen   0x000000000001269c       0x98 d:/intelfpga/18.1/nios2eds/bin/gnu/h-x86_64-mingw32/bin/../lib/gcc/nios2-elf/5.3.0/../../../../../H-x86_64-mingw32/nios2-elf/lib\libc.a(lib_a-strlen.o)
                0x000000000001269c                strlen
 .text          0x0000000000012734        0x0 d:/intelfpga/18.1/nios2eds/bin/gnu/h-x86_64-mingw32/bin/../lib/gcc/nios2-elf/5.3.0/../../../../../H-x86_64-mingw32/nios2-elf/lib\libc.a(lib_a-wbuf.o)
 .text.__swbuf_r
                0x0000000000012734      0x140 d:/intelfpga/18.1/nios2eds/bin/gnu/h-x86_64-mingw32/bin/../lib/gcc/nios2-elf/5.3.0/../../../../../H-x86_64-mingw32/nios2-elf/lib\libc.a(lib_a-wbuf.o)
                0x0000000000012734                __swbuf_r
 .text.__swbuf  0x0000000000012874       0x18 d:/intelfpga/18.1/nios2eds/bin/gnu/h-x86_64-mingw32/bin/../lib/gcc/nios2-elf/5.3.0/../../../../../H-x86_64-mingw32/nios2-elf/lib\libc.a(lib_a-wbuf.o)
                0x0000000000012874                __swbuf
 .text          0x000000000001288c        0x0 d:/intelfpga/18.1/nios2eds/bin/gnu/h-x86_64-mingw32/bin/../lib/gcc/nios2-elf/5.3.0/../../../../../H-x86_64-mingw32/nios2-elf/lib\libc.a(lib_a-wsetup.o)
 .text.__swsetup_r
                0x000000000001288c      0x154 d:/intelfpga/18.1/nios2eds/bin/gnu/h-x86_64-mingw32/bin/../lib/gcc/nios2-elf/5.3.0/../../../../../H-x86_64-mingw32/nios2-elf/lib\libc.a(lib_a-wsetup.o)
                0x000000000001288c                __swsetup_r
 .text          0x00000000000129e0        0x0 d:/intelfpga/18.1/nios2eds/bin/gnu/h-x86_64-mingw32/bin/../lib/gcc/nios2-elf/5.3.0/../../../../../H-x86_64-mingw32/nios2-elf/lib\libc.a(lib_a-__atexit.o)
 .text.__register_exitproc
                0x00000000000129e0      0x118 d:/intelfpga/18.1/nios2eds/bin/gnu/h-x86_64-mingw32/bin/../lib/gcc/nios2-elf/5.3.0/../../../../../H-x86_64-mingw32/nios2-elf/lib\libc.a(lib_a-__atexit.o)
                0x00000000000129e0                __register_exitproc
 .text          0x0000000000012af8        0x0 d:/intelfpga/18.1/nios2eds/bin/gnu/h-x86_64-mingw32/bin/../lib/gcc/nios2-elf/5.3.0/../../../../../H-x86_64-mingw32/nios2-elf/lib\libc.a(lib_a-__call_atexit.o)
 .text.__call_exitprocs
                0x0000000000012af8      0x180 d:/intelfpga/18.1/nios2eds/bin/gnu/h-x86_64-mingw32/bin/../lib/gcc/nios2-elf/5.3.0/../../../../../H-x86_64-mingw32/nios2-elf/lib\libc.a(lib_a-__call_atexit.o)
                0x0000000000012af8                __call_exitprocs
 .text          0x0000000000012c78        0x0 d:/intelfpga/18.1/nios2eds/bin/gnu/h-x86_64-mingw32/bin/../lib/gcc/nios2-elf/5.3.0/../../../../../H-x86_64-mingw32/nios2-elf/lib\libc.a(lib_a-fflush.o)
 .text.__sflush_r
                0x0000000000012c78      0x21c d:/intelfpga/18.1/nios2eds/bin/gnu/h-x86_64-mingw32/bin/../lib/gcc/nios2-elf/5.3.0/../../../../../H-x86_64-mingw32/nios2-elf/lib\libc.a(lib_a-fflush.o)
                0x0000000000012c78                __sflush_r
 .text._fflush_r
                0x0000000000012e94       0x5c d:/intelfpga/18.1/nios2eds/bin/gnu/h-x86_64-mingw32/bin/../lib/gcc/nios2-elf/5.3.0/../../../../../H-x86_64-mingw32/nios2-elf/lib\libc.a(lib_a-fflush.o)
                0x0000000000012e94                _fflush_r
 .text.fflush   0x0000000000012ef0       0x30 d:/intelfpga/18.1/nios2eds/bin/gnu/h-x86_64-mingw32/bin/../lib/gcc/nios2-elf/5.3.0/../../../../../H-x86_64-mingw32/nios2-elf/lib\libc.a(lib_a-fflush.o)
                0x0000000000012ef0                fflush
 .text          0x0000000000012f20        0x0 d:/intelfpga/18.1/nios2eds/bin/gnu/h-x86_64-mingw32/bin/../lib/gcc/nios2-elf/5.3.0/../../../../../H-x86_64-mingw32/nios2-elf/lib\libc.a(lib_a-findfp.o)
 .text.__fp_unlock
                0x0000000000012f20        0x8 d:/intelfpga/18.1/nios2eds/bin/gnu/h-x86_64-mingw32/bin/../lib/gcc/nios2-elf/5.3.0/../../../../../H-x86_64-mingw32/nios2-elf/lib\libc.a(lib_a-findfp.o)
 .text._cleanup_r
                0x0000000000012f28        0xc d:/intelfpga/18.1/nios2eds/bin/gnu/h-x86_64-mingw32/bin/../lib/gcc/nios2-elf/5.3.0/../../../../../H-x86_64-mingw32/nios2-elf/lib\libc.a(lib_a-findfp.o)
                0x0000000000012f28                _cleanup_r
 .text.__sinit.part.1
                0x0000000000012f34      0x19c d:/intelfpga/18.1/nios2eds/bin/gnu/h-x86_64-mingw32/bin/../lib/gcc/nios2-elf/5.3.0/../../../../../H-x86_64-mingw32/nios2-elf/lib\libc.a(lib_a-findfp.o)
 .text.__fp_lock
                0x00000000000130d0        0x8 d:/intelfpga/18.1/nios2eds/bin/gnu/h-x86_64-mingw32/bin/../lib/gcc/nios2-elf/5.3.0/../../../../../H-x86_64-mingw32/nios2-elf/lib\libc.a(lib_a-findfp.o)
 .text.__sfmoreglue
                0x00000000000130d8       0x68 d:/intelfpga/18.1/nios2eds/bin/gnu/h-x86_64-mingw32/bin/../lib/gcc/nios2-elf/5.3.0/../../../../../H-x86_64-mingw32/nios2-elf/lib\libc.a(lib_a-findfp.o)
                0x00000000000130d8                __sfmoreglue
 .text.__sfp    0x0000000000013140      0x118 d:/intelfpga/18.1/nios2eds/bin/gnu/h-x86_64-mingw32/bin/../lib/gcc/nios2-elf/5.3.0/../../../../../H-x86_64-mingw32/nios2-elf/lib\libc.a(lib_a-findfp.o)
                0x0000000000013140                __sfp
 .text._cleanup
                0x0000000000013258       0x18 d:/intelfpga/18.1/nios2eds/bin/gnu/h-x86_64-mingw32/bin/../lib/gcc/nios2-elf/5.3.0/../../../../../H-x86_64-mingw32/nios2-elf/lib\libc.a(lib_a-findfp.o)
                0x0000000000013258                _cleanup
 .text.__sinit  0x0000000000013270       0x10 d:/intelfpga/18.1/nios2eds/bin/gnu/h-x86_64-mingw32/bin/../lib/gcc/nios2-elf/5.3.0/../../../../../H-x86_64-mingw32/nios2-elf/lib\libc.a(lib_a-findfp.o)
                0x0000000000013270                __sinit
 .text.__sfp_lock_acquire
                0x0000000000013280        0x4 d:/intelfpga/18.1/nios2eds/bin/gnu/h-x86_64-mingw32/bin/../lib/gcc/nios2-elf/5.3.0/../../../../../H-x86_64-mingw32/nios2-elf/lib\libc.a(lib_a-findfp.o)
                0x0000000000013280                __sfp_lock_acquire
 .text.__sfp_lock_release
                0x0000000000013284        0x4 d:/intelfpga/18.1/nios2eds/bin/gnu/h-x86_64-mingw32/bin/../lib/gcc/nios2-elf/5.3.0/../../../../../H-x86_64-mingw32/nios2-elf/lib\libc.a(lib_a-findfp.o)
                0x0000000000013284                __sfp_lock_release
 .text.__sinit_lock_acquire
                0x0000000000013288        0x4 d:/intelfpga/18.1/nios2eds/bin/gnu/h-x86_64-mingw32/bin/../lib/gcc/nios2-elf/5.3.0/../../../../../H-x86_64-mingw32/nios2-elf/lib\libc.a(lib_a-findfp.o)
                0x0000000000013288                __sinit_lock_acquire
 .text.__sinit_lock_release
                0x000000000001328c        0x4 d:/intelfpga/18.1/nios2eds/bin/gnu/h-x86_64-mingw32/bin/../lib/gcc/nios2-elf/5.3.0/../../../../../H-x86_64-mingw32/nios2-elf/lib\libc.a(lib_a-findfp.o)
                0x000000000001328c                __sinit_lock_release
 .text.__fp_lock_all
                0x0000000000013290       0x18 d:/intelfpga/18.1/nios2eds/bin/gnu/h-x86_64-mingw32/bin/../lib/gcc/nios2-elf/5.3.0/../../../../../H-x86_64-mingw32/nios2-elf/lib\libc.a(lib_a-findfp.o)
                0x0000000000013290                __fp_lock_all
 .text.__fp_unlock_all
                0x00000000000132a8       0x18 d:/intelfpga/18.1/nios2eds/bin/gnu/h-x86_64-mingw32/bin/../lib/gcc/nios2-elf/5.3.0/../../../../../H-x86_64-mingw32/nios2-elf/lib\libc.a(lib_a-findfp.o)
                0x00000000000132a8                __fp_unlock_all
 .text          0x00000000000132c0        0x0 d:/intelfpga/18.1/nios2eds/bin/gnu/h-x86_64-mingw32/bin/../lib/gcc/nios2-elf/5.3.0/../../../../../H-x86_64-mingw32/nios2-elf/lib\libc.a(lib_a-freer.o)
 .text._malloc_trim_r
                0x00000000000132c0      0x124 d:/intelfpga/18.1/nios2eds/bin/gnu/h-x86_64-mingw32/bin/../lib/gcc/nios2-elf/5.3.0/../../../../../H-x86_64-mingw32/nios2-elf/lib\libc.a(lib_a-freer.o)
                0x00000000000132c0                _malloc_trim_r
 .text._free_r  0x00000000000133e4      0x310 d:/intelfpga/18.1/nios2eds/bin/gnu/h-x86_64-mingw32/bin/../lib/gcc/nios2-elf/5.3.0/../../../../../H-x86_64-mingw32/nios2-elf/lib\libc.a(lib_a-freer.o)
                0x00000000000133e4                _free_r
 .text          0x00000000000136f4        0x0 d:/intelfpga/18.1/nios2eds/bin/gnu/h-x86_64-mingw32/bin/../lib/gcc/nios2-elf/5.3.0/../../../../../H-x86_64-mingw32/nios2-elf/lib\libc.a(lib_a-fwalk.o)
 .text._fwalk   0x00000000000136f4       0xc4 d:/intelfpga/18.1/nios2eds/bin/gnu/h-x86_64-mingw32/bin/../lib/gcc/nios2-elf/5.3.0/../../../../../H-x86_64-mingw32/nios2-elf/lib\libc.a(lib_a-fwalk.o)
                0x00000000000136f4                _fwalk
 .text._fwalk_reent
                0x00000000000137b8       0xc4 d:/intelfpga/18.1/nios2eds/bin/gnu/h-x86_64-mingw32/bin/../lib/gcc/nios2-elf/5.3.0/../../../../../H-x86_64-mingw32/nios2-elf/lib\libc.a(lib_a-fwalk.o)
                0x00000000000137b8                _fwalk_reent
 .text          0x000000000001387c        0x0 d:/intelfpga/18.1/nios2eds/bin/gnu/h-x86_64-mingw32/bin/../lib/gcc/nios2-elf/5.3.0/../../../../../H-x86_64-mingw32/nios2-elf/lib\libc.a(lib_a-makebuf.o)
 .text.__smakebuf_r
                0x000000000001387c      0x1bc d:/intelfpga/18.1/nios2eds/bin/gnu/h-x86_64-mingw32/bin/../lib/gcc/nios2-elf/5.3.0/../../../../../H-x86_64-mingw32/nios2-elf/lib\libc.a(lib_a-makebuf.o)
                0x000000000001387c                __smakebuf_r
 .text          0x0000000000013a38        0x0 d:/intelfpga/18.1/nios2eds/bin/gnu/h-x86_64-mingw32/bin/../lib/gcc/nios2-elf/5.3.0/../../../../../H-x86_64-mingw32/nios2-elf/lib\libc.a(lib_a-mallocr.o)
 .text._malloc_r
                0x0000000000013a38      0x80c d:/intelfpga/18.1/nios2eds/bin/gnu/h-x86_64-mingw32/bin/../lib/gcc/nios2-elf/5.3.0/../../../../../H-x86_64-mingw32/nios2-elf/lib\libc.a(lib_a-mallocr.o)
                0x0000000000013a38                _malloc_r
 .text          0x0000000000014244        0x0 d:/intelfpga/18.1/nios2eds/bin/gnu/h-x86_64-mingw32/bin/../lib/gcc/nios2-elf/5.3.0/../../../../../H-x86_64-mingw32/nios2-elf/lib\libc.a(lib_a-memset.o)
 .text.memset   0x0000000000014244      0x128 d:/intelfpga/18.1/nios2eds/bin/gnu/h-x86_64-mingw32/bin/../lib/gcc/nios2-elf/5.3.0/../../../../../H-x86_64-mingw32/nios2-elf/lib\libc.a(lib_a-memset.o)
                0x0000000000014244                memset
 .text          0x000000000001436c        0x0 d:/intelfpga/18.1/nios2eds/bin/gnu/h-x86_64-mingw32/bin/../lib/gcc/nios2-elf/5.3.0/../../../../../H-x86_64-mingw32/nios2-elf/lib\libc.a(lib_a-sbrkr.o)
 .text._sbrk_r  0x000000000001436c       0x54 d:/intelfpga/18.1/nios2eds/bin/gnu/h-x86_64-mingw32/bin/../lib/gcc/nios2-elf/5.3.0/../../../../../H-x86_64-mingw32/nios2-elf/lib\libc.a(lib_a-sbrkr.o)
                0x000000000001436c                _sbrk_r
 .text          0x00000000000143c0        0x0 d:/intelfpga/18.1/nios2eds/bin/gnu/h-x86_64-mingw32/bin/../lib/gcc/nios2-elf/5.3.0/../../../../../H-x86_64-mingw32/nios2-elf/lib\libc.a(lib_a-stdio.o)
 .text.__sread  0x00000000000143c0       0x54 d:/intelfpga/18.1/nios2eds/bin/gnu/h-x86_64-mingw32/bin/../lib/gcc/nios2-elf/5.3.0/../../../../../H-x86_64-mingw32/nios2-elf/lib\libc.a(lib_a-stdio.o)
                0x00000000000143c0                __sread
 .text.__seofread
                0x0000000000014414        0x8 d:/intelfpga/18.1/nios2eds/bin/gnu/h-x86_64-mingw32/bin/../lib/gcc/nios2-elf/5.3.0/../../../../../H-x86_64-mingw32/nios2-elf/lib\libc.a(lib_a-stdio.o)
                0x0000000000014414                __seofread
 .text.__swrite
                0x000000000001441c       0x7c d:/intelfpga/18.1/nios2eds/bin/gnu/h-x86_64-mingw32/bin/../lib/gcc/nios2-elf/5.3.0/../../../../../H-x86_64-mingw32/nios2-elf/lib\libc.a(lib_a-stdio.o)
                0x000000000001441c                __swrite
 .text.__sseek  0x0000000000014498       0x5c d:/intelfpga/18.1/nios2eds/bin/gnu/h-x86_64-mingw32/bin/../lib/gcc/nios2-elf/5.3.0/../../../../../H-x86_64-mingw32/nios2-elf/lib\libc.a(lib_a-stdio.o)
                0x0000000000014498                __sseek
 .text.__sclose
                0x00000000000144f4        0x8 d:/intelfpga/18.1/nios2eds/bin/gnu/h-x86_64-mingw32/bin/../lib/gcc/nios2-elf/5.3.0/../../../../../H-x86_64-mingw32/nios2-elf/lib\libc.a(lib_a-stdio.o)
                0x00000000000144f4                __sclose
 .text          0x00000000000144fc        0x0 d:/intelfpga/18.1/nios2eds/bin/gnu/h-x86_64-mingw32/bin/../lib/gcc/nios2-elf/5.3.0/../../../../../H-x86_64-mingw32/nios2-elf/lib\libc.a(lib_a-writer.o)
 .text._write_r
                0x00000000000144fc       0x60 d:/intelfpga/18.1/nios2eds/bin/gnu/h-x86_64-mingw32/bin/../lib/gcc/nios2-elf/5.3.0/../../../../../H-x86_64-mingw32/nios2-elf/lib\libc.a(lib_a-writer.o)
                0x00000000000144fc                _write_r
 .text          0x000000000001455c        0x0 d:/intelfpga/18.1/nios2eds/bin/gnu/h-x86_64-mingw32/bin/../lib/gcc/nios2-elf/5.3.0/../../../../../H-x86_64-mingw32/nios2-elf/lib\libc.a(closer.o)
 .text._close_r
                0x000000000001455c       0x54 d:/intelfpga/18.1/nios2eds/bin/gnu/h-x86_64-mingw32/bin/../lib/gcc/nios2-elf/5.3.0/../../../../../H-x86_64-mingw32/nios2-elf/lib\libc.a(closer.o)
                0x000000000001455c                _close_r
 .text          0x00000000000145b0        0x0 d:/intelfpga/18.1/nios2eds/bin/gnu/h-x86_64-mingw32/bin/../lib/gcc/nios2-elf/5.3.0/../../../../../H-x86_64-mingw32/nios2-elf/lib\libc.a(lib_a-fclose.o)
 .text._fclose_r
                0x00000000000145b0       0xf0 d:/intelfpga/18.1/nios2eds/bin/gnu/h-x86_64-mingw32/bin/../lib/gcc/nios2-elf/5.3.0/../../../../../H-x86_64-mingw32/nios2-elf/lib\libc.a(lib_a-fclose.o)
                0x00000000000145b0                _fclose_r
 .text.fclose   0x00000000000146a0       0x14 d:/intelfpga/18.1/nios2eds/bin/gnu/h-x86_64-mingw32/bin/../lib/gcc/nios2-elf/5.3.0/../../../../../H-x86_64-mingw32/nios2-elf/lib\libc.a(lib_a-fclose.o)
                0x00000000000146a0                fclose
 .text          0x00000000000146b4        0x0 d:/intelfpga/18.1/nios2eds/bin/gnu/h-x86_64-mingw32/bin/../lib/gcc/nios2-elf/5.3.0/../../../../../H-x86_64-mingw32/nios2-elf/lib\libc.a(lib_a-fstatr.o)
 .text._fstat_r
                0x00000000000146b4       0x5c d:/intelfpga/18.1/nios2eds/bin/gnu/h-x86_64-mingw32/bin/../lib/gcc/nios2-elf/5.3.0/../../../../../H-x86_64-mingw32/nios2-elf/lib\libc.a(lib_a-fstatr.o)
                0x00000000000146b4                _fstat_r
 .text          0x0000000000014710        0x0 d:/intelfpga/18.1/nios2eds/bin/gnu/h-x86_64-mingw32/bin/../lib/gcc/nios2-elf/5.3.0/../../../../../H-x86_64-mingw32/nios2-elf/lib\libc.a(lib_a-isattyr.o)
 .text._isatty_r
                0x0000000000014710       0x54 d:/intelfpga/18.1/nios2eds/bin/gnu/h-x86_64-mingw32/bin/../lib/gcc/nios2-elf/5.3.0/../../../../../H-x86_64-mingw32/nios2-elf/lib\libc.a(lib_a-isattyr.o)
                0x0000000000014710                _isatty_r
 .text          0x0000000000014764        0x0 d:/intelfpga/18.1/nios2eds/bin/gnu/h-x86_64-mingw32/bin/../lib/gcc/nios2-elf/5.3.0/../../../../../H-x86_64-mingw32/nios2-elf/lib\libc.a(lib_a-lseekr.o)
 .text._lseek_r
                0x0000000000014764       0x60 d:/intelfpga/18.1/nios2eds/bin/gnu/h-x86_64-mingw32/bin/../lib/gcc/nios2-elf/5.3.0/../../../../../H-x86_64-mingw32/nios2-elf/lib\libc.a(lib_a-lseekr.o)
                0x0000000000014764                _lseek_r
 .text          0x00000000000147c4        0x0 d:/intelfpga/18.1/nios2eds/bin/gnu/h-x86_64-mingw32/bin/../lib/gcc/nios2-elf/5.3.0/../../../../../H-x86_64-mingw32/nios2-elf/lib\libc.a(lib_a-readr.o)
 .text._read_r  0x00000000000147c4       0x60 d:/intelfpga/18.1/nios2eds/bin/gnu/h-x86_64-mingw32/bin/../lib/gcc/nios2-elf/5.3.0/../../../../../H-x86_64-mingw32/nios2-elf/lib\libc.a(lib_a-readr.o)
                0x00000000000147c4                _read_r
 .text          0x0000000000014824       0x34 ../volt_ctrl_bsp/\libhal_bsp.a(alt_exit.o)
                0x0000000000014824                _exit
 .text          0x0000000000014858       0xec ../volt_ctrl_bsp/\libhal_bsp.a(alt_fstat.o)
                0x0000000000014894                fstat
 .text          0x0000000000014944       0xe0 ../volt_ctrl_bsp/\libhal_bsp.a(alt_isatty.o)
                0x0000000000014980                isatty
 .text          0x0000000000014a24      0x110 ../volt_ctrl_bsp/\libhal_bsp.a(alt_lseek.o)
                0x0000000000014a60                lseek
 .text          0x0000000000014b34       0x48 ../volt_ctrl_bsp/\libhal_bsp.a(alt_malloc_lock.o)
                0x0000000000014b34                __malloc_lock
                0x0000000000014b58                __malloc_unlock
 .text          0x0000000000014b7c      0x138 ../volt_ctrl_bsp/\libhal_bsp.a(alt_read.o)
                0x0000000000014bb8                read
 .text          0x0000000000014cb4       0xb0 ../volt_ctrl_bsp/\libhal_bsp.a(alt_sbrk.o)
                0x0000000000014cb4                sbrk
 .text          0x0000000000014d64      0x134 ../volt_ctrl_bsp/\libhal_bsp.a(alt_write.o)
                0x0000000000014da0                write
 *(.gnu.warning.*)
 *(.fini)
                [!provide]                        PROVIDE (__etext, ABSOLUTE (.))
                [!provide]                        PROVIDE (_etext, ABSOLUTE (.))
                [!provide]                        PROVIDE (etext, ABSOLUTE (.))
 *(.eh_frame_hdr)
                0x0000000000014e98                . = ALIGN (0x4)
                [!provide]                        PROVIDE (__preinit_array_start, ABSOLUTE (.))
 *(.preinit_array)
                [!provide]                        PROVIDE (__preinit_array_end, ABSOLUTE (.))
                [!provide]                        PROVIDE (__init_array_start, ABSOLUTE (.))
 *(.init_array)
                [!provide]                        PROVIDE (__init_array_end, ABSOLUTE (.))
                [!provide]                        PROVIDE (__fini_array_start, ABSOLUTE (.))
 *(.fini_array)
                [!provide]                        PROVIDE (__fini_array_end, ABSOLUTE (.))
 *(.eh_frame)
 *(.gcc_except_table .gcc_except_table.*)
 *(.dynamic)
                0x0000000000014e98                PROVIDE (__CTOR_LIST__, ABSOLUTE (.))
 *(.ctors)
 *(SORT(.ctors.*))
                0x0000000000014e98                PROVIDE (__CTOR_END__, ABSOLUTE (.))
                0x0000000000014e98                PROVIDE (__DTOR_LIST__, ABSOLUTE (.))
 *(.dtors)
 *(SORT(.dtors.*))
                0x0000000000014e98                PROVIDE (__DTOR_END__, ABSOLUTE (.))
 *(.jcr)
                0x0000000000014e98                . = ALIGN (0x4)

.rodata         0x0000000000014e98       0x88
                0x0000000000014e98                PROVIDE (__ram_rodata_start, ABSOLUTE (.))
                0x0000000000014e98                . = ALIGN (0x4)
 *(.rodata .rodata.* .gnu.linkonce.r.*)
 .rodata        0x0000000000014e98       0x5e obj/default/src/spi.o
 *fill*         0x0000000000014ef6        0x2 
 .rodata        0x0000000000014ef8        0xa ../volt_ctrl_bsp/\libhal_bsp.a(alt_main.o)
 *fill*         0x0000000000014f02        0x2 
 .rodata        0x0000000000014f04        0xa ../volt_ctrl_bsp/\libhal_bsp.a(alt_sys_init.o)
 *fill*         0x0000000000014f0e        0x2 
 .rodata        0x0000000000014f10        0xa ../volt_ctrl_bsp/\libhal_bsp.a(alt_dev.o)
 *fill*         0x0000000000014f1a        0x2 
 .rodata.str1.4
                0x0000000000014f1c        0x4 d:/intelfpga/18.1/nios2eds/bin/gnu/h-x86_64-mingw32/bin/../lib/gcc/nios2-elf/5.3.0/../../../../../H-x86_64-mingw32/nios2-elf/lib\libc.a(lib_a-impure.o)
                                          0x2 (size before relaxing)
 *(.rodata1)
                0x0000000000014f20                . = ALIGN (0x4)
                0x0000000000014f20                PROVIDE (__ram_rodata_end, ABSOLUTE (.))
                0x0000000000014e98                PROVIDE (__flash_rodata_start, LOADADDR (.rodata))

.rwdata         0x0000000000014f20     0x1a6c load address 0x000000000001698c
                0x0000000000014f20                PROVIDE (__ram_rwdata_start, ABSOLUTE (.))
                0x0000000000014f20                . = ALIGN (0x4)
 *(.got.plt)
 *(.got)
 *(.data1)
 *(.data .data.* .gnu.linkonce.d.*)
 .data          0x0000000000014f20        0x0 ../volt_ctrl_bsp//obj/HAL/src/crt0.o
 .data          0x0000000000014f20        0x0 obj/default/src/spi.o
 .data          0x0000000000014f20        0x0 ../volt_ctrl_bsp/\libhal_bsp.a(alt_load.o)
 .data          0x0000000000014f20        0x0 ../volt_ctrl_bsp/\libhal_bsp.a(alt_main.o)
 .data          0x0000000000014f20        0x0 ../volt_ctrl_bsp/\libhal_bsp.a(alt_printf.o)
 .data          0x0000000000014f20        0x0 ../volt_ctrl_bsp/\libhal_bsp.a(alt_putchar.o)
 .data          0x0000000000014f20     0x1060 ../volt_ctrl_bsp/\libhal_bsp.a(alt_sys_init.o)
 .data          0x0000000000015f80        0x0 ../volt_ctrl_bsp/\libhal_bsp.a(altera_avalon_jtag_uart_fd.o)
 .data          0x0000000000015f80        0x0 ../volt_ctrl_bsp/\libhal_bsp.a(altera_avalon_jtag_uart_init.o)
 .data          0x0000000000015f80        0x0 ../volt_ctrl_bsp/\libhal_bsp.a(altera_avalon_jtag_uart_ioctl.o)
 .data          0x0000000000015f80        0x0 ../volt_ctrl_bsp/\libhal_bsp.a(altera_avalon_jtag_uart_read.o)
 .data          0x0000000000015f80        0x0 ../volt_ctrl_bsp/\libhal_bsp.a(altera_avalon_jtag_uart_write.o)
 .data          0x0000000000015f80        0x0 ../volt_ctrl_bsp/\libhal_bsp.a(altera_avalon_spi.o)
 .data          0x0000000000015f80        0x0 ../volt_ctrl_bsp/\libhal_bsp.a(alt_alarm_start.o)
 .data          0x0000000000015f80        0x0 ../volt_ctrl_bsp/\libhal_bsp.a(alt_close.o)
 .data          0x0000000000015f80        0x0 ../volt_ctrl_bsp/\libhal_bsp.a(alt_dcache_flush_all.o)
 .data          0x0000000000015f80      0x1a8 ../volt_ctrl_bsp/\libhal_bsp.a(alt_dev.o)
                0x0000000000015f80                alt_dev_null
                0x0000000000015fa8                alt_fd_list
 .data          0x0000000000016128        0x0 ../volt_ctrl_bsp/\libhal_bsp.a(alt_dev_llist_insert.o)
 .data          0x0000000000016128        0x0 ../volt_ctrl_bsp/\libhal_bsp.a(alt_do_ctors.o)
 .data          0x0000000000016128        0x0 ../volt_ctrl_bsp/\libhal_bsp.a(alt_do_dtors.o)
 .data          0x0000000000016128        0x0 ../volt_ctrl_bsp/\libhal_bsp.a(alt_errno.o)
 .data          0x0000000000016128        0x0 ../volt_ctrl_bsp/\libhal_bsp.a(alt_icache_flush_all.o)
 .data          0x0000000000016128        0x0 ../volt_ctrl_bsp/\libhal_bsp.a(alt_iic.o)
 .data          0x0000000000016128        0x0 ../volt_ctrl_bsp/\libhal_bsp.a(alt_iic_isr_register.o)
 .data          0x0000000000016128        0x0 ../volt_ctrl_bsp/\libhal_bsp.a(alt_io_redirect.o)
 .data          0x0000000000016128        0x0 ../volt_ctrl_bsp/\libhal_bsp.a(alt_irq_entry.o)
 .data          0x0000000000016128        0x0 ../volt_ctrl_bsp/\libhal_bsp.a(alt_irq_handler.o)
 .data          0x0000000000016128        0x0 ../volt_ctrl_bsp/\libhal_bsp.a(alt_irq_vars.o)
 .data          0x0000000000016128        0x0 ../volt_ctrl_bsp/\libhal_bsp.a(alt_open.o)
 .data          0x0000000000016128        0x0 ../volt_ctrl_bsp/\libhal_bsp.a(alt_release_fd.o)
 .data          0x0000000000016128        0x0 ../volt_ctrl_bsp/\libhal_bsp.a(alt_tick.o)
 .data          0x0000000000016128        0x0 ../volt_ctrl_bsp/\libhal_bsp.a(altera_nios2_gen2_irq.o)
 .data          0x0000000000016128        0x0 ../volt_ctrl_bsp/\libhal_bsp.a(alt_exception_entry.o)
 .data          0x0000000000016128        0x0 ../volt_ctrl_bsp/\libhal_bsp.a(alt_find_dev.o)
 .data          0x0000000000016128        0x0 ../volt_ctrl_bsp/\libhal_bsp.a(alt_find_file.o)
 .data          0x0000000000016128        0x0 ../volt_ctrl_bsp/\libhal_bsp.a(alt_get_fd.o)
 .data          0x0000000000016128        0x0 ../volt_ctrl_bsp/\libhal_bsp.a(alt_icache_flush.o)
 .data          0x0000000000016128        0x0 ../volt_ctrl_bsp/\libhal_bsp.a(alt_instruction_exception_entry.o)
 .data          0x0000000000016128        0x0 d:/intelfpga/18.1/nios2eds/bin/gnu/h-x86_64-mingw32/bin/../lib/gcc/nios2-elf/5.3.0/../../../../../H-x86_64-mingw32/nios2-elf/lib\libc.a(lib_a-atexit.o)
 .data          0x0000000000016128        0x0 d:/intelfpga/18.1/nios2eds/bin/gnu/h-x86_64-mingw32/bin/../lib/gcc/nios2-elf/5.3.0/../../../../../H-x86_64-mingw32/nios2-elf/lib\libc.a(lib_a-exit.o)
 .data          0x0000000000016128        0x0 d:/intelfpga/18.1/nios2eds/bin/gnu/h-x86_64-mingw32/bin/../lib/gcc/nios2-elf/5.3.0/../../../../../H-x86_64-mingw32/nios2-elf/lib\libc.a(lib_a-impure.o)
 .data.impure_data
                0x0000000000016128      0x424 d:/intelfpga/18.1/nios2eds/bin/gnu/h-x86_64-mingw32/bin/../lib/gcc/nios2-elf/5.3.0/../../../../../H-x86_64-mingw32/nios2-elf/lib\libc.a(lib_a-impure.o)
 .data          0x000000000001654c        0x0 d:/intelfpga/18.1/nios2eds/bin/gnu/h-x86_64-mingw32/bin/../lib/gcc/nios2-elf/5.3.0/../../../../../H-x86_64-mingw32/nios2-elf/lib\libc.a(lib_a-int_errno.o)
 .data          0x000000000001654c        0x0 d:/intelfpga/18.1/nios2eds/bin/gnu/h-x86_64-mingw32/bin/../lib/gcc/nios2-elf/5.3.0/../../../../../H-x86_64-mingw32/nios2-elf/lib\libc.a(lib_a-memcmp.o)
 .data          0x000000000001654c        0x0 d:/intelfpga/18.1/nios2eds/bin/gnu/h-x86_64-mingw32/bin/../lib/gcc/nios2-elf/5.3.0/../../../../../H-x86_64-mingw32/nios2-elf/lib\libc.a(lib_a-memcpy.o)
 .data          0x000000000001654c        0x0 d:/intelfpga/18.1/nios2eds/bin/gnu/h-x86_64-mingw32/bin/../lib/gcc/nios2-elf/5.3.0/../../../../../H-x86_64-mingw32/nios2-elf/lib\libc.a(lib_a-putc.o)
 .data          0x000000000001654c        0x0 d:/intelfpga/18.1/nios2eds/bin/gnu/h-x86_64-mingw32/bin/../lib/gcc/nios2-elf/5.3.0/../../../../../H-x86_64-mingw32/nios2-elf/lib\libc.a(lib_a-strlen.o)
 .data          0x000000000001654c        0x0 d:/intelfpga/18.1/nios2eds/bin/gnu/h-x86_64-mingw32/bin/../lib/gcc/nios2-elf/5.3.0/../../../../../H-x86_64-mingw32/nios2-elf/lib\libc.a(lib_a-wbuf.o)
 .data          0x000000000001654c        0x0 d:/intelfpga/18.1/nios2eds/bin/gnu/h-x86_64-mingw32/bin/../lib/gcc/nios2-elf/5.3.0/../../../../../H-x86_64-mingw32/nios2-elf/lib\libc.a(lib_a-wsetup.o)
 .data          0x000000000001654c        0x0 d:/intelfpga/18.1/nios2eds/bin/gnu/h-x86_64-mingw32/bin/../lib/gcc/nios2-elf/5.3.0/../../../../../H-x86_64-mingw32/nios2-elf/lib\libc.a(lib_a-__atexit.o)
 .data          0x000000000001654c        0x0 d:/intelfpga/18.1/nios2eds/bin/gnu/h-x86_64-mingw32/bin/../lib/gcc/nios2-elf/5.3.0/../../../../../H-x86_64-mingw32/nios2-elf/lib\libc.a(lib_a-__call_atexit.o)
 .data          0x000000000001654c        0x0 d:/intelfpga/18.1/nios2eds/bin/gnu/h-x86_64-mingw32/bin/../lib/gcc/nios2-elf/5.3.0/../../../../../H-x86_64-mingw32/nios2-elf/lib\libc.a(lib_a-fflush.o)
 .data          0x000000000001654c        0x0 d:/intelfpga/18.1/nios2eds/bin/gnu/h-x86_64-mingw32/bin/../lib/gcc/nios2-elf/5.3.0/../../../../../H-x86_64-mingw32/nios2-elf/lib\libc.a(lib_a-findfp.o)
 .data          0x000000000001654c        0x0 d:/intelfpga/18.1/nios2eds/bin/gnu/h-x86_64-mingw32/bin/../lib/gcc/nios2-elf/5.3.0/../../../../../H-x86_64-mingw32/nios2-elf/lib\libc.a(lib_a-freer.o)
 .data          0x000000000001654c        0x0 d:/intelfpga/18.1/nios2eds/bin/gnu/h-x86_64-mingw32/bin/../lib/gcc/nios2-elf/5.3.0/../../../../../H-x86_64-mingw32/nios2-elf/lib\libc.a(lib_a-fwalk.o)
 .data          0x000000000001654c        0x0 d:/intelfpga/18.1/nios2eds/bin/gnu/h-x86_64-mingw32/bin/../lib/gcc/nios2-elf/5.3.0/../../../../../H-x86_64-mingw32/nios2-elf/lib\libc.a(lib_a-makebuf.o)
 .data          0x000000000001654c        0x0 d:/intelfpga/18.1/nios2eds/bin/gnu/h-x86_64-mingw32/bin/../lib/gcc/nios2-elf/5.3.0/../../../../../H-x86_64-mingw32/nios2-elf/lib\libc.a(lib_a-mallocr.o)
 .data.__malloc_av_
                0x000000000001654c      0x408 d:/intelfpga/18.1/nios2eds/bin/gnu/h-x86_64-mingw32/bin/../lib/gcc/nios2-elf/5.3.0/../../../../../H-x86_64-mingw32/nios2-elf/lib\libc.a(lib_a-mallocr.o)
                0x000000000001654c                __malloc_av_
 .data          0x0000000000016954        0x0 d:/intelfpga/18.1/nios2eds/bin/gnu/h-x86_64-mingw32/bin/../lib/gcc/nios2-elf/5.3.0/../../../../../H-x86_64-mingw32/nios2-elf/lib\libc.a(lib_a-memset.o)
 .data          0x0000000000016954        0x0 d:/intelfpga/18.1/nios2eds/bin/gnu/h-x86_64-mingw32/bin/../lib/gcc/nios2-elf/5.3.0/../../../../../H-x86_64-mingw32/nios2-elf/lib\libc.a(lib_a-sbrkr.o)
 .data          0x0000000000016954        0x0 d:/intelfpga/18.1/nios2eds/bin/gnu/h-x86_64-mingw32/bin/../lib/gcc/nios2-elf/5.3.0/../../../../../H-x86_64-mingw32/nios2-elf/lib\libc.a(lib_a-stdio.o)
 .data          0x0000000000016954        0x0 d:/intelfpga/18.1/nios2eds/bin/gnu/h-x86_64-mingw32/bin/../lib/gcc/nios2-elf/5.3.0/../../../../../H-x86_64-mingw32/nios2-elf/lib\libc.a(lib_a-writer.o)
 .data          0x0000000000016954        0x0 d:/intelfpga/18.1/nios2eds/bin/gnu/h-x86_64-mingw32/bin/../lib/gcc/nios2-elf/5.3.0/../../../../../H-x86_64-mingw32/nios2-elf/lib\libc.a(closer.o)
 .data          0x0000000000016954        0x0 d:/intelfpga/18.1/nios2eds/bin/gnu/h-x86_64-mingw32/bin/../lib/gcc/nios2-elf/5.3.0/../../../../../H-x86_64-mingw32/nios2-elf/lib\libc.a(lib_a-fclose.o)
 .data          0x0000000000016954        0x0 d:/intelfpga/18.1/nios2eds/bin/gnu/h-x86_64-mingw32/bin/../lib/gcc/nios2-elf/5.3.0/../../../../../H-x86_64-mingw32/nios2-elf/lib\libc.a(lib_a-fstatr.o)
 .data          0x0000000000016954        0x0 d:/intelfpga/18.1/nios2eds/bin/gnu/h-x86_64-mingw32/bin/../lib/gcc/nios2-elf/5.3.0/../../../../../H-x86_64-mingw32/nios2-elf/lib\libc.a(lib_a-isattyr.o)
 .data          0x0000000000016954        0x0 d:/intelfpga/18.1/nios2eds/bin/gnu/h-x86_64-mingw32/bin/../lib/gcc/nios2-elf/5.3.0/../../../../../H-x86_64-mingw32/nios2-elf/lib\libc.a(lib_a-lseekr.o)
 .data          0x0000000000016954        0x0 d:/intelfpga/18.1/nios2eds/bin/gnu/h-x86_64-mingw32/bin/../lib/gcc/nios2-elf/5.3.0/../../../../../H-x86_64-mingw32/nios2-elf/lib\libc.a(lib_a-readr.o)
 .data          0x0000000000016954        0x0 ../volt_ctrl_bsp/\libhal_bsp.a(alt_exit.o)
 .data          0x0000000000016954        0x0 ../volt_ctrl_bsp/\libhal_bsp.a(alt_fstat.o)
 .data          0x0000000000016954        0x0 ../volt_ctrl_bsp/\libhal_bsp.a(alt_isatty.o)
 .data          0x0000000000016954        0x0 ../volt_ctrl_bsp/\libhal_bsp.a(alt_lseek.o)
 .data          0x0000000000016954        0x0 ../volt_ctrl_bsp/\libhal_bsp.a(alt_malloc_lock.o)
 .data          0x0000000000016954        0x0 ../volt_ctrl_bsp/\libhal_bsp.a(alt_read.o)
 .data          0x0000000000016954        0x0 ../volt_ctrl_bsp/\libhal_bsp.a(alt_sbrk.o)
 .data          0x0000000000016954        0x0 ../volt_ctrl_bsp/\libhal_bsp.a(alt_write.o)
                0x000000000001e954                _gp = ABSOLUTE ((. + 0x8000))
                [!provide]                        PROVIDE (gp, _gp)
 *(.rwdata .rwdata.*)
 *(.sdata .sdata.* .gnu.linkonce.s.*)
 .sdata         0x0000000000016954       0x14 ../volt_ctrl_bsp/\libhal_bsp.a(alt_dev.o)
                0x0000000000016954                alt_fs_list
                0x000000000001695c                alt_dev_list
                0x0000000000016964                alt_max_fd
 .sdata         0x0000000000016968        0x4 ../volt_ctrl_bsp/\libhal_bsp.a(alt_errno.o)
                0x0000000000016968                alt_errno
 .sdata         0x000000000001696c        0x4 ../volt_ctrl_bsp/\libhal_bsp.a(alt_irq_vars.o)
                0x000000000001696c                alt_priority_mask
 .sdata         0x0000000000016970        0x8 ../volt_ctrl_bsp/\libhal_bsp.a(alt_tick.o)
                0x0000000000016970                alt_alarm_list
 .sdata._global_impure_ptr
                0x0000000000016978        0x4 d:/intelfpga/18.1/nios2eds/bin/gnu/h-x86_64-mingw32/bin/../lib/gcc/nios2-elf/5.3.0/../../../../../H-x86_64-mingw32/nios2-elf/lib\libc.a(lib_a-impure.o)
                0x0000000000016978                _global_impure_ptr
 .sdata._impure_ptr
                0x000000000001697c        0x4 d:/intelfpga/18.1/nios2eds/bin/gnu/h-x86_64-mingw32/bin/../lib/gcc/nios2-elf/5.3.0/../../../../../H-x86_64-mingw32/nios2-elf/lib\libc.a(lib_a-impure.o)
                0x000000000001697c                _impure_ptr
 .sdata.__malloc_sbrk_base
                0x0000000000016980        0x4 d:/intelfpga/18.1/nios2eds/bin/gnu/h-x86_64-mingw32/bin/../lib/gcc/nios2-elf/5.3.0/../../../../../H-x86_64-mingw32/nios2-elf/lib\libc.a(lib_a-mallocr.o)
                0x0000000000016980                __malloc_sbrk_base
 .sdata.__malloc_trim_threshold
                0x0000000000016984        0x4 d:/intelfpga/18.1/nios2eds/bin/gnu/h-x86_64-mingw32/bin/../lib/gcc/nios2-elf/5.3.0/../../../../../H-x86_64-mingw32/nios2-elf/lib\libc.a(lib_a-mallocr.o)
                0x0000000000016984                __malloc_trim_threshold
 .sdata         0x0000000000016988        0x4 ../volt_ctrl_bsp/\libhal_bsp.a(alt_sbrk.o)
 *(.sdata2 .sdata2.* .gnu.linkonce.s2.*)
                0x000000000001698c                . = ALIGN (0x4)
                0x000000000001698c                _edata = ABSOLUTE (.)
                [!provide]                        PROVIDE (edata, ABSOLUTE (.))
                0x000000000001698c                PROVIDE (__ram_rwdata_end, ABSOLUTE (.))
                0x000000000001698c                PROVIDE (__flash_rwdata_start, LOADADDR (.rwdata))

.bss            0x00000000000183f8      0x154
                0x00000000000183f8                __bss_start = ABSOLUTE (.)
                [!provide]                        PROVIDE (__sbss_start, ABSOLUTE (.))
                [!provide]                        PROVIDE (___sbss_start, ABSOLUTE (.))
 *(.dynsbss)
 *(.sbss .sbss.* .gnu.linkonce.sb.*)
 .sbss          0x00000000000183f8        0xc ../volt_ctrl_bsp/\libhal_bsp.a(alt_main.o)
                0x00000000000183f8                alt_argc
                0x00000000000183fc                alt_argv
                0x0000000000018400                alt_envp
 .sbss          0x0000000000018404        0x4 ../volt_ctrl_bsp/\libhal_bsp.a(alt_irq_vars.o)
                0x0000000000018404                alt_irq_active
 .sbss          0x0000000000018408        0x8 ../volt_ctrl_bsp/\libhal_bsp.a(alt_tick.o)
                0x0000000000018408                _alt_tick_rate
                0x000000000001840c                _alt_nticks
 .sbss          0x0000000000018410        0x4 ../volt_ctrl_bsp/\libhal_bsp.a(alt_instruction_exception_entry.o)
                0x0000000000018410                alt_instruction_exception_handler
 .sbss          0x0000000000018414        0x4 d:/intelfpga/18.1/nios2eds/bin/gnu/h-x86_64-mingw32/bin/../lib/gcc/nios2-elf/5.3.0/../../../../../H-x86_64-mingw32/nios2-elf/lib\libc.a(lib_a-int_errno.o)
                0x0000000000018414                errno
 .sbss.__malloc_max_total_mem
                0x0000000000018418        0x4 d:/intelfpga/18.1/nios2eds/bin/gnu/h-x86_64-mingw32/bin/../lib/gcc/nios2-elf/5.3.0/../../../../../H-x86_64-mingw32/nios2-elf/lib\libc.a(lib_a-mallocr.o)
                0x0000000000018418                __malloc_max_total_mem
 .sbss.__malloc_max_sbrked_mem
                0x000000000001841c        0x4 d:/intelfpga/18.1/nios2eds/bin/gnu/h-x86_64-mingw32/bin/../lib/gcc/nios2-elf/5.3.0/../../../../../H-x86_64-mingw32/nios2-elf/lib\libc.a(lib_a-mallocr.o)
                0x000000000001841c                __malloc_max_sbrked_mem
 .sbss.__malloc_top_pad
                0x0000000000018420        0x4 d:/intelfpga/18.1/nios2eds/bin/gnu/h-x86_64-mingw32/bin/../lib/gcc/nios2-elf/5.3.0/../../../../../H-x86_64-mingw32/nios2-elf/lib\libc.a(lib_a-mallocr.o)
                0x0000000000018420                __malloc_top_pad
 *(.sbss2 .sbss2.* .gnu.linkonce.sb2.*)
 *(.scommon)
                [!provide]                        PROVIDE (__sbss_end, ABSOLUTE (.))
                [!provide]                        PROVIDE (___sbss_end, ABSOLUTE (.))
 *(.dynbss)
 *(.bss .bss.* .gnu.linkonce.b.*)
 .bss           0x0000000000018424        0x0 ../volt_ctrl_bsp//obj/HAL/src/crt0.o
 .bss           0x0000000000018424        0x0 obj/default/src/spi.o
 .bss           0x0000000000018424        0x0 ../volt_ctrl_bsp/\libhal_bsp.a(alt_load.o)
 .bss           0x0000000000018424        0x0 ../volt_ctrl_bsp/\libhal_bsp.a(alt_main.o)
 .bss           0x0000000000018424        0x0 ../volt_ctrl_bsp/\libhal_bsp.a(alt_printf.o)
 .bss           0x0000000000018424        0x0 ../volt_ctrl_bsp/\libhal_bsp.a(alt_putchar.o)
 .bss           0x0000000000018424        0x0 ../volt_ctrl_bsp/\libhal_bsp.a(alt_sys_init.o)
 .bss           0x0000000000018424        0x0 ../volt_ctrl_bsp/\libhal_bsp.a(altera_avalon_jtag_uart_fd.o)
 .bss           0x0000000000018424        0x0 ../volt_ctrl_bsp/\libhal_bsp.a(altera_avalon_jtag_uart_init.o)
 .bss           0x0000000000018424        0x0 ../volt_ctrl_bsp/\libhal_bsp.a(altera_avalon_jtag_uart_ioctl.o)
 .bss           0x0000000000018424        0x0 ../volt_ctrl_bsp/\libhal_bsp.a(altera_avalon_jtag_uart_read.o)
 .bss           0x0000000000018424        0x0 ../volt_ctrl_bsp/\libhal_bsp.a(altera_avalon_jtag_uart_write.o)
 .bss           0x0000000000018424        0x0 ../volt_ctrl_bsp/\libhal_bsp.a(altera_avalon_spi.o)
 .bss           0x0000000000018424        0x0 ../volt_ctrl_bsp/\libhal_bsp.a(alt_alarm_start.o)
 .bss           0x0000000000018424        0x0 ../volt_ctrl_bsp/\libhal_bsp.a(alt_close.o)
 .bss           0x0000000000018424        0x0 ../volt_ctrl_bsp/\libhal_bsp.a(alt_dcache_flush_all.o)
 .bss           0x0000000000018424        0x0 ../volt_ctrl_bsp/\libhal_bsp.a(alt_dev.o)
 .bss           0x0000000000018424        0x0 ../volt_ctrl_bsp/\libhal_bsp.a(alt_dev_llist_insert.o)
 .bss           0x0000000000018424        0x0 ../volt_ctrl_bsp/\libhal_bsp.a(alt_do_ctors.o)
 .bss           0x0000000000018424        0x0 ../volt_ctrl_bsp/\libhal_bsp.a(alt_do_dtors.o)
 .bss           0x0000000000018424        0x0 ../volt_ctrl_bsp/\libhal_bsp.a(alt_errno.o)
 .bss           0x0000000000018424        0x0 ../volt_ctrl_bsp/\libhal_bsp.a(alt_icache_flush_all.o)
 .bss           0x0000000000018424        0x0 ../volt_ctrl_bsp/\libhal_bsp.a(alt_iic.o)
 .bss           0x0000000000018424        0x0 ../volt_ctrl_bsp/\libhal_bsp.a(alt_iic_isr_register.o)
 .bss           0x0000000000018424        0x0 ../volt_ctrl_bsp/\libhal_bsp.a(alt_io_redirect.o)
 .bss           0x0000000000018424        0x0 ../volt_ctrl_bsp/\libhal_bsp.a(alt_irq_entry.o)
 .bss           0x0000000000018424        0x0 ../volt_ctrl_bsp/\libhal_bsp.a(alt_irq_handler.o)
 .bss           0x0000000000018424        0x0 ../volt_ctrl_bsp/\libhal_bsp.a(alt_irq_vars.o)
 .bss           0x0000000000018424        0x0 ../volt_ctrl_bsp/\libhal_bsp.a(alt_open.o)
 .bss           0x0000000000018424        0x0 ../volt_ctrl_bsp/\libhal_bsp.a(alt_release_fd.o)
 .bss           0x0000000000018424        0x0 ../volt_ctrl_bsp/\libhal_bsp.a(alt_tick.o)
 .bss           0x0000000000018424        0x0 ../volt_ctrl_bsp/\libhal_bsp.a(altera_nios2_gen2_irq.o)
 .bss           0x0000000000018424        0x0 ../volt_ctrl_bsp/\libhal_bsp.a(alt_exception_entry.o)
 .bss           0x0000000000018424        0x0 ../volt_ctrl_bsp/\libhal_bsp.a(alt_find_dev.o)
 .bss           0x0000000000018424        0x0 ../volt_ctrl_bsp/\libhal_bsp.a(alt_find_file.o)
 .bss           0x0000000000018424        0x0 ../volt_ctrl_bsp/\libhal_bsp.a(alt_get_fd.o)
 .bss           0x0000000000018424        0x0 ../volt_ctrl_bsp/\libhal_bsp.a(alt_icache_flush.o)
 .bss           0x0000000000018424        0x0 ../volt_ctrl_bsp/\libhal_bsp.a(alt_instruction_exception_entry.o)
 .bss           0x0000000000018424        0x0 d:/intelfpga/18.1/nios2eds/bin/gnu/h-x86_64-mingw32/bin/../lib/gcc/nios2-elf/5.3.0/../../../../../H-x86_64-mingw32/nios2-elf/lib\libc.a(lib_a-atexit.o)
 .bss           0x0000000000018424        0x0 d:/intelfpga/18.1/nios2eds/bin/gnu/h-x86_64-mingw32/bin/../lib/gcc/nios2-elf/5.3.0/../../../../../H-x86_64-mingw32/nios2-elf/lib\libc.a(lib_a-exit.o)
 .bss           0x0000000000018424        0x0 d:/intelfpga/18.1/nios2eds/bin/gnu/h-x86_64-mingw32/bin/../lib/gcc/nios2-elf/5.3.0/../../../../../H-x86_64-mingw32/nios2-elf/lib\libc.a(lib_a-impure.o)
 .bss           0x0000000000018424        0x0 d:/intelfpga/18.1/nios2eds/bin/gnu/h-x86_64-mingw32/bin/../lib/gcc/nios2-elf/5.3.0/../../../../../H-x86_64-mingw32/nios2-elf/lib\libc.a(lib_a-int_errno.o)
 .bss           0x0000000000018424        0x0 d:/intelfpga/18.1/nios2eds/bin/gnu/h-x86_64-mingw32/bin/../lib/gcc/nios2-elf/5.3.0/../../../../../H-x86_64-mingw32/nios2-elf/lib\libc.a(lib_a-memcmp.o)
 .bss           0x0000000000018424        0x0 d:/intelfpga/18.1/nios2eds/bin/gnu/h-x86_64-mingw32/bin/../lib/gcc/nios2-elf/5.3.0/../../../../../H-x86_64-mingw32/nios2-elf/lib\libc.a(lib_a-memcpy.o)
 .bss           0x0000000000018424        0x0 d:/intelfpga/18.1/nios2eds/bin/gnu/h-x86_64-mingw32/bin/../lib/gcc/nios2-elf/5.3.0/../../../../../H-x86_64-mingw32/nios2-elf/lib\libc.a(lib_a-putc.o)
 .bss           0x0000000000018424        0x0 d:/intelfpga/18.1/nios2eds/bin/gnu/h-x86_64-mingw32/bin/../lib/gcc/nios2-elf/5.3.0/../../../../../H-x86_64-mingw32/nios2-elf/lib\libc.a(lib_a-strlen.o)
 .bss           0x0000000000018424        0x0 d:/intelfpga/18.1/nios2eds/bin/gnu/h-x86_64-mingw32/bin/../lib/gcc/nios2-elf/5.3.0/../../../../../H-x86_64-mingw32/nios2-elf/lib\libc.a(lib_a-wbuf.o)
 .bss           0x0000000000018424        0x0 d:/intelfpga/18.1/nios2eds/bin/gnu/h-x86_64-mingw32/bin/../lib/gcc/nios2-elf/5.3.0/../../../../../H-x86_64-mingw32/nios2-elf/lib\libc.a(lib_a-wsetup.o)
 .bss           0x0000000000018424        0x0 d:/intelfpga/18.1/nios2eds/bin/gnu/h-x86_64-mingw32/bin/../lib/gcc/nios2-elf/5.3.0/../../../../../H-x86_64-mingw32/nios2-elf/lib\libc.a(lib_a-__atexit.o)
 .bss           0x0000000000018424        0x0 d:/intelfpga/18.1/nios2eds/bin/gnu/h-x86_64-mingw32/bin/../lib/gcc/nios2-elf/5.3.0/../../../../../H-x86_64-mingw32/nios2-elf/lib\libc.a(lib_a-__call_atexit.o)
 .bss           0x0000000000018424        0x0 d:/intelfpga/18.1/nios2eds/bin/gnu/h-x86_64-mingw32/bin/../lib/gcc/nios2-elf/5.3.0/../../../../../H-x86_64-mingw32/nios2-elf/lib\libc.a(lib_a-fflush.o)
 .bss           0x0000000000018424        0x0 d:/intelfpga/18.1/nios2eds/bin/gnu/h-x86_64-mingw32/bin/../lib/gcc/nios2-elf/5.3.0/../../../../../H-x86_64-mingw32/nios2-elf/lib\libc.a(lib_a-findfp.o)
 .bss           0x0000000000018424        0x0 d:/intelfpga/18.1/nios2eds/bin/gnu/h-x86_64-mingw32/bin/../lib/gcc/nios2-elf/5.3.0/../../../../../H-x86_64-mingw32/nios2-elf/lib\libc.a(lib_a-freer.o)
 .bss           0x0000000000018424        0x0 d:/intelfpga/18.1/nios2eds/bin/gnu/h-x86_64-mingw32/bin/../lib/gcc/nios2-elf/5.3.0/../../../../../H-x86_64-mingw32/nios2-elf/lib\libc.a(lib_a-fwalk.o)
 .bss           0x0000000000018424        0x0 d:/intelfpga/18.1/nios2eds/bin/gnu/h-x86_64-mingw32/bin/../lib/gcc/nios2-elf/5.3.0/../../../../../H-x86_64-mingw32/nios2-elf/lib\libc.a(lib_a-makebuf.o)
 .bss           0x0000000000018424        0x0 d:/intelfpga/18.1/nios2eds/bin/gnu/h-x86_64-mingw32/bin/../lib/gcc/nios2-elf/5.3.0/../../../../../H-x86_64-mingw32/nios2-elf/lib\libc.a(lib_a-mallocr.o)
 .bss.__malloc_current_mallinfo
                0x0000000000018424       0x28 d:/intelfpga/18.1/nios2eds/bin/gnu/h-x86_64-mingw32/bin/../lib/gcc/nios2-elf/5.3.0/../../../../../H-x86_64-mingw32/nios2-elf/lib\libc.a(lib_a-mallocr.o)
                0x0000000000018424                __malloc_current_mallinfo
 .bss           0x000000000001844c        0x0 d:/intelfpga/18.1/nios2eds/bin/gnu/h-x86_64-mingw32/bin/../lib/gcc/nios2-elf/5.3.0/../../../../../H-x86_64-mingw32/nios2-elf/lib\libc.a(lib_a-memset.o)
 .bss           0x000000000001844c        0x0 d:/intelfpga/18.1/nios2eds/bin/gnu/h-x86_64-mingw32/bin/../lib/gcc/nios2-elf/5.3.0/../../../../../H-x86_64-mingw32/nios2-elf/lib\libc.a(lib_a-sbrkr.o)
 .bss           0x000000000001844c        0x0 d:/intelfpga/18.1/nios2eds/bin/gnu/h-x86_64-mingw32/bin/../lib/gcc/nios2-elf/5.3.0/../../../../../H-x86_64-mingw32/nios2-elf/lib\libc.a(lib_a-stdio.o)
 .bss           0x000000000001844c        0x0 d:/intelfpga/18.1/nios2eds/bin/gnu/h-x86_64-mingw32/bin/../lib/gcc/nios2-elf/5.3.0/../../../../../H-x86_64-mingw32/nios2-elf/lib\libc.a(lib_a-writer.o)
 .bss           0x000000000001844c        0x0 d:/intelfpga/18.1/nios2eds/bin/gnu/h-x86_64-mingw32/bin/../lib/gcc/nios2-elf/5.3.0/../../../../../H-x86_64-mingw32/nios2-elf/lib\libc.a(closer.o)
 .bss           0x000000000001844c        0x0 d:/intelfpga/18.1/nios2eds/bin/gnu/h-x86_64-mingw32/bin/../lib/gcc/nios2-elf/5.3.0/../../../../../H-x86_64-mingw32/nios2-elf/lib\libc.a(lib_a-fclose.o)
 .bss           0x000000000001844c        0x0 d:/intelfpga/18.1/nios2eds/bin/gnu/h-x86_64-mingw32/bin/../lib/gcc/nios2-elf/5.3.0/../../../../../H-x86_64-mingw32/nios2-elf/lib\libc.a(lib_a-fstatr.o)
 .bss           0x000000000001844c        0x0 d:/intelfpga/18.1/nios2eds/bin/gnu/h-x86_64-mingw32/bin/../lib/gcc/nios2-elf/5.3.0/../../../../../H-x86_64-mingw32/nios2-elf/lib\libc.a(lib_a-isattyr.o)
 .bss           0x000000000001844c        0x0 d:/intelfpga/18.1/nios2eds/bin/gnu/h-x86_64-mingw32/bin/../lib/gcc/nios2-elf/5.3.0/../../../../../H-x86_64-mingw32/nios2-elf/lib\libc.a(lib_a-lseekr.o)
 .bss           0x000000000001844c        0x0 d:/intelfpga/18.1/nios2eds/bin/gnu/h-x86_64-mingw32/bin/../lib/gcc/nios2-elf/5.3.0/../../../../../H-x86_64-mingw32/nios2-elf/lib\libc.a(lib_a-readr.o)
 .bss           0x000000000001844c        0x0 ../volt_ctrl_bsp/\libhal_bsp.a(alt_exit.o)
 .bss           0x000000000001844c        0x0 ../volt_ctrl_bsp/\libhal_bsp.a(alt_fstat.o)
 .bss           0x000000000001844c        0x0 ../volt_ctrl_bsp/\libhal_bsp.a(alt_isatty.o)
 .bss           0x000000000001844c        0x0 ../volt_ctrl_bsp/\libhal_bsp.a(alt_lseek.o)
 .bss           0x000000000001844c        0x0 ../volt_ctrl_bsp/\libhal_bsp.a(alt_malloc_lock.o)
 .bss           0x000000000001844c        0x0 ../volt_ctrl_bsp/\libhal_bsp.a(alt_read.o)
 .bss           0x000000000001844c        0x0 ../volt_ctrl_bsp/\libhal_bsp.a(alt_sbrk.o)
 .bss           0x000000000001844c        0x0 ../volt_ctrl_bsp/\libhal_bsp.a(alt_write.o)
 *(COMMON)
 COMMON         0x000000000001844c      0x100 ../volt_ctrl_bsp/\libhal_bsp.a(alt_irq_handler.o)
                0x000000000001844c                alt_irq
                0x000000000001854c                . = ALIGN (0x4)
                0x000000000001854c                __bss_end = ABSOLUTE (.)

.ram            0x000000000001854c        0x0
                [!provide]                        PROVIDE (_alt_partition_ram_start, ABSOLUTE (.))
 *(.ram .ram. ram.*)
                0x000000000001854c                . = ALIGN (0x4)
                [!provide]                        PROVIDE (_alt_partition_ram_end, ABSOLUTE (.))
                0x000000000001854c                _end = ABSOLUTE (.)
                0x000000000001854c                end = ABSOLUTE (.)
                0x000000000001854c                __alt_stack_base = ABSOLUTE (.)
                [!provide]                        PROVIDE (_alt_partition_ram_load_addr, LOADADDR (.ram))

.rom            0x0000000000028244        0x0 load address 0x000000000001854c
                [!provide]                        PROVIDE (_alt_partition_rom_start, ABSOLUTE (.))
 *(.rom .rom. rom.*)
                0x0000000000028244                . = ALIGN (0x4)
                [!provide]                        PROVIDE (_alt_partition_rom_end, ABSOLUTE (.))
                [!provide]                        PROVIDE (_alt_partition_rom_load_addr, LOADADDR (.rom))

.stab
 *(.stab)

.stabstr
 *(.stabstr)

.stab.excl
 *(.stab.excl)

.stab.exclstr
 *(.stab.exclstr)

.stab.index
 *(.stab.index)

.stab.indexstr
 *(.stab.indexstr)

.comment        0x0000000000000000       0x23
 *(.comment)
 .comment       0x0000000000000000       0x23 obj/default/src/spi.o
                                         0x24 (size before relaxing)
 .comment       0x0000000000000023       0x24 ../volt_ctrl_bsp/\libhal_bsp.a(alt_load.o)
 .comment       0x0000000000000023       0x24 ../volt_ctrl_bsp/\libhal_bsp.a(alt_main.o)
 .comment       0x0000000000000023       0x24 ../volt_ctrl_bsp/\libhal_bsp.a(alt_printf.o)
 .comment       0x0000000000000023       0x24 ../volt_ctrl_bsp/\libhal_bsp.a(alt_putchar.o)
 .comment       0x0000000000000023       0x24 ../volt_ctrl_bsp/\libhal_bsp.a(alt_sys_init.o)
 .comment       0x0000000000000023       0x24 ../volt_ctrl_bsp/\libhal_bsp.a(altera_avalon_jtag_uart_fd.o)
 .comment       0x0000000000000023       0x24 ../volt_ctrl_bsp/\libhal_bsp.a(altera_avalon_jtag_uart_init.o)
 .comment       0x0000000000000023       0x24 ../volt_ctrl_bsp/\libhal_bsp.a(altera_avalon_jtag_uart_ioctl.o)
 .comment       0x0000000000000023       0x24 ../volt_ctrl_bsp/\libhal_bsp.a(altera_avalon_jtag_uart_read.o)
 .comment       0x0000000000000023       0x24 ../volt_ctrl_bsp/\libhal_bsp.a(altera_avalon_jtag_uart_write.o)
 .comment       0x0000000000000023       0x24 ../volt_ctrl_bsp/\libhal_bsp.a(altera_avalon_spi.o)
 .comment       0x0000000000000023       0x24 ../volt_ctrl_bsp/\libhal_bsp.a(alt_alarm_start.o)
 .comment       0x0000000000000023       0x24 ../volt_ctrl_bsp/\libhal_bsp.a(alt_close.o)
 .comment       0x0000000000000023       0x24 ../volt_ctrl_bsp/\libhal_bsp.a(alt_dcache_flush_all.o)
 .comment       0x0000000000000023       0x24 ../volt_ctrl_bsp/\libhal_bsp.a(alt_dev.o)
 .comment       0x0000000000000023       0x24 ../volt_ctrl_bsp/\libhal_bsp.a(alt_dev_llist_insert.o)
 .comment       0x0000000000000023       0x24 ../volt_ctrl_bsp/\libhal_bsp.a(alt_do_ctors.o)
 .comment       0x0000000000000023       0x24 ../volt_ctrl_bsp/\libhal_bsp.a(alt_do_dtors.o)
 .comment       0x0000000000000023       0x24 ../volt_ctrl_bsp/\libhal_bsp.a(alt_errno.o)
 .comment       0x0000000000000023       0x24 ../volt_ctrl_bsp/\libhal_bsp.a(alt_icache_flush_all.o)
 .comment       0x0000000000000023       0x24 ../volt_ctrl_bsp/\libhal_bsp.a(alt_iic.o)
 .comment       0x0000000000000023       0x24 ../volt_ctrl_bsp/\libhal_bsp.a(alt_iic_isr_register.o)
 .comment       0x0000000000000023       0x24 ../volt_ctrl_bsp/\libhal_bsp.a(alt_io_redirect.o)
 .comment       0x0000000000000023       0x24 ../volt_ctrl_bsp/\libhal_bsp.a(alt_irq_handler.o)
 .comment       0x0000000000000023       0x24 ../volt_ctrl_bsp/\libhal_bsp.a(alt_irq_vars.o)
 .comment       0x0000000000000023       0x24 ../volt_ctrl_bsp/\libhal_bsp.a(alt_open.o)
 .comment       0x0000000000000023       0x24 ../volt_ctrl_bsp/\libhal_bsp.a(alt_release_fd.o)
 .comment       0x0000000000000023       0x24 ../volt_ctrl_bsp/\libhal_bsp.a(alt_tick.o)
 .comment       0x0000000000000023       0x24 ../volt_ctrl_bsp/\libhal_bsp.a(altera_nios2_gen2_irq.o)
 .comment       0x0000000000000023       0x24 ../volt_ctrl_bsp/\libhal_bsp.a(alt_find_dev.o)
 .comment       0x0000000000000023       0x24 ../volt_ctrl_bsp/\libhal_bsp.a(alt_find_file.o)
 .comment       0x0000000000000023       0x24 ../volt_ctrl_bsp/\libhal_bsp.a(alt_get_fd.o)
 .comment       0x0000000000000023       0x24 ../volt_ctrl_bsp/\libhal_bsp.a(alt_icache_flush.o)
 .comment       0x0000000000000023       0x24 ../volt_ctrl_bsp/\libhal_bsp.a(alt_instruction_exception_entry.o)
 .comment       0x0000000000000023       0x24 d:/intelfpga/18.1/nios2eds/bin/gnu/h-x86_64-mingw32/bin/../lib/gcc/nios2-elf/5.3.0/../../../../../H-x86_64-mingw32/nios2-elf/lib\libc.a(lib_a-atexit.o)
 .comment       0x0000000000000023       0x24 d:/intelfpga/18.1/nios2eds/bin/gnu/h-x86_64-mingw32/bin/../lib/gcc/nios2-elf/5.3.0/../../../../../H-x86_64-mingw32/nios2-elf/lib\libc.a(lib_a-exit.o)
 .comment       0x0000000000000023       0x24 d:/intelfpga/18.1/nios2eds/bin/gnu/h-x86_64-mingw32/bin/../lib/gcc/nios2-elf/5.3.0/../../../../../H-x86_64-mingw32/nios2-elf/lib\libc.a(lib_a-impure.o)
 .comment       0x0000000000000023       0x24 d:/intelfpga/18.1/nios2eds/bin/gnu/h-x86_64-mingw32/bin/../lib/gcc/nios2-elf/5.3.0/../../../../../H-x86_64-mingw32/nios2-elf/lib\libc.a(lib_a-int_errno.o)
 .comment       0x0000000000000023       0x24 d:/intelfpga/18.1/nios2eds/bin/gnu/h-x86_64-mingw32/bin/../lib/gcc/nios2-elf/5.3.0/../../../../../H-x86_64-mingw32/nios2-elf/lib\libc.a(lib_a-memcmp.o)
 .comment       0x0000000000000023       0x24 d:/intelfpga/18.1/nios2eds/bin/gnu/h-x86_64-mingw32/bin/../lib/gcc/nios2-elf/5.3.0/../../../../../H-x86_64-mingw32/nios2-elf/lib\libc.a(lib_a-memcpy.o)
 .comment       0x0000000000000023       0x24 d:/intelfpga/18.1/nios2eds/bin/gnu/h-x86_64-mingw32/bin/../lib/gcc/nios2-elf/5.3.0/../../../../../H-x86_64-mingw32/nios2-elf/lib\libc.a(lib_a-putc.o)
 .comment       0x0000000000000023       0x24 d:/intelfpga/18.1/nios2eds/bin/gnu/h-x86_64-mingw32/bin/../lib/gcc/nios2-elf/5.3.0/../../../../../H-x86_64-mingw32/nios2-elf/lib\libc.a(lib_a-strlen.o)
 .comment       0x0000000000000023       0x24 d:/intelfpga/18.1/nios2eds/bin/gnu/h-x86_64-mingw32/bin/../lib/gcc/nios2-elf/5.3.0/../../../../../H-x86_64-mingw32/nios2-elf/lib\libc.a(lib_a-wbuf.o)
 .comment       0x0000000000000023       0x24 d:/intelfpga/18.1/nios2eds/bin/gnu/h-x86_64-mingw32/bin/../lib/gcc/nios2-elf/5.3.0/../../../../../H-x86_64-mingw32/nios2-elf/lib\libc.a(lib_a-wsetup.o)
 .comment       0x0000000000000023       0x24 d:/intelfpga/18.1/nios2eds/bin/gnu/h-x86_64-mingw32/bin/../lib/gcc/nios2-elf/5.3.0/../../../../../H-x86_64-mingw32/nios2-elf/lib\libc.a(lib_a-__atexit.o)
 .comment       0x0000000000000023       0x24 d:/intelfpga/18.1/nios2eds/bin/gnu/h-x86_64-mingw32/bin/../lib/gcc/nios2-elf/5.3.0/../../../../../H-x86_64-mingw32/nios2-elf/lib\libc.a(lib_a-__call_atexit.o)
 .comment       0x0000000000000023       0x24 d:/intelfpga/18.1/nios2eds/bin/gnu/h-x86_64-mingw32/bin/../lib/gcc/nios2-elf/5.3.0/../../../../../H-x86_64-mingw32/nios2-elf/lib\libc.a(lib_a-fflush.o)
 .comment       0x0000000000000023       0x24 d:/intelfpga/18.1/nios2eds/bin/gnu/h-x86_64-mingw32/bin/../lib/gcc/nios2-elf/5.3.0/../../../../../H-x86_64-mingw32/nios2-elf/lib\libc.a(lib_a-findfp.o)
 .comment       0x0000000000000023       0x24 d:/intelfpga/18.1/nios2eds/bin/gnu/h-x86_64-mingw32/bin/../lib/gcc/nios2-elf/5.3.0/../../../../../H-x86_64-mingw32/nios2-elf/lib\libc.a(lib_a-freer.o)
 .comment       0x0000000000000023       0x24 d:/intelfpga/18.1/nios2eds/bin/gnu/h-x86_64-mingw32/bin/../lib/gcc/nios2-elf/5.3.0/../../../../../H-x86_64-mingw32/nios2-elf/lib\libc.a(lib_a-fwalk.o)
 .comment       0x0000000000000023       0x24 d:/intelfpga/18.1/nios2eds/bin/gnu/h-x86_64-mingw32/bin/../lib/gcc/nios2-elf/5.3.0/../../../../../H-x86_64-mingw32/nios2-elf/lib\libc.a(lib_a-makebuf.o)
 .comment       0x0000000000000023       0x24 d:/intelfpga/18.1/nios2eds/bin/gnu/h-x86_64-mingw32/bin/../lib/gcc/nios2-elf/5.3.0/../../../../../H-x86_64-mingw32/nios2-elf/lib\libc.a(lib_a-mallocr.o)
 .comment       0x0000000000000023       0x24 d:/intelfpga/18.1/nios2eds/bin/gnu/h-x86_64-mingw32/bin/../lib/gcc/nios2-elf/5.3.0/../../../../../H-x86_64-mingw32/nios2-elf/lib\libc.a(lib_a-memset.o)
 .comment       0x0000000000000023       0x24 d:/intelfpga/18.1/nios2eds/bin/gnu/h-x86_64-mingw32/bin/../lib/gcc/nios2-elf/5.3.0/../../../../../H-x86_64-mingw32/nios2-elf/lib\libc.a(lib_a-sbrkr.o)
 .comment       0x0000000000000023       0x24 d:/intelfpga/18.1/nios2eds/bin/gnu/h-x86_64-mingw32/bin/../lib/gcc/nios2-elf/5.3.0/../../../../../H-x86_64-mingw32/nios2-elf/lib\libc.a(lib_a-stdio.o)
 .comment       0x0000000000000023       0x24 d:/intelfpga/18.1/nios2eds/bin/gnu/h-x86_64-mingw32/bin/../lib/gcc/nios2-elf/5.3.0/../../../../../H-x86_64-mingw32/nios2-elf/lib\libc.a(lib_a-writer.o)
 .comment       0x0000000000000023       0x24 d:/intelfpga/18.1/nios2eds/bin/gnu/h-x86_64-mingw32/bin/../lib/gcc/nios2-elf/5.3.0/../../../../../H-x86_64-mingw32/nios2-elf/lib\libc.a(closer.o)
 .comment       0x0000000000000023       0x24 d:/intelfpga/18.1/nios2eds/bin/gnu/h-x86_64-mingw32/bin/../lib/gcc/nios2-elf/5.3.0/../../../../../H-x86_64-mingw32/nios2-elf/lib\libc.a(lib_a-fclose.o)
 .comment       0x0000000000000023       0x24 d:/intelfpga/18.1/nios2eds/bin/gnu/h-x86_64-mingw32/bin/../lib/gcc/nios2-elf/5.3.0/../../../../../H-x86_64-mingw32/nios2-elf/lib\libc.a(lib_a-fstatr.o)
 .comment       0x0000000000000023       0x24 d:/intelfpga/18.1/nios2eds/bin/gnu/h-x86_64-mingw32/bin/../lib/gcc/nios2-elf/5.3.0/../../../../../H-x86_64-mingw32/nios2-elf/lib\libc.a(lib_a-isattyr.o)
 .comment       0x0000000000000023       0x24 d:/intelfpga/18.1/nios2eds/bin/gnu/h-x86_64-mingw32/bin/../lib/gcc/nios2-elf/5.3.0/../../../../../H-x86_64-mingw32/nios2-elf/lib\libc.a(lib_a-lseekr.o)
 .comment       0x0000000000000023       0x24 d:/intelfpga/18.1/nios2eds/bin/gnu/h-x86_64-mingw32/bin/../lib/gcc/nios2-elf/5.3.0/../../../../../H-x86_64-mingw32/nios2-elf/lib\libc.a(lib_a-readr.o)
 .comment       0x0000000000000023       0x24 ../volt_ctrl_bsp/\libhal_bsp.a(alt_exit.o)
 .comment       0x0000000000000023       0x24 ../volt_ctrl_bsp/\libhal_bsp.a(alt_fstat.o)
 .comment       0x0000000000000023       0x24 ../volt_ctrl_bsp/\libhal_bsp.a(alt_isatty.o)
 .comment       0x0000000000000023       0x24 ../volt_ctrl_bsp/\libhal_bsp.a(alt_lseek.o)
 .comment       0x0000000000000023       0x24 ../volt_ctrl_bsp/\libhal_bsp.a(alt_malloc_lock.o)
 .comment       0x0000000000000023       0x24 ../volt_ctrl_bsp/\libhal_bsp.a(alt_read.o)
 .comment       0x0000000000000023       0x24 ../volt_ctrl_bsp/\libhal_bsp.a(alt_sbrk.o)
 .comment       0x0000000000000023       0x24 ../volt_ctrl_bsp/\libhal_bsp.a(alt_write.o)

.debug
 *(.debug)

.line
 *(.line)

.debug_srcinfo
 *(.debug_srcinfo)

.debug_sfnames
 *(.debug_sfnames)

.debug_aranges  0x0000000000000000      0x9f8
 *(.debug_aranges)
 .debug_aranges
                0x0000000000000000       0x28 ../volt_ctrl_bsp//obj/HAL/src/crt0.o
 .debug_aranges
                0x0000000000000028       0x20 obj/default/src/spi.o
 .debug_aranges
                0x0000000000000048       0x20 ../volt_ctrl_bsp/\libhal_bsp.a(alt_load.o)
 .debug_aranges
                0x0000000000000068       0x20 ../volt_ctrl_bsp/\libhal_bsp.a(alt_main.o)
 .debug_aranges
                0x0000000000000088       0x20 ../volt_ctrl_bsp/\libhal_bsp.a(alt_printf.o)
 .debug_aranges
                0x00000000000000a8       0x20 ../volt_ctrl_bsp/\libhal_bsp.a(alt_putchar.o)
 .debug_aranges
                0x00000000000000c8       0x20 ../volt_ctrl_bsp/\libhal_bsp.a(alt_sys_init.o)
 .debug_aranges
                0x00000000000000e8       0x20 ../volt_ctrl_bsp/\libhal_bsp.a(altera_avalon_jtag_uart_fd.o)
 .debug_aranges
                0x0000000000000108       0x20 ../volt_ctrl_bsp/\libhal_bsp.a(altera_avalon_jtag_uart_init.o)
 .debug_aranges
                0x0000000000000128       0x20 ../volt_ctrl_bsp/\libhal_bsp.a(altera_avalon_jtag_uart_ioctl.o)
 .debug_aranges
                0x0000000000000148       0x20 ../volt_ctrl_bsp/\libhal_bsp.a(altera_avalon_jtag_uart_read.o)
 .debug_aranges
                0x0000000000000168       0x20 ../volt_ctrl_bsp/\libhal_bsp.a(altera_avalon_jtag_uart_write.o)
 .debug_aranges
                0x0000000000000188       0x20 ../volt_ctrl_bsp/\libhal_bsp.a(altera_avalon_spi.o)
 .debug_aranges
                0x00000000000001a8       0x20 ../volt_ctrl_bsp/\libhal_bsp.a(alt_alarm_start.o)
 .debug_aranges
                0x00000000000001c8       0x20 ../volt_ctrl_bsp/\libhal_bsp.a(alt_close.o)
 .debug_aranges
                0x00000000000001e8       0x20 ../volt_ctrl_bsp/\libhal_bsp.a(alt_dcache_flush_all.o)
 .debug_aranges
                0x0000000000000208       0x20 ../volt_ctrl_bsp/\libhal_bsp.a(alt_dev.o)
 .debug_aranges
                0x0000000000000228       0x20 ../volt_ctrl_bsp/\libhal_bsp.a(alt_dev_llist_insert.o)
 .debug_aranges
                0x0000000000000248       0x20 ../volt_ctrl_bsp/\libhal_bsp.a(alt_do_ctors.o)
 .debug_aranges
                0x0000000000000268       0x20 ../volt_ctrl_bsp/\libhal_bsp.a(alt_do_dtors.o)
 .debug_aranges
                0x0000000000000288       0x18 ../volt_ctrl_bsp/\libhal_bsp.a(alt_errno.o)
 .debug_aranges
                0x00000000000002a0       0x20 ../volt_ctrl_bsp/\libhal_bsp.a(alt_icache_flush_all.o)
 .debug_aranges
                0x00000000000002c0       0x20 ../volt_ctrl_bsp/\libhal_bsp.a(alt_iic.o)
 .debug_aranges
                0x00000000000002e0       0x20 ../volt_ctrl_bsp/\libhal_bsp.a(alt_iic_isr_register.o)
 .debug_aranges
                0x0000000000000300       0x20 ../volt_ctrl_bsp/\libhal_bsp.a(alt_io_redirect.o)
 .debug_aranges
                0x0000000000000320       0x30 ../volt_ctrl_bsp/\libhal_bsp.a(alt_irq_entry.o)
 .debug_aranges
                0x0000000000000350       0x20 ../volt_ctrl_bsp/\libhal_bsp.a(alt_irq_handler.o)
 .debug_aranges
                0x0000000000000370       0x18 ../volt_ctrl_bsp/\libhal_bsp.a(alt_irq_vars.o)
 .debug_aranges
                0x0000000000000388       0x20 ../volt_ctrl_bsp/\libhal_bsp.a(alt_open.o)
 .debug_aranges
                0x00000000000003a8       0x20 ../volt_ctrl_bsp/\libhal_bsp.a(alt_release_fd.o)
 .debug_aranges
                0x00000000000003c8       0x20 ../volt_ctrl_bsp/\libhal_bsp.a(alt_tick.o)
 .debug_aranges
                0x00000000000003e8       0x20 ../volt_ctrl_bsp/\libhal_bsp.a(altera_nios2_gen2_irq.o)
 .debug_aranges
                0x0000000000000408       0x38 ../volt_ctrl_bsp/\libhal_bsp.a(alt_exception_entry.o)
 .debug_aranges
                0x0000000000000440       0x20 ../volt_ctrl_bsp/\libhal_bsp.a(alt_find_dev.o)
 .debug_aranges
                0x0000000000000460       0x20 ../volt_ctrl_bsp/\libhal_bsp.a(alt_find_file.o)
 .debug_aranges
                0x0000000000000480       0x20 ../volt_ctrl_bsp/\libhal_bsp.a(alt_get_fd.o)
 .debug_aranges
                0x00000000000004a0       0x20 ../volt_ctrl_bsp/\libhal_bsp.a(alt_icache_flush.o)
 .debug_aranges
                0x00000000000004c0       0x28 ../volt_ctrl_bsp/\libhal_bsp.a(alt_instruction_exception_entry.o)
 .debug_aranges
                0x00000000000004e8       0x20 d:/intelfpga/18.1/nios2eds/bin/gnu/h-x86_64-mingw32/bin/../lib/gcc/nios2-elf/5.3.0/../../../../../H-x86_64-mingw32/nios2-elf/lib\libc.a(lib_a-atexit.o)
 .debug_aranges
                0x0000000000000508       0x20 d:/intelfpga/18.1/nios2eds/bin/gnu/h-x86_64-mingw32/bin/../lib/gcc/nios2-elf/5.3.0/../../../../../H-x86_64-mingw32/nios2-elf/lib\libc.a(lib_a-exit.o)
 .debug_aranges
                0x0000000000000528       0x18 d:/intelfpga/18.1/nios2eds/bin/gnu/h-x86_64-mingw32/bin/../lib/gcc/nios2-elf/5.3.0/../../../../../H-x86_64-mingw32/nios2-elf/lib\libc.a(lib_a-impure.o)
 .debug_aranges
                0x0000000000000540       0x18 d:/intelfpga/18.1/nios2eds/bin/gnu/h-x86_64-mingw32/bin/../lib/gcc/nios2-elf/5.3.0/../../../../../H-x86_64-mingw32/nios2-elf/lib\libc.a(lib_a-int_errno.o)
 .debug_aranges
                0x0000000000000558       0x20 d:/intelfpga/18.1/nios2eds/bin/gnu/h-x86_64-mingw32/bin/../lib/gcc/nios2-elf/5.3.0/../../../../../H-x86_64-mingw32/nios2-elf/lib\libc.a(lib_a-memcmp.o)
 .debug_aranges
                0x0000000000000578       0x20 d:/intelfpga/18.1/nios2eds/bin/gnu/h-x86_64-mingw32/bin/../lib/gcc/nios2-elf/5.3.0/../../../../../H-x86_64-mingw32/nios2-elf/lib\libc.a(lib_a-memcpy.o)
 .debug_aranges
                0x0000000000000598       0x28 d:/intelfpga/18.1/nios2eds/bin/gnu/h-x86_64-mingw32/bin/../lib/gcc/nios2-elf/5.3.0/../../../../../H-x86_64-mingw32/nios2-elf/lib\libc.a(lib_a-putc.o)
 .debug_aranges
                0x00000000000005c0       0x20 d:/intelfpga/18.1/nios2eds/bin/gnu/h-x86_64-mingw32/bin/../lib/gcc/nios2-elf/5.3.0/../../../../../H-x86_64-mingw32/nios2-elf/lib\libc.a(lib_a-strlen.o)
 .debug_aranges
                0x00000000000005e0       0x28 d:/intelfpga/18.1/nios2eds/bin/gnu/h-x86_64-mingw32/bin/../lib/gcc/nios2-elf/5.3.0/../../../../../H-x86_64-mingw32/nios2-elf/lib\libc.a(lib_a-wbuf.o)
 .debug_aranges
                0x0000000000000608       0x20 d:/intelfpga/18.1/nios2eds/bin/gnu/h-x86_64-mingw32/bin/../lib/gcc/nios2-elf/5.3.0/../../../../../H-x86_64-mingw32/nios2-elf/lib\libc.a(lib_a-wsetup.o)
 .debug_aranges
                0x0000000000000628       0x20 d:/intelfpga/18.1/nios2eds/bin/gnu/h-x86_64-mingw32/bin/../lib/gcc/nios2-elf/5.3.0/../../../../../H-x86_64-mingw32/nios2-elf/lib\libc.a(lib_a-__atexit.o)
 .debug_aranges
                0x0000000000000648       0x20 d:/intelfpga/18.1/nios2eds/bin/gnu/h-x86_64-mingw32/bin/../lib/gcc/nios2-elf/5.3.0/../../../../../H-x86_64-mingw32/nios2-elf/lib\libc.a(lib_a-__call_atexit.o)
 .debug_aranges
                0x0000000000000668       0x30 d:/intelfpga/18.1/nios2eds/bin/gnu/h-x86_64-mingw32/bin/../lib/gcc/nios2-elf/5.3.0/../../../../../H-x86_64-mingw32/nios2-elf/lib\libc.a(lib_a-fflush.o)
 .debug_aranges
                0x0000000000000698       0x68 d:/intelfpga/18.1/nios2eds/bin/gnu/h-x86_64-mingw32/bin/../lib/gcc/nios2-elf/5.3.0/../../../../../H-x86_64-mingw32/nios2-elf/lib\libc.a(lib_a-findfp.o)
 .debug_aranges
                0x0000000000000700       0x28 d:/intelfpga/18.1/nios2eds/bin/gnu/h-x86_64-mingw32/bin/../lib/gcc/nios2-elf/5.3.0/../../../../../H-x86_64-mingw32/nios2-elf/lib\libc.a(lib_a-freer.o)
 .debug_aranges
                0x0000000000000728       0x28 d:/intelfpga/18.1/nios2eds/bin/gnu/h-x86_64-mingw32/bin/../lib/gcc/nios2-elf/5.3.0/../../../../../H-x86_64-mingw32/nios2-elf/lib\libc.a(lib_a-fwalk.o)
 .debug_aranges
                0x0000000000000750       0x20 d:/intelfpga/18.1/nios2eds/bin/gnu/h-x86_64-mingw32/bin/../lib/gcc/nios2-elf/5.3.0/../../../../../H-x86_64-mingw32/nios2-elf/lib\libc.a(lib_a-makebuf.o)
 .debug_aranges
                0x0000000000000770       0x20 d:/intelfpga/18.1/nios2eds/bin/gnu/h-x86_64-mingw32/bin/../lib/gcc/nios2-elf/5.3.0/../../../../../H-x86_64-mingw32/nios2-elf/lib\libc.a(lib_a-mallocr.o)
 .debug_aranges
                0x0000000000000790       0x20 d:/intelfpga/18.1/nios2eds/bin/gnu/h-x86_64-mingw32/bin/../lib/gcc/nios2-elf/5.3.0/../../../../../H-x86_64-mingw32/nios2-elf/lib\libc.a(lib_a-memset.o)
 .debug_aranges
                0x00000000000007b0       0x20 d:/intelfpga/18.1/nios2eds/bin/gnu/h-x86_64-mingw32/bin/../lib/gcc/nios2-elf/5.3.0/../../../../../H-x86_64-mingw32/nios2-elf/lib\libc.a(lib_a-sbrkr.o)
 .debug_aranges
                0x00000000000007d0       0x40 d:/intelfpga/18.1/nios2eds/bin/gnu/h-x86_64-mingw32/bin/../lib/gcc/nios2-elf/5.3.0/../../../../../H-x86_64-mingw32/nios2-elf/lib\libc.a(lib_a-stdio.o)
 .debug_aranges
                0x0000000000000810       0x20 d:/intelfpga/18.1/nios2eds/bin/gnu/h-x86_64-mingw32/bin/../lib/gcc/nios2-elf/5.3.0/../../../../../H-x86_64-mingw32/nios2-elf/lib\libc.a(lib_a-writer.o)
 .debug_aranges
                0x0000000000000830       0x20 d:/intelfpga/18.1/nios2eds/bin/gnu/h-x86_64-mingw32/bin/../lib/gcc/nios2-elf/5.3.0/../../../../../H-x86_64-mingw32/nios2-elf/lib\libc.a(closer.o)
 .debug_aranges
                0x0000000000000850       0x28 d:/intelfpga/18.1/nios2eds/bin/gnu/h-x86_64-mingw32/bin/../lib/gcc/nios2-elf/5.3.0/../../../../../H-x86_64-mingw32/nios2-elf/lib\libc.a(lib_a-fclose.o)
 .debug_aranges
                0x0000000000000878       0x20 d:/intelfpga/18.1/nios2eds/bin/gnu/h-x86_64-mingw32/bin/../lib/gcc/nios2-elf/5.3.0/../../../../../H-x86_64-mingw32/nios2-elf/lib\libc.a(lib_a-fstatr.o)
 .debug_aranges
                0x0000000000000898       0x20 d:/intelfpga/18.1/nios2eds/bin/gnu/h-x86_64-mingw32/bin/../lib/gcc/nios2-elf/5.3.0/../../../../../H-x86_64-mingw32/nios2-elf/lib\libc.a(lib_a-isattyr.o)
 .debug_aranges
                0x00000000000008b8       0x20 d:/intelfpga/18.1/nios2eds/bin/gnu/h-x86_64-mingw32/bin/../lib/gcc/nios2-elf/5.3.0/../../../../../H-x86_64-mingw32/nios2-elf/lib\libc.a(lib_a-lseekr.o)
 .debug_aranges
                0x00000000000008d8       0x20 d:/intelfpga/18.1/nios2eds/bin/gnu/h-x86_64-mingw32/bin/../lib/gcc/nios2-elf/5.3.0/../../../../../H-x86_64-mingw32/nios2-elf/lib\libc.a(lib_a-readr.o)
 .debug_aranges
                0x00000000000008f8       0x20 ../volt_ctrl_bsp/\libhal_bsp.a(alt_exit.o)
 .debug_aranges
                0x0000000000000918       0x20 ../volt_ctrl_bsp/\libhal_bsp.a(alt_fstat.o)
 .debug_aranges
                0x0000000000000938       0x20 ../volt_ctrl_bsp/\libhal_bsp.a(alt_isatty.o)
 .debug_aranges
                0x0000000000000958       0x20 ../volt_ctrl_bsp/\libhal_bsp.a(alt_lseek.o)
 .debug_aranges
                0x0000000000000978       0x20 ../volt_ctrl_bsp/\libhal_bsp.a(alt_malloc_lock.o)
 .debug_aranges
                0x0000000000000998       0x20 ../volt_ctrl_bsp/\libhal_bsp.a(alt_read.o)
 .debug_aranges
                0x00000000000009b8       0x20 ../volt_ctrl_bsp/\libhal_bsp.a(alt_sbrk.o)
 .debug_aranges
                0x00000000000009d8       0x20 ../volt_ctrl_bsp/\libhal_bsp.a(alt_write.o)

.debug_pubnames
 *(.debug_pubnames)

.debug_info     0x0000000000000000    0x15a3e
 *(.debug_info .gnu.linkonce.wi.*)
 .debug_info    0x0000000000000000       0x7e ../volt_ctrl_bsp//obj/HAL/src/crt0.o
 .debug_info    0x000000000000007e       0xe7 obj/default/src/spi.o
 .debug_info    0x0000000000000165      0x145 ../volt_ctrl_bsp/\libhal_bsp.a(alt_load.o)
 .debug_info    0x00000000000002aa      0x131 ../volt_ctrl_bsp/\libhal_bsp.a(alt_main.o)
 .debug_info    0x00000000000003db      0x119 ../volt_ctrl_bsp/\libhal_bsp.a(alt_printf.o)
 .debug_info    0x00000000000004f4      0x8a6 ../volt_ctrl_bsp/\libhal_bsp.a(alt_putchar.o)
 .debug_info    0x0000000000000d9a      0x4c3 ../volt_ctrl_bsp/\libhal_bsp.a(alt_sys_init.o)
 .debug_info    0x000000000000125d      0x52e ../volt_ctrl_bsp/\libhal_bsp.a(altera_avalon_jtag_uart_fd.o)
 .debug_info    0x000000000000178b      0x3a0 ../volt_ctrl_bsp/\libhal_bsp.a(altera_avalon_jtag_uart_init.o)
 .debug_info    0x0000000000001b2b      0x280 ../volt_ctrl_bsp/\libhal_bsp.a(altera_avalon_jtag_uart_ioctl.o)
 .debug_info    0x0000000000001dab      0x345 ../volt_ctrl_bsp/\libhal_bsp.a(altera_avalon_jtag_uart_read.o)
 .debug_info    0x00000000000020f0      0x340 ../volt_ctrl_bsp/\libhal_bsp.a(altera_avalon_jtag_uart_write.o)
 .debug_info    0x0000000000002430      0x18d ../volt_ctrl_bsp/\libhal_bsp.a(altera_avalon_spi.o)
 .debug_info    0x00000000000025bd      0x2cc ../volt_ctrl_bsp/\libhal_bsp.a(alt_alarm_start.o)
 .debug_info    0x0000000000002889      0x321 ../volt_ctrl_bsp/\libhal_bsp.a(alt_close.o)
 .debug_info    0x0000000000002baa       0xa5 ../volt_ctrl_bsp/\libhal_bsp.a(alt_dcache_flush_all.o)
 .debug_info    0x0000000000002c4f      0x49c ../volt_ctrl_bsp/\libhal_bsp.a(alt_dev.o)
 .debug_info    0x00000000000030eb      0x1a9 ../volt_ctrl_bsp/\libhal_bsp.a(alt_dev_llist_insert.o)
 .debug_info    0x0000000000003294       0x83 ../volt_ctrl_bsp/\libhal_bsp.a(alt_do_ctors.o)
 .debug_info    0x0000000000003317       0x83 ../volt_ctrl_bsp/\libhal_bsp.a(alt_do_dtors.o)
 .debug_info    0x000000000000339a       0xa6 ../volt_ctrl_bsp/\libhal_bsp.a(alt_errno.o)
 .debug_info    0x0000000000003440       0x92 ../volt_ctrl_bsp/\libhal_bsp.a(alt_icache_flush_all.o)
 .debug_info    0x00000000000034d2      0x350 ../volt_ctrl_bsp/\libhal_bsp.a(alt_iic.o)
 .debug_info    0x0000000000003822      0x1ef ../volt_ctrl_bsp/\libhal_bsp.a(alt_iic_isr_register.o)
 .debug_info    0x0000000000003a11      0x4a5 ../volt_ctrl_bsp/\libhal_bsp.a(alt_io_redirect.o)
 .debug_info    0x0000000000003eb6       0x87 ../volt_ctrl_bsp/\libhal_bsp.a(alt_irq_entry.o)
 .debug_info    0x0000000000003f3d      0x187 ../volt_ctrl_bsp/\libhal_bsp.a(alt_irq_handler.o)
 .debug_info    0x00000000000040c4       0x88 ../volt_ctrl_bsp/\libhal_bsp.a(alt_irq_vars.o)
 .debug_info    0x000000000000414c      0x3bb ../volt_ctrl_bsp/\libhal_bsp.a(alt_open.o)
 .debug_info    0x0000000000004507      0x2b0 ../volt_ctrl_bsp/\libhal_bsp.a(alt_release_fd.o)
 .debug_info    0x00000000000047b7      0x299 ../volt_ctrl_bsp/\libhal_bsp.a(alt_tick.o)
 .debug_info    0x0000000000004a50       0x92 ../volt_ctrl_bsp/\libhal_bsp.a(altera_nios2_gen2_irq.o)
 .debug_info    0x0000000000004ae2       0x8d ../volt_ctrl_bsp/\libhal_bsp.a(alt_exception_entry.o)
 .debug_info    0x0000000000004b6f      0x2e9 ../volt_ctrl_bsp/\libhal_bsp.a(alt_find_dev.o)
 .debug_info    0x0000000000004e58      0x2e6 ../volt_ctrl_bsp/\libhal_bsp.a(alt_find_file.o)
 .debug_info    0x000000000000513e      0x310 ../volt_ctrl_bsp/\libhal_bsp.a(alt_get_fd.o)
 .debug_info    0x000000000000544e       0xdc ../volt_ctrl_bsp/\libhal_bsp.a(alt_icache_flush.o)
 .debug_info    0x000000000000552a      0x1e7 ../volt_ctrl_bsp/\libhal_bsp.a(alt_instruction_exception_entry.o)
 .debug_info    0x0000000000005711       0xfe d:/intelfpga/18.1/nios2eds/bin/gnu/h-x86_64-mingw32/bin/../lib/gcc/nios2-elf/5.3.0/../../../../../H-x86_64-mingw32/nios2-elf/lib\libc.a(lib_a-atexit.o)
 .debug_info    0x000000000000580f      0x8e4 d:/intelfpga/18.1/nios2eds/bin/gnu/h-x86_64-mingw32/bin/../lib/gcc/nios2-elf/5.3.0/../../../../../H-x86_64-mingw32/nios2-elf/lib\libc.a(lib_a-exit.o)
 .debug_info    0x00000000000060f3      0x8a1 d:/intelfpga/18.1/nios2eds/bin/gnu/h-x86_64-mingw32/bin/../lib/gcc/nios2-elf/5.3.0/../../../../../H-x86_64-mingw32/nios2-elf/lib\libc.a(lib_a-impure.o)
 .debug_info    0x0000000000006994       0x8a d:/intelfpga/18.1/nios2eds/bin/gnu/h-x86_64-mingw32/bin/../lib/gcc/nios2-elf/5.3.0/../../../../../H-x86_64-mingw32/nios2-elf/lib\libc.a(lib_a-int_errno.o)
 .debug_info    0x0000000000006a1e      0x11a d:/intelfpga/18.1/nios2eds/bin/gnu/h-x86_64-mingw32/bin/../lib/gcc/nios2-elf/5.3.0/../../../../../H-x86_64-mingw32/nios2-elf/lib\libc.a(lib_a-memcmp.o)
 .debug_info    0x0000000000006b38      0x144 d:/intelfpga/18.1/nios2eds/bin/gnu/h-x86_64-mingw32/bin/../lib/gcc/nios2-elf/5.3.0/../../../../../H-x86_64-mingw32/nios2-elf/lib\libc.a(lib_a-memcpy.o)
 .debug_info    0x0000000000006c7c      0x9b4 d:/intelfpga/18.1/nios2eds/bin/gnu/h-x86_64-mingw32/bin/../lib/gcc/nios2-elf/5.3.0/../../../../../H-x86_64-mingw32/nios2-elf/lib\libc.a(lib_a-putc.o)
 .debug_info    0x0000000000007630       0xe2 d:/intelfpga/18.1/nios2eds/bin/gnu/h-x86_64-mingw32/bin/../lib/gcc/nios2-elf/5.3.0/../../../../../H-x86_64-mingw32/nios2-elf/lib\libc.a(lib_a-strlen.o)
 .debug_info    0x0000000000007712      0x9be d:/intelfpga/18.1/nios2eds/bin/gnu/h-x86_64-mingw32/bin/../lib/gcc/nios2-elf/5.3.0/../../../../../H-x86_64-mingw32/nios2-elf/lib\libc.a(lib_a-wbuf.o)
 .debug_info    0x00000000000080d0      0x936 d:/intelfpga/18.1/nios2eds/bin/gnu/h-x86_64-mingw32/bin/../lib/gcc/nios2-elf/5.3.0/../../../../../H-x86_64-mingw32/nios2-elf/lib\libc.a(lib_a-wsetup.o)
 .debug_info    0x0000000000008a06      0x934 d:/intelfpga/18.1/nios2eds/bin/gnu/h-x86_64-mingw32/bin/../lib/gcc/nios2-elf/5.3.0/../../../../../H-x86_64-mingw32/nios2-elf/lib\libc.a(lib_a-__atexit.o)
 .debug_info    0x000000000000933a      0x965 d:/intelfpga/18.1/nios2eds/bin/gnu/h-x86_64-mingw32/bin/../lib/gcc/nios2-elf/5.3.0/../../../../../H-x86_64-mingw32/nios2-elf/lib\libc.a(lib_a-__call_atexit.o)
 .debug_info    0x0000000000009c9f      0xa93 d:/intelfpga/18.1/nios2eds/bin/gnu/h-x86_64-mingw32/bin/../lib/gcc/nios2-elf/5.3.0/../../../../../H-x86_64-mingw32/nios2-elf/lib\libc.a(lib_a-fflush.o)
 .debug_info    0x000000000000a732      0xd37 d:/intelfpga/18.1/nios2eds/bin/gnu/h-x86_64-mingw32/bin/../lib/gcc/nios2-elf/5.3.0/../../../../../H-x86_64-mingw32/nios2-elf/lib\libc.a(lib_a-findfp.o)
 .debug_info    0x000000000000b469      0xbf7 d:/intelfpga/18.1/nios2eds/bin/gnu/h-x86_64-mingw32/bin/../lib/gcc/nios2-elf/5.3.0/../../../../../H-x86_64-mingw32/nios2-elf/lib\libc.a(lib_a-freer.o)
 .debug_info    0x000000000000c060      0x9b0 d:/intelfpga/18.1/nios2eds/bin/gnu/h-x86_64-mingw32/bin/../lib/gcc/nios2-elf/5.3.0/../../../../../H-x86_64-mingw32/nios2-elf/lib\libc.a(lib_a-fwalk.o)
 .debug_info    0x000000000000ca10      0xad8 d:/intelfpga/18.1/nios2eds/bin/gnu/h-x86_64-mingw32/bin/../lib/gcc/nios2-elf/5.3.0/../../../../../H-x86_64-mingw32/nios2-elf/lib\libc.a(lib_a-makebuf.o)
 .debug_info    0x000000000000d4e8      0xd57 d:/intelfpga/18.1/nios2eds/bin/gnu/h-x86_64-mingw32/bin/../lib/gcc/nios2-elf/5.3.0/../../../../../H-x86_64-mingw32/nios2-elf/lib\libc.a(lib_a-mallocr.o)
 .debug_info    0x000000000000e23f      0x121 d:/intelfpga/18.1/nios2eds/bin/gnu/h-x86_64-mingw32/bin/../lib/gcc/nios2-elf/5.3.0/../../../../../H-x86_64-mingw32/nios2-elf/lib\libc.a(lib_a-memset.o)
 .debug_info    0x000000000000e360      0x900 d:/intelfpga/18.1/nios2eds/bin/gnu/h-x86_64-mingw32/bin/../lib/gcc/nios2-elf/5.3.0/../../../../../H-x86_64-mingw32/nios2-elf/lib\libc.a(lib_a-sbrkr.o)
 .debug_info    0x000000000000ec60      0xb32 d:/intelfpga/18.1/nios2eds/bin/gnu/h-x86_64-mingw32/bin/../lib/gcc/nios2-elf/5.3.0/../../../../../H-x86_64-mingw32/nios2-elf/lib\libc.a(lib_a-stdio.o)
 .debug_info    0x000000000000f792      0x928 d:/intelfpga/18.1/nios2eds/bin/gnu/h-x86_64-mingw32/bin/../lib/gcc/nios2-elf/5.3.0/../../../../../H-x86_64-mingw32/nios2-elf/lib\libc.a(lib_a-writer.o)
 .debug_info    0x00000000000100ba      0x8df d:/intelfpga/18.1/nios2eds/bin/gnu/h-x86_64-mingw32/bin/../lib/gcc/nios2-elf/5.3.0/../../../../../H-x86_64-mingw32/nios2-elf/lib\libc.a(closer.o)
 .debug_info    0x0000000000010999      0xa23 d:/intelfpga/18.1/nios2eds/bin/gnu/h-x86_64-mingw32/bin/../lib/gcc/nios2-elf/5.3.0/../../../../../H-x86_64-mingw32/nios2-elf/lib\libc.a(lib_a-fclose.o)
 .debug_info    0x00000000000113bc      0xa5d d:/intelfpga/18.1/nios2eds/bin/gnu/h-x86_64-mingw32/bin/../lib/gcc/nios2-elf/5.3.0/../../../../../H-x86_64-mingw32/nios2-elf/lib\libc.a(lib_a-fstatr.o)
 .debug_info    0x0000000000011e19      0x8df d:/intelfpga/18.1/nios2eds/bin/gnu/h-x86_64-mingw32/bin/../lib/gcc/nios2-elf/5.3.0/../../../../../H-x86_64-mingw32/nios2-elf/lib\libc.a(lib_a-isattyr.o)
 .debug_info    0x00000000000126f8      0x90b d:/intelfpga/18.1/nios2eds/bin/gnu/h-x86_64-mingw32/bin/../lib/gcc/nios2-elf/5.3.0/../../../../../H-x86_64-mingw32/nios2-elf/lib\libc.a(lib_a-lseekr.o)
 .debug_info    0x0000000000013003      0x921 d:/intelfpga/18.1/nios2eds/bin/gnu/h-x86_64-mingw32/bin/../lib/gcc/nios2-elf/5.3.0/../../../../../H-x86_64-mingw32/nios2-elf/lib\libc.a(lib_a-readr.o)
 .debug_info    0x0000000000013924       0xec ../volt_ctrl_bsp/\libhal_bsp.a(alt_exit.o)
 .debug_info    0x0000000000013a10      0x488 ../volt_ctrl_bsp/\libhal_bsp.a(alt_fstat.o)
 .debug_info    0x0000000000013e98      0x48b ../volt_ctrl_bsp/\libhal_bsp.a(alt_isatty.o)
 .debug_info    0x0000000000014323      0x352 ../volt_ctrl_bsp/\libhal_bsp.a(alt_lseek.o)
 .debug_info    0x0000000000014675      0x8b6 ../volt_ctrl_bsp/\libhal_bsp.a(alt_malloc_lock.o)
 .debug_info    0x0000000000014f2b      0x4b0 ../volt_ctrl_bsp/\libhal_bsp.a(alt_read.o)
 .debug_info    0x00000000000153db      0x1ac ../volt_ctrl_bsp/\libhal_bsp.a(alt_sbrk.o)
 .debug_info    0x0000000000015587      0x4b7 ../volt_ctrl_bsp/\libhal_bsp.a(alt_write.o)

.debug_abbrev   0x0000000000000000     0x5dab
 *(.debug_abbrev)
 .debug_abbrev  0x0000000000000000       0x12 ../volt_ctrl_bsp//obj/HAL/src/crt0.o
 .debug_abbrev  0x0000000000000012       0x7d obj/default/src/spi.o
 .debug_abbrev  0x000000000000008f       0x9f ../volt_ctrl_bsp/\libhal_bsp.a(alt_load.o)
 .debug_abbrev  0x000000000000012e       0xba ../volt_ctrl_bsp/\libhal_bsp.a(alt_main.o)
 .debug_abbrev  0x00000000000001e8       0xb0 ../volt_ctrl_bsp/\libhal_bsp.a(alt_printf.o)
 .debug_abbrev  0x0000000000000298      0x1af ../volt_ctrl_bsp/\libhal_bsp.a(alt_putchar.o)